Archive member included to satisfy reference by file (symbol)

d:/program1/stm32cube/stm32cubeide_1.7.0/stm32cubeide/plugins/com.st.stm32cube.ide.mcu.externaltools.gnu-tools-for-stm32.10.3-2021.10.win32_1.0.0.202111181127/tools/bin/../lib/gcc/arm-none-eabi/10.3.1/../../../../arm-none-eabi/lib/thumb/v7-m/nofp\libc_nano.a(lib_a-errno.o)
                              ./Core/Src/syscalls.o (__errno)
d:/program1/stm32cube/stm32cubeide_1.7.0/stm32cubeide/plugins/com.st.stm32cube.ide.mcu.externaltools.gnu-tools-for-stm32.10.3-2021.10.win32_1.0.0.202111181127/tools/bin/../lib/gcc/arm-none-eabi/10.3.1/../../../../arm-none-eabi/lib/thumb/v7-m/nofp\libc_nano.a(lib_a-exit.o)
                              d:/program1/stm32cube/stm32cubeide_1.7.0/stm32cubeide/plugins/com.st.stm32cube.ide.mcu.externaltools.gnu-tools-for-stm32.10.3-2021.10.win32_1.0.0.202111181127/tools/bin/../lib/gcc/arm-none-eabi/10.3.1/../../../../arm-none-eabi/lib/thumb/v7-m/nofp/crt0.o (exit)
d:/program1/stm32cube/stm32cubeide_1.7.0/stm32cubeide/plugins/com.st.stm32cube.ide.mcu.externaltools.gnu-tools-for-stm32.10.3-2021.10.win32_1.0.0.202111181127/tools/bin/../lib/gcc/arm-none-eabi/10.3.1/../../../../arm-none-eabi/lib/thumb/v7-m/nofp\libc_nano.a(lib_a-impure.o)
                              d:/program1/stm32cube/stm32cubeide_1.7.0/stm32cubeide/plugins/com.st.stm32cube.ide.mcu.externaltools.gnu-tools-for-stm32.10.3-2021.10.win32_1.0.0.202111181127/tools/bin/../lib/gcc/arm-none-eabi/10.3.1/../../../../arm-none-eabi/lib/thumb/v7-m/nofp\libc_nano.a(lib_a-exit.o) (_global_impure_ptr)
d:/program1/stm32cube/stm32cubeide_1.7.0/stm32cubeide/plugins/com.st.stm32cube.ide.mcu.externaltools.gnu-tools-for-stm32.10.3-2021.10.win32_1.0.0.202111181127/tools/bin/../lib/gcc/arm-none-eabi/10.3.1/../../../../arm-none-eabi/lib/thumb/v7-m/nofp\libc_nano.a(lib_a-init.o)
                              d:/program1/stm32cube/stm32cubeide_1.7.0/stm32cubeide/plugins/com.st.stm32cube.ide.mcu.externaltools.gnu-tools-for-stm32.10.3-2021.10.win32_1.0.0.202111181127/tools/bin/../lib/gcc/arm-none-eabi/10.3.1/../../../../arm-none-eabi/lib/thumb/v7-m/nofp/crt0.o (__libc_init_array)
d:/program1/stm32cube/stm32cubeide_1.7.0/stm32cubeide/plugins/com.st.stm32cube.ide.mcu.externaltools.gnu-tools-for-stm32.10.3-2021.10.win32_1.0.0.202111181127/tools/bin/../lib/gcc/arm-none-eabi/10.3.1/../../../../arm-none-eabi/lib/thumb/v7-m/nofp\libc_nano.a(lib_a-memset.o)
                              d:/program1/stm32cube/stm32cubeide_1.7.0/stm32cubeide/plugins/com.st.stm32cube.ide.mcu.externaltools.gnu-tools-for-stm32.10.3-2021.10.win32_1.0.0.202111181127/tools/bin/../lib/gcc/arm-none-eabi/10.3.1/../../../../arm-none-eabi/lib/thumb/v7-m/nofp/crt0.o (memset)
d:/program1/stm32cube/stm32cubeide_1.7.0/stm32cubeide/plugins/com.st.stm32cube.ide.mcu.externaltools.gnu-tools-for-stm32.10.3-2021.10.win32_1.0.0.202111181127/tools/bin/../lib/gcc/arm-none-eabi/10.3.1/../../../../arm-none-eabi/lib/thumb/v7-m/nofp\libc_nano.a(lib_a-printf.o)
                              ./BSP/bsp.o (printf)
d:/program1/stm32cube/stm32cubeide_1.7.0/stm32cubeide/plugins/com.st.stm32cube.ide.mcu.externaltools.gnu-tools-for-stm32.10.3-2021.10.win32_1.0.0.202111181127/tools/bin/../lib/gcc/arm-none-eabi/10.3.1/../../../../arm-none-eabi/lib/thumb/v7-m/nofp\libc_nano.a(lib_a-puts.o)
                              ./BSP/bsp_sbus.o (puts)
d:/program1/stm32cube/stm32cubeide_1.7.0/stm32cubeide/plugins/com.st.stm32cube.ide.mcu.externaltools.gnu-tools-for-stm32.10.3-2021.10.win32_1.0.0.202111181127/tools/bin/../lib/gcc/arm-none-eabi/10.3.1/../../../../arm-none-eabi/lib/thumb/v7-m/nofp\libc_nano.a(lib_a-wbuf.o)
                              d:/program1/stm32cube/stm32cubeide_1.7.0/stm32cubeide/plugins/com.st.stm32cube.ide.mcu.externaltools.gnu-tools-for-stm32.10.3-2021.10.win32_1.0.0.202111181127/tools/bin/../lib/gcc/arm-none-eabi/10.3.1/../../../../arm-none-eabi/lib/thumb/v7-m/nofp\libc_nano.a(lib_a-puts.o) (__swbuf_r)
d:/program1/stm32cube/stm32cubeide_1.7.0/stm32cubeide/plugins/com.st.stm32cube.ide.mcu.externaltools.gnu-tools-for-stm32.10.3-2021.10.win32_1.0.0.202111181127/tools/bin/../lib/gcc/arm-none-eabi/10.3.1/../../../../arm-none-eabi/lib/thumb/v7-m/nofp\libc_nano.a(lib_a-wsetup.o)
                              d:/program1/stm32cube/stm32cubeide_1.7.0/stm32cubeide/plugins/com.st.stm32cube.ide.mcu.externaltools.gnu-tools-for-stm32.10.3-2021.10.win32_1.0.0.202111181127/tools/bin/../lib/gcc/arm-none-eabi/10.3.1/../../../../arm-none-eabi/lib/thumb/v7-m/nofp\libc_nano.a(lib_a-puts.o) (__swsetup_r)
d:/program1/stm32cube/stm32cubeide_1.7.0/stm32cubeide/plugins/com.st.stm32cube.ide.mcu.externaltools.gnu-tools-for-stm32.10.3-2021.10.win32_1.0.0.202111181127/tools/bin/../lib/gcc/arm-none-eabi/10.3.1/../../../../arm-none-eabi/lib/thumb/v7-m/nofp\libc_nano.a(lib_a-fflush.o)
[...]
Memory Configuration

Name             Origin             Length             Attributes
RAM              0x0000000020000000 0x000000000000c000 xrw
FLASH            0x0000000008000000 0x0000000000040000 xr
*default*        0x0000000000000000 0xffffffffffffffff

Linker script and memory map

LOAD d:/program1/stm32cube/stm32cubeide_1.7.0/stm32cubeide/plugins/com.st.stm32cube.ide.mcu.externaltools.gnu-tools-for-stm32.10.3-2021.10.win32_1.0.0.202111181127/tools/bin/../lib/gcc/arm-none-eabi/10.3.1/thumb/v7-m/nofp/crti.o
LOAD d:/program1/stm32cube/stm32cubeide_1.7.0/stm32cubeide/plugins/com.st.stm32cube.ide.mcu.externaltools.gnu-tools-for-stm32.10.3-2021.10.win32_1.0.0.202111181127/tools/bin/../lib/gcc/arm-none-eabi/10.3.1/thumb/v7-m/nofp/crtbegin.o
LOAD d:/program1/stm32cube/stm32cubeide_1.7.0/stm32cubeide/plugins/com.st.stm32cube.ide.mcu.externaltools.gnu-tools-for-stm32.10.3-2021.10.win32_1.0.0.202111181127/tools/bin/../lib/gcc/arm-none-eabi/10.3.1/../../../../arm-none-eabi/lib/thumb/v7-m/nofp/crt0.o
LOAD ./BSP/bsp.o
LOAD ./BSP/bsp_beep.o
LOAD ./BSP/bsp_key.o
LOAD ./BSP/bsp_sbus.o
LOAD ./BSP/bsp_uart.o
LOAD ./Core/Src/dma.o
LOAD ./Core/Src/gpio.o
LOAD ./Core/Src/main.o
LOAD ./Core/Src/stm32f1xx_hal_msp.o
LOAD ./Core/Src/stm32f1xx_it.o
LOAD ./Core/Src/syscalls.o
LOAD ./Core/Src/sysmem.o
LOAD ./Core/Src/system_stm32f1xx.o
LOAD ./Core/Src/usart.o
LOAD ./Core/Startup/startup_stm32f103rctx.o
LOAD ./Drivers/STM32F1xx_HAL_Driver/Src/stm32f1xx_hal.o
LOAD ./Drivers/STM32F1xx_HAL_Driver/Src/stm32f1xx_hal_cortex.o
LOAD ./Drivers/STM32F1xx_HAL_Driver/Src/stm32f1xx_hal_dma.o
LOAD ./Drivers/STM32F1xx_HAL_Driver/Src/stm32f1xx_hal_exti.o
LOAD ./Drivers/STM32F1xx_HAL_Driver/Src/stm32f1xx_hal_flash.o
LOAD ./Drivers/STM32F1xx_HAL_Driver/Src/stm32f1xx_hal_flash_ex.o
LOAD ./Drivers/STM32F1xx_HAL_Driver/Src/stm32f1xx_hal_gpio.o
LOAD ./Drivers/STM32F1xx_HAL_Driver/Src/stm32f1xx_hal_gpio_ex.o
LOAD ./Drivers/STM32F1xx_HAL_Driver/Src/stm32f1xx_hal_pwr.o
LOAD ./Drivers/STM32F1xx_HAL_Driver/Src/stm32f1xx_hal_rcc.o
LOAD ./Drivers/STM32F1xx_HAL_Driver/Src/stm32f1xx_hal_rcc_ex.o
LOAD ./Drivers/STM32F1xx_HAL_Driver/Src/stm32f1xx_hal_tim.o
LOAD ./Drivers/STM32F1xx_HAL_Driver/Src/stm32f1xx_hal_tim_ex.o
LOAD ./Drivers/STM32F1xx_HAL_Driver/Src/stm32f1xx_hal_uart.o
START GROUP
LOAD d:/program1/stm32cube/stm32cubeide_1.7.0/stm32cubeide/plugins/com.st.stm32cube.ide.mcu.externaltools.gnu-tools-for-stm32.10.3-2021.10.win32_1.0.0.202111181127/tools/bin/../lib/gcc/arm-none-eabi/10.3.1/../../../../arm-none-eabi/lib/thumb/v7-m/nofp\libc_nano.a
LOAD d:/program1/stm32cube/stm32cubeide_1.7.0/stm32cubeide/plugins/com.st.stm32cube.ide.mcu.externaltools.gnu-tools-for-stm32.10.3-2021.10.win32_1.0.0.202111181127/tools/bin/../lib/gcc/arm-none-eabi/10.3.1/../../../../arm-none-eabi/lib/thumb/v7-m/nofp\libm.a
END GROUP
START GROUP
LOAD d:/program1/stm32cube/stm32cubeide_1.7.0/stm32cubeide/plugins/com.st.stm32cube.ide.mcu.externaltools.gnu-tools-for-stm32.10.3-2021.10.win32_1.0.0.202111181127/tools/bin/../lib/gcc/arm-none-eabi/10.3.1/thumb/v7-m/nofp\libgcc.a
LOAD d:/program1/stm32cube/stm32cubeide_1.7.0/stm32cubeide/plugins/com.st.stm32cube.ide.mcu.externaltools.gnu-tools-for-stm32.10.3-2021.10.win32_1.0.0.202111181127/tools/bin/../lib/gcc/arm-none-eabi/10.3.1/../../../../arm-none-eabi/lib/thumb/v7-m/nofp\libc_nano.a
END GROUP
START GROUP
LOAD d:/program1/stm32cube/stm32cubeide_1.7.0/stm32cubeide/plugins/com.st.stm32cube.ide.mcu.externaltools.gnu-tools-for-stm32.10.3-2021.10.win32_1.0.0.202111181127/tools/bin/../lib/gcc/arm-none-eabi/10.3.1/thumb/v7-m/nofp\libgcc.a
LOAD d:/program1/stm32cube/stm32cubeide_1.7.0/stm32cubeide/plugins/com.st.stm32cube.ide.mcu.externaltools.gnu-tools-for-stm32.10.3-2021.10.win32_1.0.0.202111181127/tools/bin/../lib/gcc/arm-none-eabi/10.3.1/../../../../arm-none-eabi/lib/thumb/v7-m/nofp\libc_nano.a
LOAD d:/program1/stm32cube/stm32cubeide_1.7.0/stm32cubeide/plugins/com.st.stm32cube.ide.mcu.externaltools.gnu-tools-for-stm32.10.3-2021.10.win32_1.0.0.202111181127/tools/bin/../lib/gcc/arm-none-eabi/10.3.1/../../../../arm-none-eabi/lib/thumb/v7-m/nofp\libnosys.a
END GROUP
START GROUP
LOAD d:/program1/stm32cube/stm32cubeide_1.7.0/stm32cubeide/plugins/com.st.stm32cube.ide.mcu.externaltools.gnu-tools-for-stm32.10.3-2021.10.win32_1.0.0.202111181127/tools/bin/../lib/gcc/arm-none-eabi/10.3.1/thumb/v7-m/nofp\libgcc.a
LOAD d:/program1/stm32cube/stm32cubeide_1.7.0/stm32cubeide/plugins/com.st.stm32cube.ide.mcu.externaltools.gnu-tools-for-stm32.10.3-2021.10.win32_1.0.0.202111181127/tools/bin/../lib/gcc/arm-none-eabi/10.3.1/../../../../arm-none-eabi/lib/thumb/v7-m/nofp\libc_nano.a
LOAD d:/program1/stm32cube/stm32cubeide_1.7.0/stm32cubeide/plugins/com.st.stm32cube.ide.mcu.externaltools.gnu-tools-for-stm32.10.3-2021.10.win32_1.0.0.202111181127/tools/bin/../lib/gcc/arm-none-eabi/10.3.1/../../../../arm-none-eabi/lib/thumb/v7-m/nofp\libnosys.a
END GROUP
LOAD d:/program1/stm32cube/stm32cubeide_1.7.0/stm32cubeide/plugins/com.st.stm32cube.ide.mcu.externaltools.gnu-tools-for-stm32.10.3-2021.10.win32_1.0.0.202111181127/tools/bin/../lib/gcc/arm-none-eabi/10.3.1/thumb/v7-m/nofp/crtend.o
LOAD d:/program1/stm32cube/stm32cubeide_1.7.0/stm32cubeide/plugins/com.st.stm32cube.ide.mcu.externaltools.gnu-tools-for-stm32.10.3-2021.10.win32_1.0.0.202111181127/tools/bin/../lib/gcc/arm-none-eabi/10.3.1/thumb/v7-m/nofp/crtn.o
                0x000000002000c000                _estack = (ORIGIN (RAM) + LENGTH (RAM))
                0x0000000000000200                _Min_Heap_Size = 0x200
                0x0000000000000400                _Min_Stack_Size = 0x400

.isr_vector     0x0000000008000000      0x1e4
                0x0000000008000000                . = ALIGN (0x4)
 *(.isr_vector)
 .isr_vector    0x0000000008000000      0x1e4 ./Core/Startup/startup_stm32f103rctx.o
                0x0000000008000000                g_pfnVectors
                0x00000000080001e4                . = ALIGN (0x4)

.text           0x00000000080001e4     0x3f7c
                0x00000000080001e4                . = ALIGN (0x4)
 *(.text)
 .text          0x00000000080001e4       0x40 d:/program1/stm32cube/stm32cubeide_1.7.0/stm32cubeide/plugins/com.st.stm32cube.ide.mcu.externaltools.gnu-tools-for-stm32.10.3-2021.10.win32_1.0.0.202111181127/tools/bin/../lib/gcc/arm-none-eabi/10.3.1/thumb/v7-m/nofp/crtbegin.o
 *(.text*)
 .text.Bsp_Led_Show_State_Handle
                0x0000000008000224       0x34 ./BSP/bsp.o
 .text.Bsp_Init
                0x0000000008000258       0x12 ./BSP/bsp.o
                0x0000000008000258                Bsp_Init
 *fill*         0x000000000800026a        0x2 
 .text.Bsp_Loop
                0x000000000800026c       0x4c ./BSP/bsp.o
                0x000000000800026c                Bsp_Loop
 .text.Beep_Set_Time
                0x00000000080002b8       0x20 ./BSP/bsp_beep.o
 .text.Beep_Get_Time
                0x00000000080002d8       0x14 ./BSP/bsp_beep.o
 .text.Beep_Set_State
                0x00000000080002ec       0x20 ./BSP/bsp_beep.o
 .text.Beep_Get_State
                0x000000000800030c       0x14 ./BSP/bsp_beep.o
 .text.Beep_On_Time
                0x0000000008000320       0x80 ./BSP/bsp_beep.o
                0x0000000008000320                Beep_On_Time
 .text.Beep_Timeout_Close_Handle
                0x00000000080003a0       0x44 ./BSP/bsp_beep.o
                0x00000000080003a0                Beep_Timeout_Close_Handle
 .text.Key1_is_Press
                0x00000000080003e4       0x20 ./BSP/bsp_key.o
 .text.Key1_State
                0x0000000008000404       0x54 ./BSP/bsp_key.o
                0x0000000008000404                Key1_State
 .text.SBUS_Parse_Data
                0x0000000008000458      0x288 ./BSP/bsp_sbus.o
 .text.SBUS_Reveive
                0x00000000080006e0       0xc0 ./BSP/bsp_sbus.o
                0x00000000080006e0                SBUS_Reveive
 .text.SBUS_Handle
                0x00000000080007a0       0x8c ./BSP/bsp_sbus.o
                0x00000000080007a0                SBUS_Handle
 .text.USART1_Init
                0x000000000800082c       0x38 ./BSP/bsp_uart.o
                0x000000000800082c                USART1_Init
 .text.USART1_Send_U8
                0x0000000008000864       0x24 ./BSP/bsp_uart.o
                0x0000000008000864                USART1_Send_U8
 .text.HAL_UART_RxCpltCallback
                0x0000000008000888       0x58 ./BSP/bsp_uart.o
                0x0000000008000888                HAL_UART_RxCpltCallback
 .text.__io_putchar
                0x00000000080008e0       0x24 ./BSP/bsp_uart.o
                0x00000000080008e0                __io_putchar
 .text.MX_DMA_Init
                0x0000000008000904       0x3c ./Core/Src/dma.o
                0x0000000008000904                MX_DMA_Init
 .text.MX_GPIO_Init
                0x0000000008000940       0xb4 ./Core/Src/gpio.o
                0x0000000008000940                MX_GPIO_Init
 .text.main     0x00000000080009f4       0x26 ./Core/Src/main.o
                0x00000000080009f4                main
 .text.SystemClock_Config
                0x0000000008000a1a       0x8a ./Core/Src/main.o
                0x0000000008000a1a                SystemClock_Config
 .text.Error_Handler
                0x0000000008000aa4        0xa ./Core/Src/main.o
                0x0000000008000aa4                Error_Handler
 *fill*         0x0000000008000aae        0x2 
 .text.HAL_MspInit
                0x0000000008000ab0       0x64 ./Core/Src/stm32f1xx_hal_msp.o
                0x0000000008000ab0                HAL_MspInit
 .text.NMI_Handler
                0x0000000008000b14        0x6 ./Core/Src/stm32f1xx_it.o
                0x0000000008000b14                NMI_Handler
 .text.HardFault_Handler
                0x0000000008000b1a        0x6 ./Core/Src/stm32f1xx_it.o
                0x0000000008000b1a                HardFault_Handler
 .text.MemManage_Handler
                0x0000000008000b20        0x6 ./Core/Src/stm32f1xx_it.o
                0x0000000008000b20                MemManage_Handler
 .text.BusFault_Handler
                0x0000000008000b26        0x6 ./Core/Src/stm32f1xx_it.o
                0x0000000008000b26                BusFault_Handler
 .text.UsageFault_Handler
                0x0000000008000b2c        0x6 ./Core/Src/stm32f1xx_it.o
                0x0000000008000b2c                UsageFault_Handler
 .text.SVC_Handler
                0x0000000008000b32        0xc ./Core/Src/stm32f1xx_it.o
                0x0000000008000b32                SVC_Handler
 .text.DebugMon_Handler
                0x0000000008000b3e        0xc ./Core/Src/stm32f1xx_it.o
                0x0000000008000b3e                DebugMon_Handler
 .text.PendSV_Handler
                0x0000000008000b4a        0xc ./Core/Src/stm32f1xx_it.o
                0x0000000008000b4a                PendSV_Handler
 .text.SysTick_Handler
                0x0000000008000b56        0xc ./Core/Src/stm32f1xx_it.o
                0x0000000008000b56                SysTick_Handler
 *fill*         0x0000000008000b62        0x2 
 .text.DMA1_Channel4_IRQHandler
                0x0000000008000b64       0x14 ./Core/Src/stm32f1xx_it.o
                0x0000000008000b64                DMA1_Channel4_IRQHandler
 .text.USART1_IRQHandler
                0x0000000008000b78       0x14 ./Core/Src/stm32f1xx_it.o
                0x0000000008000b78                USART1_IRQHandler
 .text.USART2_IRQHandler
                0x0000000008000b8c       0x14 ./Core/Src/stm32f1xx_it.o
                0x0000000008000b8c                USART2_IRQHandler
 .text._read    0x0000000008000ba0       0x3a ./Core/Src/syscalls.o
                0x0000000008000ba0                _read
 .text._write   0x0000000008000bda       0x38 ./Core/Src/syscalls.o
                0x0000000008000bda                _write
 .text._close   0x0000000008000c12       0x16 ./Core/Src/syscalls.o
                0x0000000008000c12                _close
 .text._fstat   0x0000000008000c28       0x1e ./Core/Src/syscalls.o
                0x0000000008000c28                _fstat
 .text._isatty  0x0000000008000c46       0x14 ./Core/Src/syscalls.o
                0x0000000008000c46                _isatty
 .text._lseek   0x0000000008000c5a       0x18 ./Core/Src/syscalls.o
                0x0000000008000c5a                _lseek
 *fill*         0x0000000008000c72        0x2 
 .text._sbrk    0x0000000008000c74       0x6c ./Core/Src/sysmem.o
                0x0000000008000c74                _sbrk
 .text.SystemInit
                0x0000000008000ce0        0xc ./Core/Src/system_stm32f1xx.o
                0x0000000008000ce0                SystemInit
 .text.MX_USART1_UART_Init
                0x0000000008000cec       0x54 ./Core/Src/usart.o
                0x0000000008000cec                MX_USART1_UART_Init
 .text.MX_USART2_UART_Init
                0x0000000008000d40       0x5c ./Core/Src/usart.o
                0x0000000008000d40                MX_USART2_UART_Init
 .text.HAL_UART_MspInit
                0x0000000008000d9c      0x17c ./Core/Src/usart.o
                0x0000000008000d9c                HAL_UART_MspInit
 .text.Reset_Handler
                0x0000000008000f18       0x48 ./Core/Startup/startup_stm32f103rctx.o
                0x0000000008000f18                Reset_Handler
 .text.Default_Handler
                0x0000000008000f60        0x2 ./Core/Startup/startup_stm32f103rctx.o
                0x0000000008000f60                RTC_Alarm_IRQHandler
                0x0000000008000f60                EXTI2_IRQHandler
                0x0000000008000f60                TIM8_TRG_COM_IRQHandler
                0x0000000008000f60                TIM8_CC_IRQHandler
                0x0000000008000f60                TIM1_CC_IRQHandler
                0x0000000008000f60                TIM6_IRQHandler
                0x0000000008000f60                PVD_IRQHandler
                0x0000000008000f60                SDIO_IRQHandler
                0x0000000008000f60                EXTI3_IRQHandler
                0x0000000008000f60                EXTI0_IRQHandler
                0x0000000008000f60                I2C2_EV_IRQHandler
                0x0000000008000f60                ADC1_2_IRQHandler
                0x0000000008000f60                SPI1_IRQHandler
                0x0000000008000f60                TAMPER_IRQHandler
                0x0000000008000f60                TIM8_UP_IRQHandler
                0x0000000008000f60                DMA2_Channel2_IRQHandler
                0x0000000008000f60                USART3_IRQHandler
                0x0000000008000f60                RTC_IRQHandler
                0x0000000008000f60                DMA1_Channel7_IRQHandler
                0x0000000008000f60                CAN1_RX1_IRQHandler
                0x0000000008000f60                UART5_IRQHandler
                0x0000000008000f60                ADC3_IRQHandler
                0x0000000008000f60                TIM4_IRQHandler
                0x0000000008000f60                DMA2_Channel1_IRQHandler
                0x0000000008000f60                I2C1_EV_IRQHandler
                0x0000000008000f60                DMA1_Channel6_IRQHandler
                0x0000000008000f60                UART4_IRQHandler
                0x0000000008000f60                TIM3_IRQHandler
                0x0000000008000f60                RCC_IRQHandler
                0x0000000008000f60                TIM1_TRG_COM_IRQHandler
                0x0000000008000f60                DMA1_Channel1_IRQHandler
                0x0000000008000f60                Default_Handler
                0x0000000008000f60                EXTI15_10_IRQHandler
                0x0000000008000f60                TIM7_IRQHandler
                0x0000000008000f60                TIM5_IRQHandler
                0x0000000008000f60                EXTI9_5_IRQHandler
                0x0000000008000f60                SPI2_IRQHandler
                0x0000000008000f60                DMA1_Channel5_IRQHandler
                0x0000000008000f60                EXTI4_IRQHandler
                0x0000000008000f60                USB_LP_CAN1_RX0_IRQHandler
                0x0000000008000f60                USB_HP_CAN1_TX_IRQHandler
                0x0000000008000f60                DMA1_Channel3_IRQHandler
                0x0000000008000f60                FSMC_IRQHandler
                0x0000000008000f60                TIM1_UP_IRQHandler
                0x0000000008000f60                WWDG_IRQHandler
                0x0000000008000f60                TIM2_IRQHandler
                0x0000000008000f60                TIM1_BRK_IRQHandler
                0x0000000008000f60                EXTI1_IRQHandler
                0x0000000008000f60                DMA2_Channel4_5_IRQHandler
                0x0000000008000f60                I2C2_ER_IRQHandler
                0x0000000008000f60                DMA1_Channel2_IRQHandler
                0x0000000008000f60                TIM8_BRK_IRQHandler
                0x0000000008000f60                CAN1_SCE_IRQHandler
                0x0000000008000f60                FLASH_IRQHandler
                0x0000000008000f60                SPI3_IRQHandler
                0x0000000008000f60                I2C1_ER_IRQHandler
                0x0000000008000f60                USBWakeUp_IRQHandler
                0x0000000008000f60                DMA2_Channel3_IRQHandler
 *fill*         0x0000000008000f62        0x2 
 .text.HAL_Init
                0x0000000008000f64       0x2c ./Drivers/STM32F1xx_HAL_Driver/Src/stm32f1xx_hal.o
                0x0000000008000f64                HAL_Init
 .text.HAL_InitTick
                0x0000000008000f90       0x60 ./Drivers/STM32F1xx_HAL_Driver/Src/stm32f1xx_hal.o
                0x0000000008000f90                HAL_InitTick
 .text.HAL_IncTick
                0x0000000008000ff0       0x24 ./Drivers/STM32F1xx_HAL_Driver/Src/stm32f1xx_hal.o
                0x0000000008000ff0                HAL_IncTick
 .text.HAL_GetTick
                0x0000000008001014       0x14 ./Drivers/STM32F1xx_HAL_Driver/Src/stm32f1xx_hal.o
                0x0000000008001014                HAL_GetTick
 .text.HAL_Delay
                0x0000000008001028       0x48 ./Drivers/STM32F1xx_HAL_Driver/Src/stm32f1xx_hal.o
                0x0000000008001028                HAL_Delay
 .text.__NVIC_SetPriorityGrouping
                0x0000000008001070       0x48 ./Drivers/STM32F1xx_HAL_Driver/Src/stm32f1xx_hal_cortex.o
 .text.__NVIC_GetPriorityGrouping
                0x00000000080010b8       0x1c ./Drivers/STM32F1xx_HAL_Driver/Src/stm32f1xx_hal_cortex.o
 .text.__NVIC_EnableIRQ
                0x00000000080010d4       0x38 ./Drivers/STM32F1xx_HAL_Driver/Src/stm32f1xx_hal_cortex.o
 .text.__NVIC_SetPriority
                0x000000000800110c       0x54 ./Drivers/STM32F1xx_HAL_Driver/Src/stm32f1xx_hal_cortex.o
 .text.NVIC_EncodePriority
                0x0000000008001160       0x64 ./Drivers/STM32F1xx_HAL_Driver/Src/stm32f1xx_hal_cortex.o
 .text.SysTick_Config
                0x00000000080011c4       0x44 ./Drivers/STM32F1xx_HAL_Driver/Src/stm32f1xx_hal_cortex.o
 .text.HAL_NVIC_SetPriorityGrouping
                0x0000000008001208       0x16 ./Drivers/STM32F1xx_HAL_Driver/Src/stm32f1xx_hal_cortex.o
                0x0000000008001208                HAL_NVIC_SetPriorityGrouping
 .text.HAL_NVIC_SetPriority
                0x000000000800121e       0x38 ./Drivers/STM32F1xx_HAL_Driver/Src/stm32f1xx_hal_cortex.o
                0x000000000800121e                HAL_NVIC_SetPriority
 .text.HAL_NVIC_EnableIRQ
                0x0000000008001256       0x1c ./Drivers/STM32F1xx_HAL_Driver/Src/stm32f1xx_hal_cortex.o
                0x0000000008001256                HAL_NVIC_EnableIRQ
 .text.HAL_SYSTICK_Config
                0x0000000008001272       0x18 ./Drivers/STM32F1xx_HAL_Driver/Src/stm32f1xx_hal_cortex.o
                0x0000000008001272                HAL_SYSTICK_Config
 *fill*         0x000000000800128a        0x2 
 .text.HAL_DMA_Init
                0x000000000800128c       0xec ./Drivers/STM32F1xx_HAL_Driver/Src/stm32f1xx_hal_dma.o
                0x000000000800128c                HAL_DMA_Init
 .text.HAL_DMA_Abort
                0x0000000008001378       0x74 ./Drivers/STM32F1xx_HAL_Driver/Src/stm32f1xx_hal_dma.o
                0x0000000008001378                HAL_DMA_Abort
 .text.HAL_DMA_Abort_IT
                0x00000000080013ec      0x210 ./Drivers/STM32F1xx_HAL_Driver/Src/stm32f1xx_hal_dma.o
                0x00000000080013ec                HAL_DMA_Abort_IT
 .text.HAL_DMA_IRQHandler
                0x00000000080015fc      0x478 ./Drivers/STM32F1xx_HAL_Driver/Src/stm32f1xx_hal_dma.o
                0x00000000080015fc                HAL_DMA_IRQHandler
 .text.HAL_GPIO_Init
                0x0000000008001a74      0x328 ./Drivers/STM32F1xx_HAL_Driver/Src/stm32f1xx_hal_gpio.o
                0x0000000008001a74                HAL_GPIO_Init
 .text.HAL_GPIO_ReadPin
                0x0000000008001d9c       0x2e ./Drivers/STM32F1xx_HAL_Driver/Src/stm32f1xx_hal_gpio.o
                0x0000000008001d9c                HAL_GPIO_ReadPin
 .text.HAL_GPIO_WritePin
                0x0000000008001dca       0x30 ./Drivers/STM32F1xx_HAL_Driver/Src/stm32f1xx_hal_gpio.o
                0x0000000008001dca                HAL_GPIO_WritePin
 .text.HAL_GPIO_TogglePin
                0x0000000008001dfa       0x32 ./Drivers/STM32F1xx_HAL_Driver/Src/stm32f1xx_hal_gpio.o
                0x0000000008001dfa                HAL_GPIO_TogglePin
 .text.HAL_RCC_OscConfig
                0x0000000008001e2c      0x504 ./Drivers/STM32F1xx_HAL_Driver/Src/stm32f1xx_hal_rcc.o
                0x0000000008001e2c                HAL_RCC_OscConfig
 .text.HAL_RCC_ClockConfig
                0x0000000008002330      0x1d4 ./Drivers/STM32F1xx_HAL_Driver/Src/stm32f1xx_hal_rcc.o
                0x0000000008002330                HAL_RCC_ClockConfig
 .text.HAL_RCC_GetSysClockFreq
                0x0000000008002504       0xbc ./Drivers/STM32F1xx_HAL_Driver/Src/stm32f1xx_hal_rcc.o
                0x0000000008002504                HAL_RCC_GetSysClockFreq
 .text.HAL_RCC_GetHCLKFreq
                0x00000000080025c0       0x14 ./Drivers/STM32F1xx_HAL_Driver/Src/stm32f1xx_hal_rcc.o
                0x00000000080025c0                HAL_RCC_GetHCLKFreq
 .text.HAL_RCC_GetPCLK1Freq
                0x00000000080025d4       0x28 ./Drivers/STM32F1xx_HAL_Driver/Src/stm32f1xx_hal_rcc.o
                0x00000000080025d4                HAL_RCC_GetPCLK1Freq
 .text.HAL_RCC_GetPCLK2Freq
                0x00000000080025fc       0x28 ./Drivers/STM32F1xx_HAL_Driver/Src/stm32f1xx_hal_rcc.o
                0x00000000080025fc                HAL_RCC_GetPCLK2Freq
 .text.RCC_Delay
                0x0000000008002624       0x3c ./Drivers/STM32F1xx_HAL_Driver/Src/stm32f1xx_hal_rcc.o
 .text.HAL_UART_Init
                0x0000000008002660       0x9a ./Drivers/STM32F1xx_HAL_Driver/Src/stm32f1xx_hal_uart.o
                0x0000000008002660                HAL_UART_Init
 .text.HAL_UART_Transmit
                0x00000000080026fa      0x124 ./Drivers/STM32F1xx_HAL_Driver/Src/stm32f1xx_hal_uart.o
                0x00000000080026fa                HAL_UART_Transmit
 .text.HAL_UART_Receive_IT
                0x000000000800281e       0x60 ./Drivers/STM32F1xx_HAL_Driver/Src/stm32f1xx_hal_uart.o
                0x000000000800281e                HAL_UART_Receive_IT
 *fill*         0x000000000800287e        0x2 
 .text.HAL_UART_IRQHandler
                0x0000000008002880      0x354 ./Drivers/STM32F1xx_HAL_Driver/Src/stm32f1xx_hal_uart.o
                0x0000000008002880                HAL_UART_IRQHandler
 .text.HAL_UART_TxCpltCallback
                0x0000000008002bd4       0x12 ./Drivers/STM32F1xx_HAL_Driver/Src/stm32f1xx_hal_uart.o
                0x0000000008002bd4                HAL_UART_TxCpltCallback
 .text.HAL_UART_ErrorCallback
                0x0000000008002be6       0x12 ./Drivers/STM32F1xx_HAL_Driver/Src/stm32f1xx_hal_uart.o
                0x0000000008002be6                HAL_UART_ErrorCallback
 .text.HAL_UARTEx_RxEventCallback
                0x0000000008002bf8       0x16 ./Drivers/STM32F1xx_HAL_Driver/Src/stm32f1xx_hal_uart.o
                0x0000000008002bf8                HAL_UARTEx_RxEventCallback
 .text.UART_WaitOnFlagUntilTimeout
                0x0000000008002c0e       0x94 ./Drivers/STM32F1xx_HAL_Driver/Src/stm32f1xx_hal_uart.o
 .text.UART_Start_Receive_IT
                0x0000000008002ca2       0x72 ./Drivers/STM32F1xx_HAL_Driver/Src/stm32f1xx_hal_uart.o
                0x0000000008002ca2                UART_Start_Receive_IT
 .text.UART_EndRxTransfer
                0x0000000008002d14       0x58 ./Drivers/STM32F1xx_HAL_Driver/Src/stm32f1xx_hal_uart.o
 .text.UART_DMAAbortOnError
                0x0000000008002d6c       0x28 ./Drivers/STM32F1xx_HAL_Driver/Src/stm32f1xx_hal_uart.o
 .text.UART_Transmit_IT
                0x0000000008002d94       0x9e ./Drivers/STM32F1xx_HAL_Driver/Src/stm32f1xx_hal_uart.o
 .text.UART_EndTransmit_IT
                0x0000000008002e32       0x30 ./Drivers/STM32F1xx_HAL_Driver/Src/stm32f1xx_hal_uart.o
 .text.UART_Receive_IT
                0x0000000008002e62      0x152 ./Drivers/STM32F1xx_HAL_Driver/Src/stm32f1xx_hal_uart.o
 .text.UART_SetConfig
                0x0000000008002fb4      0x11c ./Drivers/STM32F1xx_HAL_Driver/Src/stm32f1xx_hal_uart.o
 .text.__errno  0x00000000080030d0        0xc d:/program1/stm32cube/stm32cubeide_1.7.0/stm32cubeide/plugins/com.st.stm32cube.ide.mcu.externaltools.gnu-tools-for-stm32.10.3-2021.10.win32_1.0.0.202111181127/tools/bin/../lib/gcc/arm-none-eabi/10.3.1/../../../../arm-none-eabi/lib/thumb/v7-m/nofp\libc_nano.a(lib_a-errno.o)
                0x00000000080030d0                __errno
 .text.__libc_init_array
                0x00000000080030dc       0x48 d:/program1/stm32cube/stm32cubeide_1.7.0/stm32cubeide/plugins/com.st.stm32cube.ide.mcu.externaltools.gnu-tools-for-stm32.10.3-2021.10.win32_1.0.0.202111181127/tools/bin/../lib/gcc/arm-none-eabi/10.3.1/../../../../arm-none-eabi/lib/thumb/v7-m/nofp\libc_nano.a(lib_a-init.o)
                0x00000000080030dc                __libc_init_array
 .text.memset   0x0000000008003124       0x10 d:/program1/stm32cube/stm32cubeide_1.7.0/stm32cubeide/plugins/com.st.stm32cube.ide.mcu.externaltools.gnu-tools-for-stm32.10.3-2021.10.win32_1.0.0.202111181127/tools/bin/../lib/gcc/arm-none-eabi/10.3.1/../../../../arm-none-eabi/lib/thumb/v7-m/nofp\libc_nano.a(lib_a-memset.o)
                0x0000000008003124                memset
 .text.printf   0x0000000008003134       0x30 d:/program1/stm32cube/stm32cubeide_1.7.0/stm32cubeide/plugins/com.st.stm32cube.ide.mcu.externaltools.gnu-tools-for-stm32.10.3-2021.10.win32_1.0.0.202111181127/tools/bin/../lib/gcc/arm-none-eabi/10.3.1/../../../../arm-none-eabi/lib/thumb/v7-m/nofp\libc_nano.a(lib_a-printf.o)
                0x0000000008003134                iprintf
                0x0000000008003134                printf
 .text._puts_r  0x0000000008003164       0xdc d:/program1/stm32cube/stm32cubeide_1.7.0/stm32cubeide/plugins/com.st.stm32cube.ide.mcu.externaltools.gnu-tools-for-stm32.10.3-2021.10.win32_1.0.0.202111181127/tools/bin/../lib/gcc/arm-none-eabi/10.3.1/../../../../arm-none-eabi/lib/thumb/v7-m/nofp\libc_nano.a(lib_a-puts.o)
                0x0000000008003164                _puts_r
 .text.puts     0x0000000008003240       0x10 d:/program1/stm32cube/stm32cubeide_1.7.0/stm32cubeide/plugins/com.st.stm32cube.ide.mcu.externaltools.gnu-tools-for-stm32.10.3-2021.10.win32_1.0.0.202111181127/tools/bin/../lib/gcc/arm-none-eabi/10.3.1/../../../../arm-none-eabi/lib/thumb/v7-m/nofp\libc_nano.a(lib_a-puts.o)
                0x0000000008003240                puts
 .text.__swbuf_r
                0x0000000008003250       0xa4 d:/program1/stm32cube/stm32cubeide_1.7.0/stm32cubeide/plugins/com.st.stm32cube.ide.mcu.externaltools.gnu-tools-for-stm32.10.3-2021.10.win32_1.0.0.202111181127/tools/bin/../lib/gcc/arm-none-eabi/10.3.1/../../../../arm-none-eabi/lib/thumb/v7-m/nofp\libc_nano.a(lib_a-wbuf.o)
                0x0000000008003250                __swbuf_r
 .text.__swsetup_r
                0x00000000080032f4       0xdc d:/program1/stm32cube/stm32cubeide_1.7.0/stm32cubeide/plugins/com.st.stm32cube.ide.mcu.externaltools.gnu-tools-for-stm32.10.3-2021.10.win32_1.0.0.202111181127/tools/bin/../lib/gcc/arm-none-eabi/10.3.1/../../../../arm-none-eabi/lib/thumb/v7-m/nofp\libc_nano.a(lib_a-wsetup.o)
                0x00000000080032f4                __swsetup_r
 .text.__sflush_r
                0x00000000080033d0      0x104 d:/program1/stm32cube/stm32cubeide_1.7.0/stm32cubeide/plugins/com.st.stm32cube.ide.mcu.externaltools.gnu-tools-for-stm32.10.3-2021.10.win32_1.0.0.202111181127/tools/bin/../lib/gcc/arm-none-eabi/10.3.1/../../../../arm-none-eabi/lib/thumb/v7-m/nofp\libc_nano.a(lib_a-fflush.o)
                0x00000000080033d0                __sflush_r
 .text._fflush_r
                0x00000000080034d4       0x78 d:/program1/stm32cube/stm32cubeide_1.7.0/stm32cubeide/plugins/com.st.stm32cube.ide.mcu.externaltools.gnu-tools-for-stm32.10.3-2021.10.win32_1.0.0.202111181127/tools/bin/../lib/gcc/arm-none-eabi/10.3.1/../../../../arm-none-eabi/lib/thumb/v7-m/nofp\libc_nano.a(lib_a-fflush.o)
                0x00000000080034d4                _fflush_r
 .text.std      0x000000000800354c       0x48 d:/program1/stm32cube/stm32cubeide_1.7.0/stm32cubeide/plugins/com.st.stm32cube.ide.mcu.externaltools.gnu-tools-for-stm32.10.3-2021.10.win32_1.0.0.202111181127/tools/bin/../lib/gcc/arm-none-eabi/10.3.1/../../../../arm-none-eabi/lib/thumb/v7-m/nofp\libc_nano.a(lib_a-findfp.o)
 .text._cleanup_r
                0x0000000008003594        0xc d:/program1/stm32cube/stm32cubeide_1.7.0/stm32cubeide/plugins/com.st.stm32cube.ide.mcu.externaltools.gnu-tools-for-stm32.10.3-2021.10.win32_1.0.0.202111181127/tools/bin/../lib/gcc/arm-none-eabi/10.3.1/../../../../arm-none-eabi/lib/thumb/v7-m/nofp\libc_nano.a(lib_a-findfp.o)
                0x0000000008003594                _cleanup_r
 .text.__sfmoreglue
                0x00000000080035a0       0x2c d:/program1/stm32cube/stm32cubeide_1.7.0/stm32cubeide/plugins/com.st.stm32cube.ide.mcu.externaltools.gnu-tools-for-stm32.10.3-2021.10.win32_1.0.0.202111181127/tools/bin/../lib/gcc/arm-none-eabi/10.3.1/../../../../arm-none-eabi/lib/thumb/v7-m/nofp\libc_nano.a(lib_a-findfp.o)
                0x00000000080035a0                __sfmoreglue
 .text.__sfp_lock_acquire
                0x00000000080035cc        0xc d:/program1/stm32cube/stm32cubeide_1.7.0/stm32cubeide/plugins/com.st.stm32cube.ide.mcu.externaltools.gnu-tools-for-stm32.10.3-2021.10.win32_1.0.0.202111181127/tools/bin/../lib/gcc/arm-none-eabi/10.3.1/../../../../arm-none-eabi/lib/thumb/v7-m/nofp\libc_nano.a(lib_a-findfp.o)
                0x00000000080035cc                __sfp_lock_acquire
 .text.__sfp_lock_release
                0x00000000080035d8        0xc d:/program1/stm32cube/stm32cubeide_1.7.0/stm32cubeide/plugins/com.st.stm32cube.ide.mcu.externaltools.gnu-tools-for-stm32.10.3-2021.10.win32_1.0.0.202111181127/tools/bin/../lib/gcc/arm-none-eabi/10.3.1/../../../../arm-none-eabi/lib/thumb/v7-m/nofp\libc_nano.a(lib_a-findfp.o)
                0x00000000080035d8                __sfp_lock_release
 .text.__sinit_lock_acquire
                0x00000000080035e4        0xc d:/program1/stm32cube/stm32cubeide_1.7.0/stm32cubeide/plugins/com.st.stm32cube.ide.mcu.externaltools.gnu-tools-for-stm32.10.3-2021.10.win32_1.0.0.202111181127/tools/bin/../lib/gcc/arm-none-eabi/10.3.1/../../../../arm-none-eabi/lib/thumb/v7-m/nofp\libc_nano.a(lib_a-findfp.o)
                0x00000000080035e4                __sinit_lock_acquire
 .text.__sinit_lock_release
                0x00000000080035f0        0xc d:/program1/stm32cube/stm32cubeide_1.7.0/stm32cubeide/plugins/com.st.stm32cube.ide.mcu.externaltools.gnu-tools-for-stm32.10.3-2021.10.win32_1.0.0.202111181127/tools/bin/../lib/gcc/arm-none-eabi/10.3.1/../../../../arm-none-eabi/lib/thumb/v7-m/nofp\libc_nano.a(lib_a-findfp.o)
                0x00000000080035f0                __sinit_lock_release
 .text.__sinit  0x00000000080035fc       0x70 d:/program1/stm32cube/stm32cubeide_1.7.0/stm32cubeide/plugins/com.st.stm32cube.ide.mcu.externaltools.gnu-tools-for-stm32.10.3-2021.10.win32_1.0.0.202111181127/tools/bin/../lib/gcc/arm-none-eabi/10.3.1/../../../../arm-none-eabi/lib/thumb/v7-m/nofp\libc_nano.a(lib_a-findfp.o)
                0x00000000080035fc                __sinit
 .text.__sfp    0x000000000800366c       0x8c d:/program1/stm32cube/stm32cubeide_1.7.0/stm32cubeide/plugins/com.st.stm32cube.ide.mcu.externaltools.gnu-tools-for-stm32.10.3-2021.10.win32_1.0.0.202111181127/tools/bin/../lib/gcc/arm-none-eabi/10.3.1/../../../../arm-none-eabi/lib/thumb/v7-m/nofp\libc_nano.a(lib_a-findfp.o)
                0x000000000800366c                __sfp
 .text._fwalk_reent
                0x00000000080036f8       0x3e d:/program1/stm32cube/stm32cubeide_1.7.0/stm32cubeide/plugins/com.st.stm32cube.ide.mcu.externaltools.gnu-tools-for-stm32.10.3-2021.10.win32_1.0.0.202111181127/tools/bin/../lib/gcc/arm-none-eabi/10.3.1/../../../../arm-none-eabi/lib/thumb/v7-m/nofp\libc_nano.a(lib_a-fwalk.o)
                0x00000000080036f8                _fwalk_reent
 .text.__retarget_lock_init_recursive
                0x0000000008003736        0x2 d:/program1/stm32cube/stm32cubeide_1.7.0/stm32cubeide/plugins/com.st.stm32cube.ide.mcu.externaltools.gnu-tools-for-stm32.10.3-2021.10.win32_1.0.0.202111181127/tools/bin/../lib/gcc/arm-none-eabi/10.3.1/../../../../arm-none-eabi/lib/thumb/v7-m/nofp\libc_nano.a(lib_a-lock.o)
                0x0000000008003736                __retarget_lock_init_recursive
 .text.__retarget_lock_acquire_recursive
                0x0000000008003738        0x2 d:/program1/stm32cube/stm32cubeide_1.7.0/stm32cubeide/plugins/com.st.stm32cube.ide.mcu.externaltools.gnu-tools-for-stm32.10.3-2021.10.win32_1.0.0.202111181127/tools/bin/../lib/gcc/arm-none-eabi/10.3.1/../../../../arm-none-eabi/lib/thumb/v7-m/nofp\libc_nano.a(lib_a-lock.o)
                0x0000000008003738                __retarget_lock_acquire_recursive
 .text.__retarget_lock_release_recursive
                0x000000000800373a        0x2 d:/program1/stm32cube/stm32cubeide_1.7.0/stm32cubeide/plugins/com.st.stm32cube.ide.mcu.externaltools.gnu-tools-for-stm32.10.3-2021.10.win32_1.0.0.202111181127/tools/bin/../lib/gcc/arm-none-eabi/10.3.1/../../../../arm-none-eabi/lib/thumb/v7-m/nofp\libc_nano.a(lib_a-lock.o)
                0x000000000800373a                __retarget_lock_release_recursive
 .text.__swhatbuf_r
                0x000000000800373c       0x4a d:/program1/stm32cube/stm32cubeide_1.7.0/stm32cubeide/plugins/com.st.stm32cube.ide.mcu.externaltools.gnu-tools-for-stm32.10.3-2021.10.win32_1.0.0.202111181127/tools/bin/../lib/gcc/arm-none-eabi/10.3.1/../../../../arm-none-eabi/lib/thumb/v7-m/nofp\libc_nano.a(lib_a-makebuf.o)
                0x000000000800373c                __swhatbuf_r
 *fill*         0x0000000008003786        0x2 
 .text.__smakebuf_r
                0x0000000008003788       0x80 d:/program1/stm32cube/stm32cubeide_1.7.0/stm32cubeide/plugins/com.st.stm32cube.ide.mcu.externaltools.gnu-tools-for-stm32.10.3-2021.10.win32_1.0.0.202111181127/tools/bin/../lib/gcc/arm-none-eabi/10.3.1/../../../../arm-none-eabi/lib/thumb/v7-m/nofp\libc_nano.a(lib_a-makebuf.o)
                0x0000000008003788                __smakebuf_r
 .text._free_r  0x0000000008003808       0x90 d:/program1/stm32cube/stm32cubeide_1.7.0/stm32cubeide/plugins/com.st.stm32cube.ide.mcu.externaltools.gnu-tools-for-stm32.10.3-2021.10.win32_1.0.0.202111181127/tools/bin/../lib/gcc/arm-none-eabi/10.3.1/../../../../arm-none-eabi/lib/thumb/v7-m/nofp\libc_nano.a(lib_a-nano-freer.o)
                0x0000000008003808                _free_r
 .text.sbrk_aligned
                0x0000000008003898       0x40 d:/program1/stm32cube/stm32cubeide_1.7.0/stm32cubeide/plugins/com.st.stm32cube.ide.mcu.externaltools.gnu-tools-for-stm32.10.3-2021.10.win32_1.0.0.202111181127/tools/bin/../lib/gcc/arm-none-eabi/10.3.1/../../../../arm-none-eabi/lib/thumb/v7-m/nofp\libc_nano.a(lib_a-nano-mallocr.o)
 .text._malloc_r
                0x00000000080038d8       0xe8 d:/program1/stm32cube/stm32cubeide_1.7.0/stm32cubeide/plugins/com.st.stm32cube.ide.mcu.externaltools.gnu-tools-for-stm32.10.3-2021.10.win32_1.0.0.202111181127/tools/bin/../lib/gcc/arm-none-eabi/10.3.1/../../../../arm-none-eabi/lib/thumb/v7-m/nofp\libc_nano.a(lib_a-nano-mallocr.o)
                0x00000000080038d8                _malloc_r
 .text.__sfputc_r
                0x00000000080039c0       0x2a d:/program1/stm32cube/stm32cubeide_1.7.0/stm32cubeide/plugins/com.st.stm32cube.ide.mcu.externaltools.gnu-tools-for-stm32.10.3-2021.10.win32_1.0.0.202111181127/tools/bin/../lib/gcc/arm-none-eabi/10.3.1/../../../../arm-none-eabi/lib/thumb/v7-m/nofp\libc_nano.a(lib_a-nano-vfprintf.o)
 .text.__sfputs_r
                0x00000000080039ea       0x24 d:/program1/stm32cube/stm32cubeide_1.7.0/stm32cubeide/plugins/com.st.stm32cube.ide.mcu.externaltools.gnu-tools-for-stm32.10.3-2021.10.win32_1.0.0.202111181127/tools/bin/../lib/gcc/arm-none-eabi/10.3.1/../../../../arm-none-eabi/lib/thumb/v7-m/nofp\libc_nano.a(lib_a-nano-vfprintf.o)
                0x00000000080039ea                __sfputs_r
 *fill*         0x0000000008003a0e        0x2 
 .text._vfprintf_r
                0x0000000008003a10      0x260 d:/program1/stm32cube/stm32cubeide_1.7.0/stm32cubeide/plugins/com.st.stm32cube.ide.mcu.externaltools.gnu-tools-for-stm32.10.3-2021.10.win32_1.0.0.202111181127/tools/bin/../lib/gcc/arm-none-eabi/10.3.1/../../../../arm-none-eabi/lib/thumb/v7-m/nofp\libc_nano.a(lib_a-nano-vfprintf.o)
                0x0000000008003a10                _vfprintf_r
                0x0000000008003a10                _vfiprintf_r
 .text._printf_common
                0x0000000008003c70       0xde d:/program1/stm32cube/stm32cubeide_1.7.0/stm32cubeide/plugins/com.st.stm32cube.ide.mcu.externaltools.gnu-tools-for-stm32.10.3-2021.10.win32_1.0.0.202111181127/tools/bin/../lib/gcc/arm-none-eabi/10.3.1/../../../../arm-none-eabi/lib/thumb/v7-m/nofp\libc_nano.a(lib_a-nano-vfprintf_i.o)
                0x0000000008003c70                _printf_common
 *fill*         0x0000000008003d4e        0x2 
 .text._printf_i
                0x0000000008003d50      0x24c d:/program1/stm32cube/stm32cubeide_1.7.0/stm32cubeide/plugins/com.st.stm32cube.ide.mcu.externaltools.gnu-tools-for-stm32.10.3-2021.10.win32_1.0.0.202111181127/tools/bin/../lib/gcc/arm-none-eabi/10.3.1/../../../../arm-none-eabi/lib/thumb/v7-m/nofp\libc_nano.a(lib_a-nano-vfprintf_i.o)
                0x0000000008003d50                _printf_i
 .text._sbrk_r  0x0000000008003f9c       0x20 d:/program1/stm32cube/stm32cubeide_1.7.0/stm32cubeide/plugins/com.st.stm32cube.ide.mcu.externaltools.gnu-tools-for-stm32.10.3-2021.10.win32_1.0.0.202111181127/tools/bin/../lib/gcc/arm-none-eabi/10.3.1/../../../../arm-none-eabi/lib/thumb/v7-m/nofp\libc_nano.a(lib_a-sbrkr.o)
                0x0000000008003f9c                _sbrk_r
 .text.__sread  0x0000000008003fbc       0x22 d:/program1/stm32cube/stm32cubeide_1.7.0/stm32cubeide/plugins/com.st.stm32cube.ide.mcu.externaltools.gnu-tools-for-stm32.10.3-2021.10.win32_1.0.0.202111181127/tools/bin/../lib/gcc/arm-none-eabi/10.3.1/../../../../arm-none-eabi/lib/thumb/v7-m/nofp\libc_nano.a(lib_a-stdio.o)
                0x0000000008003fbc                __sread
 .text.__swrite
                0x0000000008003fde       0x38 d:/program1/stm32cube/stm32cubeide_1.7.0/stm32cubeide/plugins/com.st.stm32cube.ide.mcu.externaltools.gnu-tools-for-stm32.10.3-2021.10.win32_1.0.0.202111181127/tools/bin/../lib/gcc/arm-none-eabi/10.3.1/../../../../arm-none-eabi/lib/thumb/v7-m/nofp\libc_nano.a(lib_a-stdio.o)
                0x0000000008003fde                __swrite
 .text.__sseek  0x0000000008004016       0x24 d:/program1/stm32cube/stm32cubeide_1.7.0/stm32cubeide/plugins/com.st.stm32cube.ide.mcu.externaltools.gnu-tools-for-stm32.10.3-2021.10.win32_1.0.0.202111181127/tools/bin/../lib/gcc/arm-none-eabi/10.3.1/../../../../arm-none-eabi/lib/thumb/v7-m/nofp\libc_nano.a(lib_a-stdio.o)
                0x0000000008004016                __sseek
 .text.__sclose
                0x000000000800403a        0x8 d:/program1/stm32cube/stm32cubeide_1.7.0/stm32cubeide/plugins/com.st.stm32cube.ide.mcu.externaltools.gnu-tools-for-stm32.10.3-2021.10.win32_1.0.0.202111181127/tools/bin/../lib/gcc/arm-none-eabi/10.3.1/../../../../arm-none-eabi/lib/thumb/v7-m/nofp\libc_nano.a(lib_a-stdio.o)
                0x000000000800403a                __sclose
 *fill*         0x0000000008004042        0x2 
 .text._write_r
                0x0000000008004044       0x24 d:/program1/stm32cube/stm32cubeide_1.7.0/stm32cubeide/plugins/com.st.stm32cube.ide.mcu.externaltools.gnu-tools-for-stm32.10.3-2021.10.win32_1.0.0.202111181127/tools/bin/../lib/gcc/arm-none-eabi/10.3.1/../../../../arm-none-eabi/lib/thumb/v7-m/nofp\libc_nano.a(lib_a-writer.o)
                0x0000000008004044                _write_r
 .text._close_r
                0x0000000008004068       0x20 d:/program1/stm32cube/stm32cubeide_1.7.0/stm32cubeide/plugins/com.st.stm32cube.ide.mcu.externaltools.gnu-tools-for-stm32.10.3-2021.10.win32_1.0.0.202111181127/tools/bin/../lib/gcc/arm-none-eabi/10.3.1/../../../../arm-none-eabi/lib/thumb/v7-m/nofp\libc_nano.a(lib_a-closer.o)
                0x0000000008004068                _close_r
 .text._fstat_r
                0x0000000008004088       0x24 d:/program1/stm32cube/stm32cubeide_1.7.0/stm32cubeide/plugins/com.st.stm32cube.ide.mcu.externaltools.gnu-tools-for-stm32.10.3-2021.10.win32_1.0.0.202111181127/tools/bin/../lib/gcc/arm-none-eabi/10.3.1/../../../../arm-none-eabi/lib/thumb/v7-m/nofp\libc_nano.a(lib_a-fstatr.o)
                0x0000000008004088                _fstat_r
 .text._isatty_r
                0x00000000080040ac       0x20 d:/program1/stm32cube/stm32cubeide_1.7.0/stm32cubeide/plugins/com.st.stm32cube.ide.mcu.externaltools.gnu-tools-for-stm32.10.3-2021.10.win32_1.0.0.202111181127/tools/bin/../lib/gcc/arm-none-eabi/10.3.1/../../../../arm-none-eabi/lib/thumb/v7-m/nofp\libc_nano.a(lib_a-isattyr.o)
                0x00000000080040ac                _isatty_r
 .text._lseek_r
                0x00000000080040cc       0x24 d:/program1/stm32cube/stm32cubeide_1.7.0/stm32cubeide/plugins/com.st.stm32cube.ide.mcu.externaltools.gnu-tools-for-stm32.10.3-2021.10.win32_1.0.0.202111181127/tools/bin/../lib/gcc/arm-none-eabi/10.3.1/../../../../arm-none-eabi/lib/thumb/v7-m/nofp\libc_nano.a(lib_a-lseekr.o)
                0x00000000080040cc                _lseek_r
 .text.memchr   0x00000000080040f0       0x1c d:/program1/stm32cube/stm32cubeide_1.7.0/stm32cubeide/plugins/com.st.stm32cube.ide.mcu.externaltools.gnu-tools-for-stm32.10.3-2021.10.win32_1.0.0.202111181127/tools/bin/../lib/gcc/arm-none-eabi/10.3.1/../../../../arm-none-eabi/lib/thumb/v7-m/nofp\libc_nano.a(lib_a-memchr-stub.o)
                0x00000000080040f0                memchr
 .text.__malloc_lock
                0x000000000800410c        0xc d:/program1/stm32cube/stm32cubeide_1.7.0/stm32cubeide/plugins/com.st.stm32cube.ide.mcu.externaltools.gnu-tools-for-stm32.10.3-2021.10.win32_1.0.0.202111181127/tools/bin/../lib/gcc/arm-none-eabi/10.3.1/../../../../arm-none-eabi/lib/thumb/v7-m/nofp\libc_nano.a(lib_a-mlock.o)
                0x000000000800410c                __malloc_lock
 .text.__malloc_unlock
                0x0000000008004118        0xc d:/program1/stm32cube/stm32cubeide_1.7.0/stm32cubeide/plugins/com.st.stm32cube.ide.mcu.externaltools.gnu-tools-for-stm32.10.3-2021.10.win32_1.0.0.202111181127/tools/bin/../lib/gcc/arm-none-eabi/10.3.1/../../../../arm-none-eabi/lib/thumb/v7-m/nofp\libc_nano.a(lib_a-mlock.o)
                0x0000000008004118                __malloc_unlock
 .text._read_r  0x0000000008004124       0x24 d:/program1/stm32cube/stm32cubeide_1.7.0/stm32cubeide/plugins/com.st.stm32cube.ide.mcu.externaltools.gnu-tools-for-stm32.10.3-2021.10.win32_1.0.0.202111181127/tools/bin/../lib/gcc/arm-none-eabi/10.3.1/../../../../arm-none-eabi/lib/thumb/v7-m/nofp\libc_nano.a(lib_a-readr.o)
                0x0000000008004124                _read_r
 *(.glue_7)
 .glue_7        0x0000000008004148        0x0 linker stubs
 *(.glue_7t)
 .glue_7t       0x0000000008004148        0x0 linker stubs
 *(.eh_frame)
 .eh_frame      0x0000000008004148        0x0 d:/program1/stm32cube/stm32cubeide_1.7.0/stm32cubeide/plugins/com.st.stm32cube.ide.mcu.externaltools.gnu-tools-for-stm32.10.3-2021.10.win32_1.0.0.202111181127/tools/bin/../lib/gcc/arm-none-eabi/10.3.1/thumb/v7-m/nofp/crtbegin.o
 *(.init)
 .init          0x0000000008004148        0x4 d:/program1/stm32cube/stm32cubeide_1.7.0/stm32cubeide/plugins/com.st.stm32cube.ide.mcu.externaltools.gnu-tools-for-stm32.10.3-2021.10.win32_1.0.0.202111181127/tools/bin/../lib/gcc/arm-none-eabi/10.3.1/thumb/v7-m/nofp/crti.o
                0x0000000008004148                _init
 .init          0x000000000800414c        0x8 d:/program1/stm32cube/stm32cubeide_1.7.0/stm32cubeide/plugins/com.st.stm32cube.ide.mcu.externaltools.gnu-tools-for-stm32.10.3-2021.10.win32_1.0.0.202111181127/tools/bin/../lib/gcc/arm-none-eabi/10.3.1/thumb/v7-m/nofp/crtn.o
 *(.fini)
 .fini          0x0000000008004154        0x4 d:/program1/stm32cube/stm32cubeide_1.7.0/stm32cubeide/plugins/com.st.stm32cube.ide.mcu.externaltools.gnu-tools-for-stm32.10.3-2021.10.win32_1.0.0.202111181127/tools/bin/../lib/gcc/arm-none-eabi/10.3.1/thumb/v7-m/nofp/crti.o
                0x0000000008004154                _fini
 .fini          0x0000000008004158        0x8 d:/program1/stm32cube/stm32cubeide_1.7.0/stm32cubeide/plugins/com.st.stm32cube.ide.mcu.externaltools.gnu-tools-for-stm32.10.3-2021.10.win32_1.0.0.202111181127/tools/bin/../lib/gcc/arm-none-eabi/10.3.1/thumb/v7-m/nofp/crtn.o
                0x0000000008004160                . = ALIGN (0x4)
                0x0000000008004160                _etext = .

.vfp11_veneer   0x0000000008004160        0x0
 .vfp11_veneer  0x0000000008004160        0x0 linker stubs

.v4_bx          0x0000000008004160        0x0
 .v4_bx         0x0000000008004160        0x0 linker stubs

.iplt           0x0000000008004160        0x0
 .iplt          0x0000000008004160        0x0 d:/program1/stm32cube/stm32cubeide_1.7.0/stm32cubeide/plugins/com.st.stm32cube.ide.mcu.externaltools.gnu-tools-for-stm32.10.3-2021.10.win32_1.0.0.202111181127/tools/bin/../lib/gcc/arm-none-eabi/10.3.1/thumb/v7-m/nofp/crtbegin.o

.rodata         0x0000000008004160      0x124
                0x0000000008004160                . = ALIGN (0x4)
 *(.rodata)
 .rodata        0x0000000008004160        0xa ./BSP/bsp.o
 *fill*         0x000000000800416a        0x2 
 .rodata        0x000000000800416c       0x46 ./BSP/bsp_sbus.o
 *fill*         0x00000000080041b2        0x2 
 .rodata        0x00000000080041b4        0xd ./BSP/bsp_uart.o
 *fill*         0x00000000080041c1        0x3 
 .rodata        0x00000000080041c4       0x10 ./Drivers/STM32F1xx_HAL_Driver/Src/stm32f1xx_hal_rcc.o
 *(.rodata*)
 .rodata.AHBPrescTable
                0x00000000080041d4       0x10 ./Core/Src/system_stm32f1xx.o
                0x00000000080041d4                AHBPrescTable
 .rodata.APBPrescTable
                0x00000000080041e4        0x8 ./Core/Src/system_stm32f1xx.o
                0x00000000080041e4                APBPrescTable
 .rodata._global_impure_ptr
                0x00000000080041ec        0x4 d:/program1/stm32cube/stm32cubeide_1.7.0/stm32cubeide/plugins/com.st.stm32cube.ide.mcu.externaltools.gnu-tools-for-stm32.10.3-2021.10.win32_1.0.0.202111181127/tools/bin/../lib/gcc/arm-none-eabi/10.3.1/../../../../arm-none-eabi/lib/thumb/v7-m/nofp\libc_nano.a(lib_a-impure.o)
                0x00000000080041ec                _global_impure_ptr
 .rodata.__sf_fake_stderr
                0x00000000080041f0       0x20 d:/program1/stm32cube/stm32cubeide_1.7.0/stm32cubeide/plugins/com.st.stm32cube.ide.mcu.externaltools.gnu-tools-for-stm32.10.3-2021.10.win32_1.0.0.202111181127/tools/bin/../lib/gcc/arm-none-eabi/10.3.1/../../../../arm-none-eabi/lib/thumb/v7-m/nofp\libc_nano.a(lib_a-findfp.o)
                0x00000000080041f0                __sf_fake_stderr
 .rodata.__sf_fake_stdin
                0x0000000008004210       0x20 d:/program1/stm32cube/stm32cubeide_1.7.0/stm32cubeide/plugins/com.st.stm32cube.ide.mcu.externaltools.gnu-tools-for-stm32.10.3-2021.10.win32_1.0.0.202111181127/tools/bin/../lib/gcc/arm-none-eabi/10.3.1/../../../../arm-none-eabi/lib/thumb/v7-m/nofp\libc_nano.a(lib_a-findfp.o)
                0x0000000008004210                __sf_fake_stdin
 .rodata.__sf_fake_stdout
                0x0000000008004230       0x20 d:/program1/stm32cube/stm32cubeide_1.7.0/stm32cubeide/plugins/com.st.stm32cube.ide.mcu.externaltools.gnu-tools-for-stm32.10.3-2021.10.win32_1.0.0.202111181127/tools/bin/../lib/gcc/arm-none-eabi/10.3.1/../../../../arm-none-eabi/lib/thumb/v7-m/nofp\libc_nano.a(lib_a-findfp.o)
                0x0000000008004230                __sf_fake_stdout
 .rodata._vfprintf_r.str1.1
                0x0000000008004250       0x11 d:/program1/stm32cube/stm32cubeide_1.7.0/stm32cubeide/plugins/com.st.stm32cube.ide.mcu.externaltools.gnu-tools-for-stm32.10.3-2021.10.win32_1.0.0.202111181127/tools/bin/../lib/gcc/arm-none-eabi/10.3.1/../../../../arm-none-eabi/lib/thumb/v7-m/nofp\libc_nano.a(lib_a-nano-vfprintf.o)
 .rodata._printf_i.str1.1
                0x0000000008004261       0x22 d:/program1/stm32cube/stm32cubeide_1.7.0/stm32cubeide/plugins/com.st.stm32cube.ide.mcu.externaltools.gnu-tools-for-stm32.10.3-2021.10.win32_1.0.0.202111181127/tools/bin/../lib/gcc/arm-none-eabi/10.3.1/../../../../arm-none-eabi/lib/thumb/v7-m/nofp\libc_nano.a(lib_a-nano-vfprintf_i.o)
                0x0000000008004284                . = ALIGN (0x4)
 *fill*         0x0000000008004283        0x1 

.rel.dyn        0x0000000008004284        0x0
 .rel.iplt      0x0000000008004284        0x0 d:/program1/stm32cube/stm32cubeide_1.7.0/stm32cubeide/plugins/com.st.stm32cube.ide.mcu.externaltools.gnu-tools-for-stm32.10.3-2021.10.win32_1.0.0.202111181127/tools/bin/../lib/gcc/arm-none-eabi/10.3.1/thumb/v7-m/nofp/crtbegin.o

.ARM.extab      0x0000000008004284        0x0
                0x0000000008004284                . = ALIGN (0x4)
 *(.ARM.extab* .gnu.linkonce.armextab.*)
                0x0000000008004284                . = ALIGN (0x4)

.ARM            0x0000000008004284        0x0
                0x0000000008004284                . = ALIGN (0x4)
                0x0000000008004284                __exidx_start = .
 *(.ARM.exidx*)
                0x0000000008004284                __exidx_end = .
                0x0000000008004284                . = ALIGN (0x4)

.preinit_array  0x0000000008004284        0x0
                0x0000000008004284                . = ALIGN (0x4)
                0x0000000008004284                PROVIDE (__preinit_array_start = .)
 *(.preinit_array*)
                0x0000000008004284                PROVIDE (__preinit_array_end = .)
                0x0000000008004284                . = ALIGN (0x4)

.init_array     0x0000000008004284        0x4
                0x0000000008004284                . = ALIGN (0x4)
                0x0000000008004284                PROVIDE (__init_array_start = .)
 *(SORT_BY_NAME(.init_array.*))
 *(.init_array*)
 .init_array    0x0000000008004284        0x4 d:/program1/stm32cube/stm32cubeide_1.7.0/stm32cubeide/plugins/com.st.stm32cube.ide.mcu.externaltools.gnu-tools-for-stm32.10.3-2021.10.win32_1.0.0.202111181127/tools/bin/../lib/gcc/arm-none-eabi/10.3.1/thumb/v7-m/nofp/crtbegin.o
                0x0000000008004288                PROVIDE (__init_array_end = .)
                0x0000000008004288                . = ALIGN (0x4)

.fini_array     0x0000000008004288        0x4
                0x0000000008004288                . = ALIGN (0x4)
                [!provide]                        PROVIDE (__fini_array_start = .)
 *(SORT_BY_NAME(.fini_array.*))
 *(.fini_array*)
 .fini_array    0x0000000008004288        0x4 d:/program1/stm32cube/stm32cubeide_1.7.0/stm32cubeide/plugins/com.st.stm32cube.ide.mcu.externaltools.gnu-tools-for-stm32.10.3-2021.10.win32_1.0.0.202111181127/tools/bin/../lib/gcc/arm-none-eabi/10.3.1/thumb/v7-m/nofp/crtbegin.o
                [!provide]                        PROVIDE (__fini_array_end = .)
                0x000000000800428c                . = ALIGN (0x4)
                0x000000000800428c                _sidata = LOADADDR (.data)

.data           0x0000000020000000       0x74 load address 0x000000000800428c
                0x0000000020000000                . = ALIGN (0x4)
                0x0000000020000000                _sdata = .
 *(.data)
 *(.data*)
 .data.failsafe_status
                0x0000000020000000        0x1 ./BSP/bsp_sbus.o
                0x0000000020000000                failsafe_status
 *fill*         0x0000000020000001        0x3 
 .data.SystemCoreClock
                0x0000000020000004        0x4 ./Core/Src/system_stm32f1xx.o
                0x0000000020000004                SystemCoreClock
 .data.uwTickPrio
                0x0000000020000008        0x4 ./Drivers/STM32F1xx_HAL_Driver/Src/stm32f1xx_hal.o
                0x0000000020000008                uwTickPrio
 .data.uwTickFreq
                0x000000002000000c        0x1 ./Drivers/STM32F1xx_HAL_Driver/Src/stm32f1xx_hal.o
                0x000000002000000c                uwTickFreq
 *fill*         0x000000002000000d        0x3 
 .data._impure_ptr
                0x0000000020000010        0x4 d:/program1/stm32cube/stm32cubeide_1.7.0/stm32cubeide/plugins/com.st.stm32cube.ide.mcu.externaltools.gnu-tools-for-stm32.10.3-2021.10.win32_1.0.0.202111181127/tools/bin/../lib/gcc/arm-none-eabi/10.3.1/../../../../arm-none-eabi/lib/thumb/v7-m/nofp\libc_nano.a(lib_a-impure.o)
                0x0000000020000010                _impure_ptr
 .data.impure_data
                0x0000000020000014       0x60 d:/program1/stm32cube/stm32cubeide_1.7.0/stm32cubeide/plugins/com.st.stm32cube.ide.mcu.externaltools.gnu-tools-for-stm32.10.3-2021.10.win32_1.0.0.202111181127/tools/bin/../lib/gcc/arm-none-eabi/10.3.1/../../../../arm-none-eabi/lib/thumb/v7-m/nofp\libc_nano.a(lib_a-impure.o)
 *(.RamFunc)
 *(.RamFunc*)
                0x0000000020000074                . = ALIGN (0x4)
                0x0000000020000074                _edata = .

.igot.plt       0x0000000020000074        0x0 load address 0x0000000008004300
 .igot.plt      0x0000000020000074        0x0 d:/program1/stm32cube/stm32cubeide_1.7.0/stm32cubeide/plugins/com.st.stm32cube.ide.mcu.externaltools.gnu-tools-for-stm32.10.3-2021.10.win32_1.0.0.202111181127/tools/bin/../lib/gcc/arm-none-eabi/10.3.1/thumb/v7-m/nofp/crtbegin.o
                0x0000000020000074                . = ALIGN (0x4)

.bss            0x0000000020000074      0x174 load address 0x0000000008004300
                0x0000000020000074                _sbss = .
                0x0000000020000074                __bss_start__ = _sbss
 *(.bss)
 .bss           0x0000000020000074       0x1c d:/program1/stm32cube/stm32cubeide_1.7.0/stm32cubeide/plugins/com.st.stm32cube.ide.mcu.externaltools.gnu-tools-for-stm32.10.3-2021.10.win32_1.0.0.202111181127/tools/bin/../lib/gcc/arm-none-eabi/10.3.1/thumb/v7-m/nofp/crtbegin.o
 *(.bss*)
 .bss.led_count.1
                0x0000000020000090        0x1 ./BSP/bsp.o
 *fill*         0x0000000020000091        0x3 
 .bss.press.0   0x0000000020000094        0x4 ./BSP/bsp.o
 .bss.beep_on_time
                0x0000000020000098        0x2 ./BSP/bsp_beep.o
                0x0000000020000098                beep_on_time
 .bss.beep_state
                0x000000002000009a        0x1 ./BSP/bsp_beep.o
                0x000000002000009a                beep_state
 *fill*         0x000000002000009b        0x1 
 .bss.key1_state.0
                0x000000002000009c        0x2 ./BSP/bsp_key.o
 .bss.sbus_start
                0x000000002000009e        0x1 ./BSP/bsp_sbus.o
                0x000000002000009e                sbus_start
 .bss.sbus_buf_index
                0x000000002000009f        0x1 ./BSP/bsp_sbus.o
                0x000000002000009f                sbus_buf_index
 .bss.sbus_new_cmd
                0x00000000200000a0        0x1 ./BSP/bsp_sbus.o
                0x00000000200000a0                sbus_new_cmd
 *fill*         0x00000000200000a1        0x3 
 .bss.inBuffer  0x00000000200000a4       0x19 ./BSP/bsp_sbus.o
                0x00000000200000a4                inBuffer
 *fill*         0x00000000200000bd        0x3 
 .bss.sbus_data
                0x00000000200000c0       0x19 ./BSP/bsp_sbus.o
                0x00000000200000c0                sbus_data
 *fill*         0x00000000200000d9        0x3 
 .bss.g_sbus_channels
                0x00000000200000dc       0x24 ./BSP/bsp_sbus.o
                0x00000000200000dc                g_sbus_channels
 .bss.RxTemp    0x0000000020000100        0x1 ./BSP/bsp_uart.o
                0x0000000020000100                RxTemp
 .bss.RxTemp_2  0x0000000020000101        0x1 ./BSP/bsp_uart.o
                0x0000000020000101                RxTemp_2
 *fill*         0x0000000020000102        0x2 
 .bss.__sbrk_heap_end
                0x0000000020000104        0x4 ./Core/Src/sysmem.o
 .bss.huart1    0x0000000020000108       0x44 ./Core/Src/usart.o
                0x0000000020000108                huart1
 .bss.huart2    0x000000002000014c       0x44 ./Core/Src/usart.o
                0x000000002000014c                huart2
 .bss.hdma_usart1_tx
                0x0000000020000190       0x44 ./Core/Src/usart.o
                0x0000000020000190                hdma_usart1_tx
 .bss.uwTick    0x00000000200001d4        0x4 ./Drivers/STM32F1xx_HAL_Driver/Src/stm32f1xx_hal.o
                0x00000000200001d4                uwTick
 .bss.__lock___malloc_recursive_mutex
                0x00000000200001d8        0x1 d:/program1/stm32cube/stm32cubeide_1.7.0/stm32cubeide/plugins/com.st.stm32cube.ide.mcu.externaltools.gnu-tools-for-stm32.10.3-2021.10.win32_1.0.0.202111181127/tools/bin/../lib/gcc/arm-none-eabi/10.3.1/../../../../arm-none-eabi/lib/thumb/v7-m/nofp\libc_nano.a(lib_a-lock.o)
                0x00000000200001d8                __lock___malloc_recursive_mutex
 .bss.__lock___sfp_recursive_mutex
                0x00000000200001d9        0x1 d:/program1/stm32cube/stm32cubeide_1.7.0/stm32cubeide/plugins/com.st.stm32cube.ide.mcu.externaltools.gnu-tools-for-stm32.10.3-2021.10.win32_1.0.0.202111181127/tools/bin/../lib/gcc/arm-none-eabi/10.3.1/../../../../arm-none-eabi/lib/thumb/v7-m/nofp\libc_nano.a(lib_a-lock.o)
                0x00000000200001d9                __lock___sfp_recursive_mutex
 .bss.__lock___sinit_recursive_mutex
                0x00000000200001da        0x1 d:/program1/stm32cube/stm32cubeide_1.7.0/stm32cubeide/plugins/com.st.stm32cube.ide.mcu.externaltools.gnu-tools-for-stm32.10.3-2021.10.win32_1.0.0.202111181127/tools/bin/../lib/gcc/arm-none-eabi/10.3.1/../../../../arm-none-eabi/lib/thumb/v7-m/nofp\libc_nano.a(lib_a-lock.o)
                0x00000000200001da                __lock___sinit_recursive_mutex
 *fill*         0x00000000200001db        0x1 
 .bss.__malloc_free_list
                0x00000000200001dc        0x4 d:/program1/stm32cube/stm32cubeide_1.7.0/stm32cubeide/plugins/com.st.stm32cube.ide.mcu.externaltools.gnu-tools-for-stm32.10.3-2021.10.win32_1.0.0.202111181127/tools/bin/../lib/gcc/arm-none-eabi/10.3.1/../../../../arm-none-eabi/lib/thumb/v7-m/nofp\libc_nano.a(lib_a-nano-mallocr.o)
                0x00000000200001dc                __malloc_free_list
 .bss.__malloc_sbrk_start
                0x00000000200001e0        0x4 d:/program1/stm32cube/stm32cubeide_1.7.0/stm32cubeide/plugins/com.st.stm32cube.ide.mcu.externaltools.gnu-tools-for-stm32.10.3-2021.10.win32_1.0.0.202111181127/tools/bin/../lib/gcc/arm-none-eabi/10.3.1/../../../../arm-none-eabi/lib/thumb/v7-m/nofp\libc_nano.a(lib_a-nano-mallocr.o)
                0x00000000200001e0                __malloc_sbrk_start
 .bss.errno     0x00000000200001e4        0x4 d:/program1/stm32cube/stm32cubeide_1.7.0/stm32cubeide/plugins/com.st.stm32cube.ide.mcu.externaltools.gnu-tools-for-stm32.10.3-2021.10.win32_1.0.0.202111181127/tools/bin/../lib/gcc/arm-none-eabi/10.3.1/../../../../arm-none-eabi/lib/thumb/v7-m/nofp\libc_nano.a(lib_a-reent.o)
                0x00000000200001e4                errno
 *(COMMON)
                0x00000000200001e8                . = ALIGN (0x4)
                0x00000000200001e8                _ebss = .
                0x00000000200001e8                __bss_end__ = _ebss

._user_heap_stack
                0x00000000200001e8      0x600 load address 0x0000000008004300
                0x00000000200001e8                . = ALIGN (0x8)
                [!provide]                        PROVIDE (end = .)
                0x00000000200001e8                PROVIDE (_end = .)
                0x00000000200003e8                . = (. + _Min_Heap_Size)
 *fill*         0x00000000200001e8      0x200 
                0x00000000200007e8                . = (. + _Min_Stack_Size)
 *fill*         0x00000000200003e8      0x400 
                0x00000000200007e8                . = ALIGN (0x8)

/DISCARD/
 libc.a(*)
 libm.a(*)
 libgcc.a(*)

.ARM.attributes
                0x0000000000000000       0x29
 *(.ARM.attributes)
 .ARM.attributes
                0x0000000000000000       0x1d d:/program1/stm32cube/stm32cubeide_1.7.0/stm32cubeide/plugins/com.st.stm32cube.ide.mcu.externaltools.gnu-tools-for-stm32.10.3-2021.10.win32_1.0.0.202111181127/tools/bin/../lib/gcc/arm-none-eabi/10.3.1/thumb/v7-m/nofp/crti.o
 .ARM.attributes
                0x000000000000001d       0x2d d:/program1/stm32cube/stm32cubeide_1.7.0/stm32cubeide/plugins/com.st.stm32cube.ide.mcu.externaltools.gnu-tools-for-stm32.10.3-2021.10.win32_1.0.0.202111181127/tools/bin/../lib/gcc/arm-none-eabi/10.3.1/thumb/v7-m/nofp/crtbegin.o
 .ARM.attributes
                0x000000000000004a       0x2d ./BSP/bsp.o
 .ARM.attributes
                0x0000000000000077       0x2d ./BSP/bsp_beep.o
 .ARM.attributes
                0x00000000000000a4       0x2d ./BSP/bsp_key.o
 .ARM.attributes
                0x00000000000000d1       0x2d ./BSP/bsp_sbus.o
 .ARM.attributes
                0x00000000000000fe       0x2d ./BSP/bsp_uart.o
 .ARM.attributes
                0x000000000000012b       0x2d ./Core/Src/dma.o
 .ARM.attributes
                0x0000000000000158       0x2d ./Core/Src/gpio.o
 .ARM.attributes
                0x0000000000000185       0x2d ./Core/Src/main.o
 .ARM.attributes
                0x00000000000001b2       0x2d ./Core/Src/stm32f1xx_hal_msp.o
 .ARM.attributes
                0x00000000000001df       0x2d ./Core/Src/stm32f1xx_it.o
 .ARM.attributes
                0x000000000000020c       0x2d ./Core/Src/syscalls.o
 .ARM.attributes
                0x0000000000000239       0x2d ./Core/Src/sysmem.o
 .ARM.attributes
                0x0000000000000266       0x2d ./Core/Src/system_stm32f1xx.o
 .ARM.attributes
                0x0000000000000293       0x2d ./Core/Src/usart.o
 .ARM.attributes
                0x00000000000002c0       0x21 ./Core/Startup/startup_stm32f103rctx.o
 .ARM.attributes
                0x00000000000002e1       0x2d ./Drivers/STM32F1xx_HAL_Driver/Src/stm32f1xx_hal.o
 .ARM.attributes
                0x000000000000030e       0x2d ./Drivers/STM32F1xx_HAL_Driver/Src/stm32f1xx_hal_cortex.o
 .ARM.attributes
                0x000000000000033b       0x2d ./Drivers/STM32F1xx_HAL_Driver/Src/stm32f1xx_hal_dma.o
 .ARM.attributes
                0x0000000000000368       0x2d ./Drivers/STM32F1xx_HAL_Driver/Src/stm32f1xx_hal_gpio.o
 .ARM.attributes
                0x0000000000000395       0x2d ./Drivers/STM32F1xx_HAL_Driver/Src/stm32f1xx_hal_rcc.o
 .ARM.attributes
                0x00000000000003c2       0x2d ./Drivers/STM32F1xx_HAL_Driver/Src/stm32f1xx_hal_uart.o
 .ARM.attributes
                0x00000000000003ef       0x2d d:/program1/stm32cube/stm32cubeide_1.7.0/stm32cubeide/plugins/com.st.stm32cube.ide.mcu.externaltools.gnu-tools-for-stm32.10.3-2021.10.win32_1.0.0.202111181127/tools/bin/../lib/gcc/arm-none-eabi/10.3.1/../../../../arm-none-eabi/lib/thumb/v7-m/nofp\libc_nano.a(lib_a-errno.o)
 .ARM.attributes
                0x000000000000041c       0x2d d:/program1/stm32cube/stm32cubeide_1.7.0/stm32cubeide/plugins/com.st.stm32cube.ide.mcu.externaltools.gnu-tools-for-stm32.10.3-2021.10.win32_1.0.0.202111181127/tools/bin/../lib/gcc/arm-none-eabi/10.3.1/../../../../arm-none-eabi/lib/thumb/v7-m/nofp\libc_nano.a(lib_a-impure.o)
 .ARM.attributes
                0x0000000000000449       0x2d d:/program1/stm32cube/stm32cubeide_1.7.0/stm32cubeide/plugins/com.st.stm32cube.ide.mcu.externaltools.gnu-tools-for-stm32.10.3-2021.10.win32_1.0.0.202111181127/tools/bin/../lib/gcc/arm-none-eabi/10.3.1/../../../../arm-none-eabi/lib/thumb/v7-m/nofp\libc_nano.a(lib_a-init.o)
 .ARM.attributes
                0x0000000000000476       0x2d d:/program1/stm32cube/stm32cubeide_1.7.0/stm32cubeide/plugins/com.st.stm32cube.ide.mcu.externaltools.gnu-tools-for-stm32.10.3-2021.10.win32_1.0.0.202111181127/tools/bin/../lib/gcc/arm-none-eabi/10.3.1/../../../../arm-none-eabi/lib/thumb/v7-m/nofp\libc_nano.a(lib_a-memset.o)
 .ARM.attributes
                0x00000000000004a3       0x2d d:/program1/stm32cube/stm32cubeide_1.7.0/stm32cubeide/plugins/com.st.stm32cube.ide.mcu.externaltools.gnu-tools-for-stm32.10.3-2021.10.win32_1.0.0.202111181127/tools/bin/../lib/gcc/arm-none-eabi/10.3.1/../../../../arm-none-eabi/lib/thumb/v7-m/nofp\libc_nano.a(lib_a-printf.o)
 .ARM.attributes
                0x00000000000004d0       0x2d d:/program1/stm32cube/stm32cubeide_1.7.0/stm32cubeide/plugins/com.st.stm32cube.ide.mcu.externaltools.gnu-tools-for-stm32.10.3-2021.10.win32_1.0.0.202111181127/tools/bin/../lib/gcc/arm-none-eabi/10.3.1/../../../../arm-none-eabi/lib/thumb/v7-m/nofp\libc_nano.a(lib_a-puts.o)
 .ARM.attributes
                0x00000000000004fd       0x2d d:/program1/stm32cube/stm32cubeide_1.7.0/stm32cubeide/plugins/com.st.stm32cube.ide.mcu.externaltools.gnu-tools-for-stm32.10.3-2021.10.win32_1.0.0.202111181127/tools/bin/../lib/gcc/arm-none-eabi/10.3.1/../../../../arm-none-eabi/lib/thumb/v7-m/nofp\libc_nano.a(lib_a-wbuf.o)
 .ARM.attributes
                0x000000000000052a       0x2d d:/program1/stm32cube/stm32cubeide_1.7.0/stm32cubeide/plugins/com.st.stm32cube.ide.mcu.externaltools.gnu-tools-for-stm32.10.3-2021.10.win32_1.0.0.202111181127/tools/bin/../lib/gcc/arm-none-eabi/10.3.1/../../../../arm-none-eabi/lib/thumb/v7-m/nofp\libc_nano.a(lib_a-wsetup.o)
 .ARM.attributes
                0x0000000000000557       0x2d d:/program1/stm32cube/stm32cubeide_1.7.0/stm32cubeide/plugins/com.st.stm32cube.ide.mcu.externaltools.gnu-tools-for-stm32.10.3-2021.10.win32_1.0.0.202111181127/tools/bin/../lib/gcc/arm-none-eabi/10.3.1/../../../../arm-none-eabi/lib/thumb/v7-m/nofp\libc_nano.a(lib_a-fflush.o)
 .ARM.attributes
                0x0000000000000584       0x2d d:/program1/stm32cube/stm32cubeide_1.7.0/stm32cubeide/plugins/com.st.stm32cube.ide.mcu.externaltools.gnu-tools-for-stm32.10.3-2021.10.win32_1.0.0.202111181127/tools/bin/../lib/gcc/arm-none-eabi/10.3.1/../../../../arm-none-eabi/lib/thumb/v7-m/nofp\libc_nano.a(lib_a-findfp.o)
 .ARM.attributes
                0x00000000000005b1       0x2d d:/program1/stm32cube/stm32cubeide_1.7.0/stm32cubeide/plugins/com.st.stm32cube.ide.mcu.externaltools.gnu-tools-for-stm32.10.3-2021.10.win32_1.0.0.202111181127/tools/bin/../lib/gcc/arm-none-eabi/10.3.1/../../../../arm-none-eabi/lib/thumb/v7-m/nofp\libc_nano.a(lib_a-fwalk.o)
 .ARM.attributes
                0x00000000000005de       0x2d d:/program1/stm32cube/stm32cubeide_1.7.0/stm32cubeide/plugins/com.st.stm32cube.ide.mcu.externaltools.gnu-tools-for-stm32.10.3-2021.10.win32_1.0.0.202111181127/tools/bin/../lib/gcc/arm-none-eabi/10.3.1/../../../../arm-none-eabi/lib/thumb/v7-m/nofp\libc_nano.a(lib_a-lock.o)
 .ARM.attributes
                0x000000000000060b       0x2d d:/program1/stm32cube/stm32cubeide_1.7.0/stm32cubeide/plugins/com.st.stm32cube.ide.mcu.externaltools.gnu-tools-for-stm32.10.3-2021.10.win32_1.0.0.202111181127/tools/bin/../lib/gcc/arm-none-eabi/10.3.1/../../../../arm-none-eabi/lib/thumb/v7-m/nofp\libc_nano.a(lib_a-makebuf.o)
 .ARM.attributes
                0x0000000000000638       0x2d d:/program1/stm32cube/stm32cubeide_1.7.0/stm32cubeide/plugins/com.st.stm32cube.ide.mcu.externaltools.gnu-tools-for-stm32.10.3-2021.10.win32_1.0.0.202111181127/tools/bin/../lib/gcc/arm-none-eabi/10.3.1/../../../../arm-none-eabi/lib/thumb/v7-m/nofp\libc_nano.a(lib_a-nano-freer.o)
 .ARM.attributes
                0x0000000000000665       0x2d d:/program1/stm32cube/stm32cubeide_1.7.0/stm32cubeide/plugins/com.st.stm32cube.ide.mcu.externaltools.gnu-tools-for-stm32.10.3-2021.10.win32_1.0.0.202111181127/tools/bin/../lib/gcc/arm-none-eabi/10.3.1/../../../../arm-none-eabi/lib/thumb/v7-m/nofp\libc_nano.a(lib_a-nano-mallocr.o)
 .ARM.attributes
                0x0000000000000692       0x2d d:/program1/stm32cube/stm32cubeide_1.7.0/stm32cubeide/plugins/com.st.stm32cube.ide.mcu.externaltools.gnu-tools-for-stm32.10.3-2021.10.win32_1.0.0.202111181127/tools/bin/../lib/gcc/arm-none-eabi/10.3.1/../../../../arm-none-eabi/lib/thumb/v7-m/nofp\libc_nano.a(lib_a-nano-vfprintf.o)
 .ARM.attributes
                0x00000000000006bf       0x2d d:/program1/stm32cube/stm32cubeide_1.7.0/stm32cubeide/plugins/com.st.stm32cube.ide.mcu.externaltools.gnu-tools-for-stm32.10.3-2021.10.win32_1.0.0.202111181127/tools/bin/../lib/gcc/arm-none-eabi/10.3.1/../../../../arm-none-eabi/lib/thumb/v7-m/nofp\libc_nano.a(lib_a-nano-vfprintf_i.o)
 .ARM.attributes
                0x00000000000006ec       0x2d d:/program1/stm32cube/stm32cubeide_1.7.0/stm32cubeide/plugins/com.st.stm32cube.ide.mcu.externaltools.gnu-tools-for-stm32.10.3-2021.10.win32_1.0.0.202111181127/tools/bin/../lib/gcc/arm-none-eabi/10.3.1/../../../../arm-none-eabi/lib/thumb/v7-m/nofp\libc_nano.a(lib_a-sbrkr.o)
 .ARM.attributes
                0x0000000000000719       0x2d d:/program1/stm32cube/stm32cubeide_1.7.0/stm32cubeide/plugins/com.st.stm32cube.ide.mcu.externaltools.gnu-tools-for-stm32.10.3-2021.10.win32_1.0.0.202111181127/tools/bin/../lib/gcc/arm-none-eabi/10.3.1/../../../../arm-none-eabi/lib/thumb/v7-m/nofp\libc_nano.a(lib_a-stdio.o)
 .ARM.attributes
                0x0000000000000746       0x2d d:/program1/stm32cube/stm32cubeide_1.7.0/stm32cubeide/plugins/com.st.stm32cube.ide.mcu.externaltools.gnu-tools-for-stm32.10.3-2021.10.win32_1.0.0.202111181127/tools/bin/../lib/gcc/arm-none-eabi/10.3.1/../../../../arm-none-eabi/lib/thumb/v7-m/nofp\libc_nano.a(lib_a-writer.o)
 .ARM.attributes
                0x0000000000000773       0x2d d:/program1/stm32cube/stm32cubeide_1.7.0/stm32cubeide/plugins/com.st.stm32cube.ide.mcu.externaltools.gnu-tools-for-stm32.10.3-2021.10.win32_1.0.0.202111181127/tools/bin/../lib/gcc/arm-none-eabi/10.3.1/../../../../arm-none-eabi/lib/thumb/v7-m/nofp\libc_nano.a(lib_a-closer.o)
 .ARM.attributes
                0x00000000000007a0       0x2d d:/program1/stm32cube/stm32cubeide_1.7.0/stm32cubeide/plugins/com.st.stm32cube.ide.mcu.externaltools.gnu-tools-for-stm32.10.3-2021.10.win32_1.0.0.202111181127/tools/bin/../lib/gcc/arm-none-eabi/10.3.1/../../../../arm-none-eabi/lib/thumb/v7-m/nofp\libc_nano.a(lib_a-fstatr.o)
 .ARM.attributes
                0x00000000000007cd       0x2d d:/program1/stm32cube/stm32cubeide_1.7.0/stm32cubeide/plugins/com.st.stm32cube.ide.mcu.externaltools.gnu-tools-for-stm32.10.3-2021.10.win32_1.0.0.202111181127/tools/bin/../lib/gcc/arm-none-eabi/10.3.1/../../../../arm-none-eabi/lib/thumb/v7-m/nofp\libc_nano.a(lib_a-isattyr.o)
 .ARM.attributes
                0x00000000000007fa       0x2d d:/program1/stm32cube/stm32cubeide_1.7.0/stm32cubeide/plugins/com.st.stm32cube.ide.mcu.externaltools.gnu-tools-for-stm32.10.3-2021.10.win32_1.0.0.202111181127/tools/bin/../lib/gcc/arm-none-eabi/10.3.1/../../../../arm-none-eabi/lib/thumb/v7-m/nofp\libc_nano.a(lib_a-lseekr.o)
 .ARM.attributes
                0x0000000000000827       0x2d d:/program1/stm32cube/stm32cubeide_1.7.0/stm32cubeide/plugins/com.st.stm32cube.ide.mcu.externaltools.gnu-tools-for-stm32.10.3-2021.10.win32_1.0.0.202111181127/tools/bin/../lib/gcc/arm-none-eabi/10.3.1/../../../../arm-none-eabi/lib/thumb/v7-m/nofp\libc_nano.a(lib_a-memchr-stub.o)
 .ARM.attributes
                0x0000000000000854       0x2d d:/program1/stm32cube/stm32cubeide_1.7.0/stm32cubeide/plugins/com.st.stm32cube.ide.mcu.externaltools.gnu-tools-for-stm32.10.3-2021.10.win32_1.0.0.202111181127/tools/bin/../lib/gcc/arm-none-eabi/10.3.1/../../../../arm-none-eabi/lib/thumb/v7-m/nofp\libc_nano.a(lib_a-mlock.o)
 .ARM.attributes
                0x0000000000000881       0x2d d:/program1/stm32cube/stm32cubeide_1.7.0/stm32cubeide/plugins/com.st.stm32cube.ide.mcu.externaltools.gnu-tools-for-stm32.10.3-2021.10.win32_1.0.0.202111181127/tools/bin/../lib/gcc/arm-none-eabi/10.3.1/../../../../arm-none-eabi/lib/thumb/v7-m/nofp\libc_nano.a(lib_a-readr.o)
 .ARM.attributes
                0x00000000000008ae       0x2d d:/program1/stm32cube/stm32cubeide_1.7.0/stm32cubeide/plugins/com.st.stm32cube.ide.mcu.externaltools.gnu-tools-for-stm32.10.3-2021.10.win32_1.0.0.202111181127/tools/bin/../lib/gcc/arm-none-eabi/10.3.1/../../../../arm-none-eabi/lib/thumb/v7-m/nofp\libc_nano.a(lib_a-reent.o)
 .ARM.attributes
                0x00000000000008db       0x1d d:/program1/stm32cube/stm32cubeide_1.7.0/stm32cubeide/plugins/com.st.stm32cube.ide.mcu.externaltools.gnu-tools-for-stm32.10.3-2021.10.win32_1.0.0.202111181127/tools/bin/../lib/gcc/arm-none-eabi/10.3.1/thumb/v7-m/nofp/crtn.o
OUTPUT(SBUS.elf elf32-littlearm)
LOAD linker stubs
LOAD d:/program1/stm32cube/stm32cubeide_1.7.0/stm32cubeide/plugins/com.st.stm32cube.ide.mcu.externaltools.gnu-tools-for-stm32.10.3-2021.10.win32_1.0.0.202111181127/tools/bin/../lib/gcc/arm-none-eabi/10.3.1/../../../../arm-none-eabi/lib/thumb/v7-m/nofp\libc.a
LOAD d:/program1/stm32cube/stm32cubeide_1.7.0/stm32cubeide/plugins/com.st.stm32cube.ide.mcu.externaltools.gnu-tools-for-stm32.10.3-2021.10.win32_1.0.0.202111181127/tools/bin/../lib/gcc/arm-none-eabi/10.3.1/../../../../arm-none-eabi/lib/thumb/v7-m/nofp\libm.a
LOAD d:/program1/stm32cube/stm32cubeide_1.7.0/stm32cubeide/plugins/com.st.stm32cube.ide.mcu.externaltools.gnu-tools-for-stm32.10.3-2021.10.win32_1.0.0.202111181127/tools/bin/../lib/gcc/arm-none-eabi/10.3.1/thumb/v7-m/nofp\libgcc.a

.debug_info     0x0000000000000000     0x74ac
 .debug_info    0x0000000000000000      0x241 ./BSP/bsp.o
 .debug_info    0x0000000000000241      0x279 ./BSP/bsp_beep.o
 .debug_info    0x00000000000004ba      0x1df ./BSP/bsp_key.o
 .debug_info    0x0000000000000699      0x1da ./BSP/bsp_sbus.o
 .debug_info    0x0000000000000873      0x6dd ./BSP/bsp_uart.o
 .debug_info    0x0000000000000f50      0x34c ./Core/Src/dma.o
 .debug_info    0x000000000000129c      0x2ee ./Core/Src/gpio.o
 .debug_info    0x000000000000158a      0x2d5 ./Core/Src/main.o
 .debug_info    0x000000000000185f      0x210 ./Core/Src/stm32f1xx_hal_msp.o
 .debug_info    0x0000000000001a6f      0x65d ./Core/Src/stm32f1xx_it.o
 .debug_info    0x00000000000020cc      0x6e0 ./Core/Src/syscalls.o
 .debug_info    0x00000000000027ac      0x171 ./Core/Src/sysmem.o
 .debug_info    0x000000000000291d      0x23d ./Core/Src/system_stm32f1xx.o
 .debug_info    0x0000000000002b5a      0xa84 ./Core/Src/usart.o
 .debug_info    0x00000000000035de       0x22 ./Core/Startup/startup_stm32f103rctx.o
 .debug_info    0x0000000000003600      0x79a ./Drivers/STM32F1xx_HAL_Driver/Src/stm32f1xx_hal.o
 .debug_info    0x0000000000003d9a      0xb86 ./Drivers/STM32F1xx_HAL_Driver/Src/stm32f1xx_hal_cortex.o
 .debug_info    0x0000000000004920      0x73f ./Drivers/STM32F1xx_HAL_Driver/Src/stm32f1xx_hal_dma.o
 .debug_info    0x000000000000505f      0x615 ./Drivers/STM32F1xx_HAL_Driver/Src/stm32f1xx_hal_gpio.o
 .debug_info    0x0000000000005674      0x860 ./Drivers/STM32F1xx_HAL_Driver/Src/stm32f1xx_hal_rcc.o
 .debug_info    0x0000000000005ed4     0x15d8 ./Drivers/STM32F1xx_HAL_Driver/Src/stm32f1xx_hal_uart.o

.debug_abbrev   0x0000000000000000     0x1fff
 .debug_abbrev  0x0000000000000000      0x15b ./BSP/bsp.o
 .debug_abbrev  0x000000000000015b      0x173 ./BSP/bsp_beep.o
 .debug_abbrev  0x00000000000002ce      0x120 ./BSP/bsp_key.o
 .debug_abbrev  0x00000000000003ee      0x111 ./BSP/bsp_sbus.o
 .debug_abbrev  0x00000000000004ff      0x1b8 ./BSP/bsp_uart.o
 .debug_abbrev  0x00000000000006b7       0xf8 ./Core/Src/dma.o
 .debug_abbrev  0x00000000000007af      0x134 ./Core/Src/gpio.o
 .debug_abbrev  0x00000000000008e3      0x16e ./Core/Src/main.o
 .debug_abbrev  0x0000000000000a51       0xd4 ./Core/Src/stm32f1xx_hal_msp.o
 .debug_abbrev  0x0000000000000b25      0x15f ./Core/Src/stm32f1xx_it.o
 .debug_abbrev  0x0000000000000c84      0x1b3 ./Core/Src/syscalls.o
 .debug_abbrev  0x0000000000000e37       0xbb ./Core/Src/sysmem.o
 .debug_abbrev  0x0000000000000ef2      0x13b ./Core/Src/system_stm32f1xx.o
 .debug_abbrev  0x000000000000102d      0x1ff ./Core/Src/usart.o
 .debug_abbrev  0x000000000000122c       0x12 ./Core/Startup/startup_stm32f103rctx.o
 .debug_abbrev  0x000000000000123e      0x1fb ./Drivers/STM32F1xx_HAL_Driver/Src/stm32f1xx_hal.o
 .debug_abbrev  0x0000000000001439      0x2ed ./Drivers/STM32F1xx_HAL_Driver/Src/stm32f1xx_hal_cortex.o
 .debug_abbrev  0x0000000000001726      0x1fe ./Drivers/STM32F1xx_HAL_Driver/Src/stm32f1xx_hal_dma.o
 .debug_abbrev  0x0000000000001924      0x1bb ./Drivers/STM32F1xx_HAL_Driver/Src/stm32f1xx_hal_gpio.o
 .debug_abbrev  0x0000000000001adf      0x2a8 ./Drivers/STM32F1xx_HAL_Driver/Src/stm32f1xx_hal_rcc.o
 .debug_abbrev  0x0000000000001d87      0x278 ./Drivers/STM32F1xx_HAL_Driver/Src/stm32f1xx_hal_uart.o

.debug_aranges  0x0000000000000000      0x8b0
 .debug_aranges
                0x0000000000000000       0x30 ./BSP/bsp.o
 .debug_aranges
                0x0000000000000030       0x48 ./BSP/bsp_beep.o
 .debug_aranges
                0x0000000000000078       0x28 ./BSP/bsp_key.o
 .debug_aranges
                0x00000000000000a0       0x30 ./BSP/bsp_sbus.o
 .debug_aranges
                0x00000000000000d0       0x40 ./BSP/bsp_uart.o
 .debug_aranges
                0x0000000000000110       0x20 ./Core/Src/dma.o
 .debug_aranges
                0x0000000000000130       0x20 ./Core/Src/gpio.o
 .debug_aranges
                0x0000000000000150       0x30 ./Core/Src/main.o
 .debug_aranges
                0x0000000000000180       0x20 ./Core/Src/stm32f1xx_hal_msp.o
 .debug_aranges
                0x00000000000001a0       0x78 ./Core/Src/stm32f1xx_it.o
 .debug_aranges
                0x0000000000000218       0xa8 ./Core/Src/syscalls.o
 .debug_aranges
                0x00000000000002c0       0x20 ./Core/Src/sysmem.o
 .debug_aranges
                0x00000000000002e0       0x28 ./Core/Src/system_stm32f1xx.o
 .debug_aranges
                0x0000000000000308       0x38 ./Core/Src/usart.o
 .debug_aranges
                0x0000000000000340       0x28 ./Core/Startup/startup_stm32f103rctx.o
 .debug_aranges
                0x0000000000000368       0xe0 ./Drivers/STM32F1xx_HAL_Driver/Src/stm32f1xx_hal.o
 .debug_aranges
                0x0000000000000448      0x100 ./Drivers/STM32F1xx_HAL_Driver/Src/stm32f1xx_hal_cortex.o
 .debug_aranges
                0x0000000000000548       0x80 ./Drivers/STM32F1xx_HAL_Driver/Src/stm32f1xx_hal_dma.o
 .debug_aranges
                0x00000000000005c8       0x58 ./Drivers/STM32F1xx_HAL_Driver/Src/stm32f1xx_hal_gpio.o
 .debug_aranges
                0x0000000000000620       0x90 ./Drivers/STM32F1xx_HAL_Driver/Src/stm32f1xx_hal_rcc.o
 .debug_aranges
                0x00000000000006b0      0x200 ./Drivers/STM32F1xx_HAL_Driver/Src/stm32f1xx_hal_uart.o

.debug_ranges   0x0000000000000000      0x798
 .debug_ranges  0x0000000000000000       0x20 ./BSP/bsp.o
 .debug_ranges  0x0000000000000020       0x38 ./BSP/bsp_beep.o
 .debug_ranges  0x0000000000000058       0x18 ./BSP/bsp_key.o
 .debug_ranges  0x0000000000000070       0x20 ./BSP/bsp_sbus.o
 .debug_ranges  0x0000000000000090       0x30 ./BSP/bsp_uart.o
 .debug_ranges  0x00000000000000c0       0x10 ./Core/Src/dma.o
 .debug_ranges  0x00000000000000d0       0x10 ./Core/Src/gpio.o
 .debug_ranges  0x00000000000000e0       0x20 ./Core/Src/main.o
 .debug_ranges  0x0000000000000100       0x10 ./Core/Src/stm32f1xx_hal_msp.o
 .debug_ranges  0x0000000000000110       0x68 ./Core/Src/stm32f1xx_it.o
 .debug_ranges  0x0000000000000178       0x98 ./Core/Src/syscalls.o
 .debug_ranges  0x0000000000000210       0x10 ./Core/Src/sysmem.o
 .debug_ranges  0x0000000000000220       0x18 ./Core/Src/system_stm32f1xx.o
 .debug_ranges  0x0000000000000238       0x28 ./Core/Src/usart.o
 .debug_ranges  0x0000000000000260       0x20 ./Core/Startup/startup_stm32f103rctx.o
 .debug_ranges  0x0000000000000280       0xd0 ./Drivers/STM32F1xx_HAL_Driver/Src/stm32f1xx_hal.o
 .debug_ranges  0x0000000000000350       0xf0 ./Drivers/STM32F1xx_HAL_Driver/Src/stm32f1xx_hal_cortex.o
 .debug_ranges  0x0000000000000440       0x70 ./Drivers/STM32F1xx_HAL_Driver/Src/stm32f1xx_hal_dma.o
 .debug_ranges  0x00000000000004b0       0x48 ./Drivers/STM32F1xx_HAL_Driver/Src/stm32f1xx_hal_gpio.o
 .debug_ranges  0x00000000000004f8       0x80 ./Drivers/STM32F1xx_HAL_Driver/Src/stm32f1xx_hal_rcc.o
 .debug_ranges  0x0000000000000578      0x220 ./Drivers/STM32F1xx_HAL_Driver/Src/stm32f1xx_hal_uart.o

.debug_macro    0x0000000000000000    0x1af62
 .debug_macro   0x0000000000000000      0x34c ./BSP/bsp.o
 .debug_macro   0x000000000000034c      0xa6c ./BSP/bsp.o
 .debug_macro   0x0000000000000db8      0x21b ./BSP/bsp.o
 .debug_macro   0x0000000000000fd3       0x2e ./BSP/bsp.o
 .debug_macro   0x0000000000001001       0x22 ./BSP/bsp.o
 .debug_macro   0x0000000000001023       0x22 ./BSP/bsp.o
 .debug_macro   0x0000000000001045       0x8e ./BSP/bsp.o
 .debug_macro   0x00000000000010d3       0x51 ./BSP/bsp.o
 .debug_macro   0x0000000000001124      0x103 ./BSP/bsp.o
 .debug_macro   0x0000000000001227       0x6a ./BSP/bsp.o
 .debug_macro   0x0000000000001291      0x1df ./BSP/bsp.o
 .debug_macro   0x0000000000001470       0x1c ./BSP/bsp.o
 .debug_macro   0x000000000000148c       0x22 ./BSP/bsp.o
 .debug_macro   0x00000000000014ae       0xbd ./BSP/bsp.o
 .debug_macro   0x000000000000156b      0xd23 ./BSP/bsp.o
 .debug_macro   0x000000000000228e     0xfd8c ./BSP/bsp.o
 .debug_macro   0x000000000001201a       0x6d ./BSP/bsp.o
 .debug_macro   0x0000000000012087     0x3468 ./BSP/bsp.o
 .debug_macro   0x00000000000154ef      0x174 ./BSP/bsp.o
 .debug_macro   0x0000000000015663       0x5c ./BSP/bsp.o
 .debug_macro   0x00000000000156bf      0x5be ./BSP/bsp.o
 .debug_macro   0x0000000000015c7d      0x4d5 ./BSP/bsp.o
 .debug_macro   0x0000000000016152      0x1cb ./BSP/bsp.o
 .debug_macro   0x000000000001631d      0x114 ./BSP/bsp.o
 .debug_macro   0x0000000000016431      0x1ea ./BSP/bsp.o
 .debug_macro   0x000000000001661b       0x27 ./BSP/bsp.o
 .debug_macro   0x0000000000016642      0x144 ./BSP/bsp.o
 .debug_macro   0x0000000000016786      0x1bc ./BSP/bsp.o
 .debug_macro   0x0000000000016942       0x30 ./BSP/bsp.o
 .debug_macro   0x0000000000016972       0x3c ./BSP/bsp.o
 .debug_macro   0x00000000000169ae       0x57 ./BSP/bsp.o
 .debug_macro   0x0000000000016a05       0x88 ./BSP/bsp.o
 .debug_macro   0x0000000000016a8d      0x24f ./BSP/bsp.o
 .debug_macro   0x0000000000016cdc      0x141 ./BSP/bsp.o
 .debug_macro   0x0000000000016e1d      0x279 ./BSP/bsp.o
 .debug_macro   0x0000000000017096       0xb5 ./BSP/bsp.o
 .debug_macro   0x000000000001714b       0x28 ./BSP/bsp.o
 .debug_macro   0x0000000000017173       0x28 ./BSP/bsp.o
 .debug_macro   0x000000000001719b       0x22 ./BSP/bsp.o
 .debug_macro   0x00000000000171bd       0x22 ./BSP/bsp.o
 .debug_macro   0x00000000000171df       0x52 ./BSP/bsp.o
 .debug_macro   0x0000000000017231       0x18 ./BSP/bsp.o
 .debug_macro   0x0000000000017249       0x3c ./BSP/bsp.o
 .debug_macro   0x0000000000017285       0x34 ./BSP/bsp.o
 .debug_macro   0x00000000000172b9       0x16 ./BSP/bsp.o
 .debug_macro   0x00000000000172cf       0x35 ./BSP/bsp.o
 .debug_macro   0x0000000000017304      0x341 ./BSP/bsp.o
 .debug_macro   0x0000000000017645       0x10 ./BSP/bsp.o
 .debug_macro   0x0000000000017655       0x16 ./BSP/bsp.o
 .debug_macro   0x000000000001766b       0x43 ./BSP/bsp.o
 .debug_macro   0x00000000000176ae       0x34 ./BSP/bsp.o
 .debug_macro   0x00000000000176e2       0x10 ./BSP/bsp.o
 .debug_macro   0x00000000000176f2       0x58 ./BSP/bsp.o
 .debug_macro   0x000000000001774a       0x71 ./BSP/bsp.o
 .debug_macro   0x00000000000177bb       0x1c ./BSP/bsp.o
 .debug_macro   0x00000000000177d7      0x12a ./BSP/bsp.o
 .debug_macro   0x0000000000017901       0x10 ./BSP/bsp.o
 .debug_macro   0x0000000000017911       0x1c ./BSP/bsp.o
 .debug_macro   0x000000000001792d       0x52 ./BSP/bsp.o
 .debug_macro   0x000000000001797f       0x22 ./BSP/bsp.o
 .debug_macro   0x00000000000179a1       0x10 ./BSP/bsp.o
 .debug_macro   0x00000000000179b1       0x52 ./BSP/bsp.o
 .debug_macro   0x0000000000017a03       0xd5 ./BSP/bsp.o
 .debug_macro   0x0000000000017ad8       0x1c ./BSP/bsp.o
 .debug_macro   0x0000000000017af4       0x3d ./BSP/bsp.o
 .debug_macro   0x0000000000017b31       0x16 ./BSP/bsp.o
 .debug_macro   0x0000000000017b47      0x145 ./BSP/bsp.o
 .debug_macro   0x0000000000017c8c       0x16 ./BSP/bsp.o
 .debug_macro   0x0000000000017ca2      0x352 ./BSP/bsp_beep.o
 .debug_macro   0x0000000000017ff4       0x22 ./BSP/bsp_beep.o
 .debug_macro   0x0000000000018016      0x352 ./BSP/bsp_key.o
 .debug_macro   0x0000000000018368       0x1c ./BSP/bsp_key.o
 .debug_macro   0x0000000000018384      0x394 ./BSP/bsp_sbus.o
 .debug_macro   0x0000000000018718       0x1c ./BSP/bsp_sbus.o
 .debug_macro   0x0000000000018734       0x16 ./BSP/bsp_sbus.o
 .debug_macro   0x000000000001874a       0x20 ./BSP/bsp_sbus.o
 .debug_macro   0x000000000001876a      0x358 ./BSP/bsp_uart.o
 .debug_macro   0x0000000000018ac2      0x1a7 ./Core/Src/dma.o
 .debug_macro   0x0000000000018c69      0x1a7 ./Core/Src/gpio.o
 .debug_macro   0x0000000000018e10      0x356 ./Core/Src/main.o
 .debug_macro   0x0000000000019166      0x19d ./Core/Src/stm32f1xx_hal_msp.o
 .debug_macro   0x0000000000019303      0x1a7 ./Core/Src/stm32f1xx_it.o
 .debug_macro   0x00000000000194aa      0x24c ./Core/Src/syscalls.o
 .debug_macro   0x00000000000196f6       0x4c ./Core/Src/syscalls.o
 .debug_macro   0x0000000000019742       0x94 ./Core/Src/syscalls.o
 .debug_macro   0x00000000000197d6       0x57 ./Core/Src/syscalls.o
 .debug_macro   0x000000000001982d       0x10 ./Core/Src/syscalls.o
 .debug_macro   0x000000000001983d       0x10 ./Core/Src/syscalls.o
 .debug_macro   0x000000000001984d       0x10 ./Core/Src/syscalls.o
 .debug_macro   0x000000000001985d       0x35 ./Core/Src/syscalls.o
 .debug_macro   0x0000000000019892      0x12c ./Core/Src/syscalls.o
 .debug_macro   0x00000000000199be       0x16 ./Core/Src/syscalls.o
 .debug_macro   0x00000000000199d4       0x16 ./Core/Src/syscalls.o
 .debug_macro   0x00000000000199ea       0x29 ./Core/Src/syscalls.o
 .debug_macro   0x0000000000019a13       0x10 ./Core/Src/syscalls.o
 .debug_macro   0x0000000000019a23      0x241 ./Core/Src/syscalls.o
 .debug_macro   0x0000000000019c64       0x1c ./Core/Src/syscalls.o
 .debug_macro   0x0000000000019c80       0x10 ./Core/Src/syscalls.o
 .debug_macro   0x0000000000019c90      0x189 ./Core/Src/syscalls.o
 .debug_macro   0x0000000000019e19       0x16 ./Core/Src/syscalls.o
 .debug_macro   0x0000000000019e2f       0xce ./Core/Src/syscalls.o
 .debug_macro   0x0000000000019efd       0xff ./Core/Src/sysmem.o
 .debug_macro   0x0000000000019ffc      0x23b ./Core/Src/sysmem.o
 .debug_macro   0x000000000001a237      0x18e ./Core/Src/system_stm32f1xx.o
 .debug_macro   0x000000000001a3c5      0x1a7 ./Core/Src/usart.o
 .debug_macro   0x000000000001a56c      0x1b2 ./Drivers/STM32F1xx_HAL_Driver/Src/stm32f1xx_hal.o
 .debug_macro   0x000000000001a71e      0x18e ./Drivers/STM32F1xx_HAL_Driver/Src/stm32f1xx_hal_cortex.o
 .debug_macro   0x000000000001a8ac      0x18e ./Drivers/STM32F1xx_HAL_Driver/Src/stm32f1xx_hal_dma.o
 .debug_macro   0x000000000001aa3a      0x1f9 ./Drivers/STM32F1xx_HAL_Driver/Src/stm32f1xx_hal_gpio.o
 .debug_macro   0x000000000001ac33      0x1a0 ./Drivers/STM32F1xx_HAL_Driver/Src/stm32f1xx_hal_rcc.o
 .debug_macro   0x000000000001add3      0x18f ./Drivers/STM32F1xx_HAL_Driver/Src/stm32f1xx_hal_uart.o

.debug_line     0x0000000000000000     0xc7f5
 .debug_line    0x0000000000000000      0x8f5 ./BSP/bsp.o
 .debug_line    0x00000000000008f5      0x959 ./BSP/bsp_beep.o
 .debug_line    0x000000000000124e      0x8eb ./BSP/bsp_key.o
 .debug_line    0x0000000000001b39      0xb2b ./BSP/bsp_sbus.o
 .debug_line    0x0000000000002664      0x91c ./BSP/bsp_uart.o
 .debug_line    0x0000000000002f80      0x678 ./Core/Src/dma.o
 .debug_line    0x00000000000035f8      0x695 ./Core/Src/gpio.o
 .debug_line    0x0000000000003c8d      0x93f ./Core/Src/main.o
 .debug_line    0x00000000000045cc      0x67d ./Core/Src/stm32f1xx_hal_msp.o
 .debug_line    0x0000000000004c49      0x787 ./Core/Src/stm32f1xx_it.o
 .debug_line    0x00000000000053d0      0x83f ./Core/Src/syscalls.o
 .debug_line    0x0000000000005c0f      0x535 ./Core/Src/sysmem.o
 .debug_line    0x0000000000006144      0x6fb ./Core/Src/system_stm32f1xx.o
 .debug_line    0x000000000000683f      0x785 ./Core/Src/usart.o
 .debug_line    0x0000000000006fc4       0x87 ./Core/Startup/startup_stm32f103rctx.o
 .debug_line    0x000000000000704b      0x928 ./Drivers/STM32F1xx_HAL_Driver/Src/stm32f1xx_hal.o
 .debug_line    0x0000000000007973      0xb10 ./Drivers/STM32F1xx_HAL_Driver/Src/stm32f1xx_hal_cortex.o
 .debug_line    0x0000000000008483     0x1252 ./Drivers/STM32F1xx_HAL_Driver/Src/stm32f1xx_hal_dma.o
 .debug_line    0x00000000000096d5      0x9e7 ./Drivers/STM32F1xx_HAL_Driver/Src/stm32f1xx_hal_gpio.o
 .debug_line    0x000000000000a0bc      0xd36 ./Drivers/STM32F1xx_HAL_Driver/Src/stm32f1xx_hal_rcc.o
 .debug_line    0x000000000000adf2     0x1a03 ./Drivers/STM32F1xx_HAL_Driver/Src/stm32f1xx_hal_uart.o

.debug_str      0x0000000000000000    0x91f47
 .debug_str     0x0000000000000000    0x8e5dd ./BSP/bsp.o
                                      0x8e9ef (size before relaxing)
 .debug_str     0x000000000008e5dd       0xa0 ./BSP/bsp_beep.o
                                      0x8ea10 (size before relaxing)
 .debug_str     0x000000000008e67d       0x3b ./BSP/bsp_key.o
                                      0x8e9ad (size before relaxing)
 .debug_str     0x000000000008e6b8      0x13b ./BSP/bsp_sbus.o
                                      0x8ea54 (size before relaxing)
 .debug_str     0x000000000008e7f3      0x4a2 ./BSP/bsp_uart.o
                                      0x8ee26 (size before relaxing)
 .debug_str     0x000000000008ec95      0x39d ./Core/Src/dma.o
                                      0x8adb6 (size before relaxing)
 .debug_str     0x000000000008f032       0x5a ./Core/Src/gpio.o
                                      0x8aa74 (size before relaxing)
 .debug_str     0x000000000008f08c      0x1ae ./Core/Src/main.o
                                      0x8eb17 (size before relaxing)
 .debug_str     0x000000000008f23a       0x5a ./Core/Src/stm32f1xx_hal_msp.o
                                      0x8a9fc (size before relaxing)
 .debug_str     0x000000000008f294      0x13c ./Core/Src/stm32f1xx_it.o
                                      0x8ae78 (size before relaxing)
 .debug_str     0x000000000008f3d0     0x1740 ./Core/Src/syscalls.o
                                       0x8a08 (size before relaxing)
 .debug_str     0x0000000000090b10       0x6b ./Core/Src/sysmem.o
                                       0x5d44 (size before relaxing)
 .debug_str     0x0000000000090b7b       0x7e ./Core/Src/system_stm32f1xx.o
                                      0x8a9ad (size before relaxing)
 .debug_str     0x0000000000090bf9       0x91 ./Core/Src/usart.o
                                      0x8b2d9 (size before relaxing)
 .debug_str     0x0000000000090c8a       0x36 ./Core/Startup/startup_stm32f103rctx.o
                                         0x5e (size before relaxing)
 .debug_str     0x0000000000090cc0      0x37f ./Drivers/STM32F1xx_HAL_Driver/Src/stm32f1xx_hal.o
                                      0x8b1c4 (size before relaxing)
 .debug_str     0x000000000009103f      0x294 ./Drivers/STM32F1xx_HAL_Driver/Src/stm32f1xx_hal_cortex.o
                                      0x8b110 (size before relaxing)
 .debug_str     0x00000000000912d3      0x20b ./Drivers/STM32F1xx_HAL_Driver/Src/stm32f1xx_hal_dma.o
                                      0x8ad56 (size before relaxing)
 .debug_str     0x00000000000914de      0x2bd ./Drivers/STM32F1xx_HAL_Driver/Src/stm32f1xx_hal_gpio.o
                                      0x8ad33 (size before relaxing)
 .debug_str     0x000000000009179b      0x229 ./Drivers/STM32F1xx_HAL_Driver/Src/stm32f1xx_hal_rcc.o
                                      0x8addc (size before relaxing)
 .debug_str     0x00000000000919c4      0x583 ./Drivers/STM32F1xx_HAL_Driver/Src/stm32f1xx_hal_uart.o
                                      0x8b3e7 (size before relaxing)

.comment        0x0000000000000000       0x50
 .comment       0x0000000000000000       0x50 ./BSP/bsp.o
                                         0x51 (size before relaxing)
 .comment       0x0000000000000050       0x51 ./BSP/bsp_beep.o
 .comment       0x0000000000000050       0x51 ./BSP/bsp_key.o
 .comment       0x0000000000000050       0x51 ./BSP/bsp_sbus.o
 .comment       0x0000000000000050       0x51 ./BSP/bsp_uart.o