Archive member included to satisfy reference by file (symbol)

d:/program1/stm32cube/stm32cubeide_1.7.0/stm32cubeide/plugins/com.st.stm32cube.ide.mcu.externaltools.gnu-tools-for-stm32.10.3-2021.10.win32_1.0.0.202111181127/tools/bin/../lib/gcc/arm-none-eabi/10.3.1/../../../../arm-none-eabi/lib/thumb/v7-m/nofp\libc_nano.a(lib_a-errno.o)
                              ./Core/Src/syscalls.o (__errno)
d:/program1/stm32cube/stm32cubeide_1.7.0/stm32cubeide/plugins/com.st.stm32cube.ide.mcu.externaltools.gnu-tools-for-stm32.10.3-2021.10.win32_1.0.0.202111181127/tools/bin/../lib/gcc/arm-none-eabi/10.3.1/../../../../arm-none-eabi/lib/thumb/v7-m/nofp\libc_nano.a(lib_a-exit.o)
                              d:/program1/stm32cube/stm32cubeide_1.7.0/stm32cubeide/plugins/com.st.stm32cube.ide.mcu.externaltools.gnu-tools-for-stm32.10.3-2021.10.win32_1.0.0.202111181127/tools/bin/../lib/gcc/arm-none-eabi/10.3.1/../../../../arm-none-eabi/lib/thumb/v7-m/nofp/crt0.o (exit)
d:/program1/stm32cube/stm32cubeide_1.7.0/stm32cubeide/plugins/com.st.stm32cube.ide.mcu.externaltools.gnu-tools-for-stm32.10.3-2021.10.win32_1.0.0.202111181127/tools/bin/../lib/gcc/arm-none-eabi/10.3.1/../../../../arm-none-eabi/lib/thumb/v7-m/nofp\libc_nano.a(lib_a-impure.o)
                              d:/program1/stm32cube/stm32cubeide_1.7.0/stm32cubeide/plugins/com.st.stm32cube.ide.mcu.externaltools.gnu-tools-for-stm32.10.3-2021.10.win32_1.0.0.202111181127/tools/bin/../lib/gcc/arm-none-eabi/10.3.1/../../../../arm-none-eabi/lib/thumb/v7-m/nofp\libc_nano.a(lib_a-exit.o) (_global_impure_ptr)
d:/program1/stm32cube/stm32cubeide_1.7.0/stm32cubeide/plugins/com.st.stm32cube.ide.mcu.externaltools.gnu-tools-for-stm32.10.3-2021.10.win32_1.0.0.202111181127/tools/bin/../lib/gcc/arm-none-eabi/10.3.1/../../../../arm-none-eabi/lib/thumb/v7-m/nofp\libc_nano.a(lib_a-init.o)
                              d:/program1/stm32cube/stm32cubeide_1.7.0/stm32cubeide/plugins/com.st.stm32cube.ide.mcu.externaltools.gnu-tools-for-stm32.10.3-2021.10.win32_1.0.0.202111181127/tools/bin/../lib/gcc/arm-none-eabi/10.3.1/../../../../arm-none-eabi/lib/thumb/v7-m/nofp/crt0.o (__libc_init_array)
d:/program1/stm32cube/stm32cubeide_1.7.0/stm32cubeide/plugins/com.st.stm32cube.ide.mcu.externaltools.gnu-tools-for-stm32.10.3-2021.10.win32_1.0.0.202111181127/tools/bin/../lib/gcc/arm-none-eabi/10.3.1/../../../../arm-none-eabi/lib/thumb/v7-m/nofp\libc_nano.a(lib_a-memset.o)
                              d:/program1/stm32cube/stm32cubeide_1.7.0/stm32cubeide/plugins/com.st.stm32cube.ide.mcu.externaltools.gnu-tools-for-stm32.10.3-2021.10.win32_1.0.0.202111181127/tools/bin/../lib/gcc/arm-none-eabi/10.3.1/../../../../arm-none-eabi/lib/thumb/v7-m/nofp/crt0.o (memset)
d:/program1/stm32cube/stm32cubeide_1.7.0/stm32cubeide/plugins/com.st.stm32cube.ide.mcu.externaltools.gnu-tools-for-stm32.10.3-2021.10.win32_1.0.0.202111181127/tools/bin/../lib/gcc/arm-none-eabi/10.3.1/../../../../arm-none-eabi/lib/thumb/v7-m/nofp\libc_nano.a(lib_a-printf.o)
                              ./BSP/bsp_can.o (printf)
d:/program1/stm32cube/stm32cubeide_1.7.0/stm32cubeide/plugins/com.st.stm32cube.ide.mcu.externaltools.gnu-tools-for-stm32.10.3-2021.10.win32_1.0.0.202111181127/tools/bin/../lib/gcc/arm-none-eabi/10.3.1/../../../../arm-none-eabi/lib/thumb/v7-m/nofp\libc_nano.a(lib_a-puts.o)
                              ./BSP/bsp.o (puts)
d:/program1/stm32cube/stm32cubeide_1.7.0/stm32cubeide/plugins/com.st.stm32cube.ide.mcu.externaltools.gnu-tools-for-stm32.10.3-2021.10.win32_1.0.0.202111181127/tools/bin/../lib/gcc/arm-none-eabi/10.3.1/../../../../arm-none-eabi/lib/thumb/v7-m/nofp\libc_nano.a(lib_a-wbuf.o)
                              d:/program1/stm32cube/stm32cubeide_1.7.0/stm32cubeide/plugins/com.st.stm32cube.ide.mcu.externaltools.gnu-tools-for-stm32.10.3-2021.10.win32_1.0.0.202111181127/tools/bin/../lib/gcc/arm-none-eabi/10.3.1/../../../../arm-none-eabi/lib/thumb/v7-m/nofp\libc_nano.a(lib_a-puts.o) (__swbuf_r)
d:/program1/stm32cube/stm32cubeide_1.7.0/stm32cubeide/plugins/com.st.stm32cube.ide.mcu.externaltools.gnu-tools-for-stm32.10.3-2021.10.win32_1.0.0.202111181127/tools/bin/../lib/gcc/arm-none-eabi/10.3.1/../../../../arm-none-eabi/lib/thumb/v7-m/nofp\libc_nano.a(lib_a-wsetup.o)
                              d:/program1/stm32cube/stm32cubeide_1.7.0/stm32cubeide/plugins/com.st.stm32cube.ide.mcu.externaltools.gnu-tools-for-stm32.10.3-2021.10.win32_1.0.0.202111181127/tools/bin/../lib/gcc/arm-none-eabi/10.3.1/../../../../arm-none-eabi/lib/thumb/v7-m/nofp\libc_nano.a(lib_a-puts.o) (__swsetup_r)
d:/program1/stm32cube/stm32cubeide_1.7.0/stm32cubeide/plugins/com.st.stm32cube.ide.mcu.externaltools.gnu-tools-for-stm32.10.3-2021.10.win32_1.0.0.202111181127/tools/bin/../lib/gcc/arm-none-eabi/10.3.1/../../../../arm-none-eabi/lib/thumb/v7-m/nofp\libc_nano.a(lib_a-fflush.o)
[...]
Memory Configuration

Name             Origin             Length             Attributes
RAM              0x0000000020000000 0x000000000000c000 xrw
FLASH            0x0000000008000000 0x0000000000040000 xr
*default*        0x0000000000000000 0xffffffffffffffff

Linker script and memory map

LOAD d:/program1/stm32cube/stm32cubeide_1.7.0/stm32cubeide/plugins/com.st.stm32cube.ide.mcu.externaltools.gnu-tools-for-stm32.10.3-2021.10.win32_1.0.0.202111181127/tools/bin/../lib/gcc/arm-none-eabi/10.3.1/thumb/v7-m/nofp/crti.o
LOAD d:/program1/stm32cube/stm32cubeide_1.7.0/stm32cubeide/plugins/com.st.stm32cube.ide.mcu.externaltools.gnu-tools-for-stm32.10.3-2021.10.win32_1.0.0.202111181127/tools/bin/../lib/gcc/arm-none-eabi/10.3.1/thumb/v7-m/nofp/crtbegin.o
LOAD d:/program1/stm32cube/stm32cubeide_1.7.0/stm32cubeide/plugins/com.st.stm32cube.ide.mcu.externaltools.gnu-tools-for-stm32.10.3-2021.10.win32_1.0.0.202111181127/tools/bin/../lib/gcc/arm-none-eabi/10.3.1/../../../../arm-none-eabi/lib/thumb/v7-m/nofp/crt0.o
LOAD ./BSP/bsp.o
LOAD ./BSP/bsp_beep.o
LOAD ./BSP/bsp_can.o
LOAD ./BSP/bsp_key.o
LOAD ./BSP/bsp_uart.o
LOAD ./Core/Src/can.o
LOAD ./Core/Src/dma.o
LOAD ./Core/Src/gpio.o
LOAD ./Core/Src/main.o
LOAD ./Core/Src/stm32f1xx_hal_msp.o
LOAD ./Core/Src/stm32f1xx_it.o
LOAD ./Core/Src/syscalls.o
LOAD ./Core/Src/sysmem.o
LOAD ./Core/Src/system_stm32f1xx.o
LOAD ./Core/Src/usart.o
LOAD ./Core/Startup/startup_stm32f103rctx.o
LOAD ./Drivers/STM32F1xx_HAL_Driver/Src/stm32f1xx_hal.o
LOAD ./Drivers/STM32F1xx_HAL_Driver/Src/stm32f1xx_hal_can.o
LOAD ./Drivers/STM32F1xx_HAL_Driver/Src/stm32f1xx_hal_cortex.o
LOAD ./Drivers/STM32F1xx_HAL_Driver/Src/stm32f1xx_hal_dma.o
LOAD ./Drivers/STM32F1xx_HAL_Driver/Src/stm32f1xx_hal_exti.o
LOAD ./Drivers/STM32F1xx_HAL_Driver/Src/stm32f1xx_hal_flash.o
LOAD ./Drivers/STM32F1xx_HAL_Driver/Src/stm32f1xx_hal_flash_ex.o
LOAD ./Drivers/STM32F1xx_HAL_Driver/Src/stm32f1xx_hal_gpio.o
LOAD ./Drivers/STM32F1xx_HAL_Driver/Src/stm32f1xx_hal_gpio_ex.o
LOAD ./Drivers/STM32F1xx_HAL_Driver/Src/stm32f1xx_hal_pwr.o
LOAD ./Drivers/STM32F1xx_HAL_Driver/Src/stm32f1xx_hal_rcc.o
LOAD ./Drivers/STM32F1xx_HAL_Driver/Src/stm32f1xx_hal_rcc_ex.o
LOAD ./Drivers/STM32F1xx_HAL_Driver/Src/stm32f1xx_hal_tim.o
LOAD ./Drivers/STM32F1xx_HAL_Driver/Src/stm32f1xx_hal_tim_ex.o
LOAD ./Drivers/STM32F1xx_HAL_Driver/Src/stm32f1xx_hal_uart.o
START GROUP
LOAD d:/program1/stm32cube/stm32cubeide_1.7.0/stm32cubeide/plugins/com.st.stm32cube.ide.mcu.externaltools.gnu-tools-for-stm32.10.3-2021.10.win32_1.0.0.202111181127/tools/bin/../lib/gcc/arm-none-eabi/10.3.1/../../../../arm-none-eabi/lib/thumb/v7-m/nofp\libc_nano.a
LOAD d:/program1/stm32cube/stm32cubeide_1.7.0/stm32cubeide/plugins/com.st.stm32cube.ide.mcu.externaltools.gnu-tools-for-stm32.10.3-2021.10.win32_1.0.0.202111181127/tools/bin/../lib/gcc/arm-none-eabi/10.3.1/../../../../arm-none-eabi/lib/thumb/v7-m/nofp\libm.a
END GROUP
START GROUP
LOAD d:/program1/stm32cube/stm32cubeide_1.7.0/stm32cubeide/plugins/com.st.stm32cube.ide.mcu.externaltools.gnu-tools-for-stm32.10.3-2021.10.win32_1.0.0.202111181127/tools/bin/../lib/gcc/arm-none-eabi/10.3.1/thumb/v7-m/nofp\libgcc.a
LOAD d:/program1/stm32cube/stm32cubeide_1.7.0/stm32cubeide/plugins/com.st.stm32cube.ide.mcu.externaltools.gnu-tools-for-stm32.10.3-2021.10.win32_1.0.0.202111181127/tools/bin/../lib/gcc/arm-none-eabi/10.3.1/../../../../arm-none-eabi/lib/thumb/v7-m/nofp\libc_nano.a
END GROUP
START GROUP
LOAD d:/program1/stm32cube/stm32cubeide_1.7.0/stm32cubeide/plugins/com.st.stm32cube.ide.mcu.externaltools.gnu-tools-for-stm32.10.3-2021.10.win32_1.0.0.202111181127/tools/bin/../lib/gcc/arm-none-eabi/10.3.1/thumb/v7-m/nofp\libgcc.a
LOAD d:/program1/stm32cube/stm32cubeide_1.7.0/stm32cubeide/plugins/com.st.stm32cube.ide.mcu.externaltools.gnu-tools-for-stm32.10.3-2021.10.win32_1.0.0.202111181127/tools/bin/../lib/gcc/arm-none-eabi/10.3.1/../../../../arm-none-eabi/lib/thumb/v7-m/nofp\libc_nano.a
LOAD d:/program1/stm32cube/stm32cubeide_1.7.0/stm32cubeide/plugins/com.st.stm32cube.ide.mcu.externaltools.gnu-tools-for-stm32.10.3-2021.10.win32_1.0.0.202111181127/tools/bin/../lib/gcc/arm-none-eabi/10.3.1/../../../../arm-none-eabi/lib/thumb/v7-m/nofp\libnosys.a
END GROUP
START GROUP
LOAD d:/program1/stm32cube/stm32cubeide_1.7.0/stm32cubeide/plugins/com.st.stm32cube.ide.mcu.externaltools.gnu-tools-for-stm32.10.3-2021.10.win32_1.0.0.202111181127/tools/bin/../lib/gcc/arm-none-eabi/10.3.1/thumb/v7-m/nofp\libgcc.a
LOAD d:/program1/stm32cube/stm32cubeide_1.7.0/stm32cubeide/plugins/com.st.stm32cube.ide.mcu.externaltools.gnu-tools-for-stm32.10.3-2021.10.win32_1.0.0.202111181127/tools/bin/../lib/gcc/arm-none-eabi/10.3.1/../../../../arm-none-eabi/lib/thumb/v7-m/nofp\libc_nano.a
LOAD d:/program1/stm32cube/stm32cubeide_1.7.0/stm32cubeide/plugins/com.st.stm32cube.ide.mcu.externaltools.gnu-tools-for-stm32.10.3-2021.10.win32_1.0.0.202111181127/tools/bin/../lib/gcc/arm-none-eabi/10.3.1/../../../../arm-none-eabi/lib/thumb/v7-m/nofp\libnosys.a
END GROUP
LOAD d:/program1/stm32cube/stm32cubeide_1.7.0/stm32cubeide/plugins/com.st.stm32cube.ide.mcu.externaltools.gnu-tools-for-stm32.10.3-2021.10.win32_1.0.0.202111181127/tools/bin/../lib/gcc/arm-none-eabi/10.3.1/thumb/v7-m/nofp/crtend.o
LOAD d:/program1/stm32cube/stm32cubeide_1.7.0/stm32cubeide/plugins/com.st.stm32cube.ide.mcu.externaltools.gnu-tools-for-stm32.10.3-2021.10.win32_1.0.0.202111181127/tools/bin/../lib/gcc/arm-none-eabi/10.3.1/thumb/v7-m/nofp/crtn.o
                0x000000002000c000                _estack = (ORIGIN (RAM) + LENGTH (RAM))
                0x0000000000000200                _Min_Heap_Size = 0x200
                0x0000000000000400                _Min_Stack_Size = 0x400

.isr_vector     0x0000000008000000      0x1e4
                0x0000000008000000                . = ALIGN (0x4)
 *(.isr_vector)
 .isr_vector    0x0000000008000000      0x1e4 ./Core/Startup/startup_stm32f103rctx.o
                0x0000000008000000                g_pfnVectors
                0x00000000080001e4                . = ALIGN (0x4)

.text           0x00000000080001e4     0x49d8
                0x00000000080001e4                . = ALIGN (0x4)
 *(.text)
 .text          0x00000000080001e4       0x40 d:/program1/stm32cube/stm32cubeide_1.7.0/stm32cubeide/plugins/com.st.stm32cube.ide.mcu.externaltools.gnu-tools-for-stm32.10.3-2021.10.win32_1.0.0.202111181127/tools/bin/../lib/gcc/arm-none-eabi/10.3.1/thumb/v7-m/nofp/crtbegin.o
 *(.text*)
 .text.Bsp_Led_Show_State_Handle
                0x0000000008000224       0x34 ./BSP/bsp.o
                0x0000000008000224                Bsp_Led_Show_State_Handle
 .text.Bsp_Init
                0x0000000008000258       0x20 ./BSP/bsp.o
                0x0000000008000258                Bsp_Init
 .text.Bsp_Loop
                0x0000000008000278       0x2c ./BSP/bsp.o
                0x0000000008000278                Bsp_Loop
 .text.Beep_Set_Time
                0x00000000080002a4       0x20 ./BSP/bsp_beep.o
 .text.Beep_Get_Time
                0x00000000080002c4       0x14 ./BSP/bsp_beep.o
 .text.Beep_Set_State
                0x00000000080002d8       0x20 ./BSP/bsp_beep.o
 .text.Beep_Get_State
                0x00000000080002f8       0x14 ./BSP/bsp_beep.o
 .text.Beep_On_Time
                0x000000000800030c       0x80 ./BSP/bsp_beep.o
                0x000000000800030c                Beep_On_Time
 .text.Beep_Timeout_Close_Handle
                0x000000000800038c       0x44 ./BSP/bsp_beep.o
                0x000000000800038c                Beep_Timeout_Close_Handle
 .text.Can_Init
                0x00000000080003d0       0x80 ./BSP/bsp_can.o
                0x00000000080003d0                Can_Init
 .text.Can_Test_Send
                0x0000000008000450       0xac ./BSP/bsp_can.o
                0x0000000008000450                Can_Test_Send
 .text.HAL_CAN_RxFifo0MsgPendingCallback
                0x00000000080004fc       0x6c ./BSP/bsp_can.o
                0x00000000080004fc                HAL_CAN_RxFifo0MsgPendingCallback
 .text.Key1_is_Press
                0x0000000008000568       0x20 ./BSP/bsp_key.o
 .text.Key1_State
                0x0000000008000588       0x54 ./BSP/bsp_key.o
                0x0000000008000588                Key1_State
 .text.USART1_Init
                0x00000000080005dc       0x1c ./BSP/bsp_uart.o
                0x00000000080005dc                USART1_Init
 .text.USART1_Send_U8
                0x00000000080005f8       0x24 ./BSP/bsp_uart.o
                0x00000000080005f8                USART1_Send_U8
 .text.HAL_UART_RxCpltCallback
                0x000000000800061c       0x2c ./BSP/bsp_uart.o
                0x000000000800061c                HAL_UART_RxCpltCallback
 .text.__io_putchar
                0x0000000008000648       0x24 ./BSP/bsp_uart.o
                0x0000000008000648                __io_putchar
 .text.MX_CAN_Init
                0x000000000800066c       0x70 ./Core/Src/can.o
                0x000000000800066c                MX_CAN_Init
 .text.HAL_CAN_MspInit
                0x00000000080006dc       0xd0 ./Core/Src/can.o
                0x00000000080006dc                HAL_CAN_MspInit
 .text.MX_DMA_Init
                0x00000000080007ac       0x3c ./Core/Src/dma.o
                0x00000000080007ac                MX_DMA_Init
 .text.MX_GPIO_Init
                0x00000000080007e8       0xcc ./Core/Src/gpio.o
                0x00000000080007e8                MX_GPIO_Init
 .text.main     0x00000000080008b4       0x26 ./Core/Src/main.o
                0x00000000080008b4                main
 .text.SystemClock_Config
                0x00000000080008da       0x8a ./Core/Src/main.o
                0x00000000080008da                SystemClock_Config
 .text.Error_Handler
                0x0000000008000964        0xa ./Core/Src/main.o
                0x0000000008000964                Error_Handler
 *fill*         0x000000000800096e        0x2 
 .text.HAL_MspInit
                0x0000000008000970       0x64 ./Core/Src/stm32f1xx_hal_msp.o
                0x0000000008000970                HAL_MspInit
 .text.NMI_Handler
                0x00000000080009d4        0x6 ./Core/Src/stm32f1xx_it.o
                0x00000000080009d4                NMI_Handler
 .text.HardFault_Handler
                0x00000000080009da        0x6 ./Core/Src/stm32f1xx_it.o
                0x00000000080009da                HardFault_Handler
 .text.MemManage_Handler
                0x00000000080009e0        0x6 ./Core/Src/stm32f1xx_it.o
                0x00000000080009e0                MemManage_Handler
 .text.BusFault_Handler
                0x00000000080009e6        0x6 ./Core/Src/stm32f1xx_it.o
                0x00000000080009e6                BusFault_Handler
 .text.UsageFault_Handler
                0x00000000080009ec        0x6 ./Core/Src/stm32f1xx_it.o
                0x00000000080009ec                UsageFault_Handler
 .text.SVC_Handler
                0x00000000080009f2        0xc ./Core/Src/stm32f1xx_it.o
                0x00000000080009f2                SVC_Handler
 .text.DebugMon_Handler
                0x00000000080009fe        0xc ./Core/Src/stm32f1xx_it.o
                0x00000000080009fe                DebugMon_Handler
 .text.PendSV_Handler
                0x0000000008000a0a        0xc ./Core/Src/stm32f1xx_it.o
                0x0000000008000a0a                PendSV_Handler
 .text.SysTick_Handler
                0x0000000008000a16        0xc ./Core/Src/stm32f1xx_it.o
                0x0000000008000a16                SysTick_Handler
 *fill*         0x0000000008000a22        0x2 
 .text.DMA1_Channel4_IRQHandler
                0x0000000008000a24       0x14 ./Core/Src/stm32f1xx_it.o
                0x0000000008000a24                DMA1_Channel4_IRQHandler
 .text.USB_LP_CAN1_RX0_IRQHandler
                0x0000000008000a38       0x14 ./Core/Src/stm32f1xx_it.o
                0x0000000008000a38                USB_LP_CAN1_RX0_IRQHandler
 .text.USART1_IRQHandler
                0x0000000008000a4c       0x14 ./Core/Src/stm32f1xx_it.o
                0x0000000008000a4c                USART1_IRQHandler
 .text._read    0x0000000008000a60       0x3a ./Core/Src/syscalls.o
                0x0000000008000a60                _read
 .text._write   0x0000000008000a9a       0x38 ./Core/Src/syscalls.o
                0x0000000008000a9a                _write
 .text._close   0x0000000008000ad2       0x16 ./Core/Src/syscalls.o
                0x0000000008000ad2                _close
 .text._fstat   0x0000000008000ae8       0x1e ./Core/Src/syscalls.o
                0x0000000008000ae8                _fstat
 .text._isatty  0x0000000008000b06       0x14 ./Core/Src/syscalls.o
                0x0000000008000b06                _isatty
 .text._lseek   0x0000000008000b1a       0x18 ./Core/Src/syscalls.o
                0x0000000008000b1a                _lseek
 *fill*         0x0000000008000b32        0x2 
 .text._sbrk    0x0000000008000b34       0x6c ./Core/Src/sysmem.o
                0x0000000008000b34                _sbrk
 .text.SystemInit
                0x0000000008000ba0        0xc ./Core/Src/system_stm32f1xx.o
                0x0000000008000ba0                SystemInit
 .text.MX_USART1_UART_Init
                0x0000000008000bac       0x54 ./Core/Src/usart.o
                0x0000000008000bac                MX_USART1_UART_Init
 .text.HAL_UART_MspInit
                0x0000000008000c00       0xfc ./Core/Src/usart.o
                0x0000000008000c00                HAL_UART_MspInit
 .text.Reset_Handler
                0x0000000008000cfc       0x48 ./Core/Startup/startup_stm32f103rctx.o
                0x0000000008000cfc                Reset_Handler
 .text.Default_Handler
                0x0000000008000d44        0x2 ./Core/Startup/startup_stm32f103rctx.o
                0x0000000008000d44                RTC_Alarm_IRQHandler
                0x0000000008000d44                EXTI2_IRQHandler
                0x0000000008000d44                TIM8_TRG_COM_IRQHandler
                0x0000000008000d44                TIM8_CC_IRQHandler
                0x0000000008000d44                TIM1_CC_IRQHandler
                0x0000000008000d44                TIM6_IRQHandler
                0x0000000008000d44                PVD_IRQHandler
                0x0000000008000d44                SDIO_IRQHandler
                0x0000000008000d44                EXTI3_IRQHandler
                0x0000000008000d44                EXTI0_IRQHandler
                0x0000000008000d44                I2C2_EV_IRQHandler
                0x0000000008000d44                ADC1_2_IRQHandler
                0x0000000008000d44                SPI1_IRQHandler
                0x0000000008000d44                TAMPER_IRQHandler
                0x0000000008000d44                TIM8_UP_IRQHandler
                0x0000000008000d44                DMA2_Channel2_IRQHandler
                0x0000000008000d44                USART3_IRQHandler
                0x0000000008000d44                RTC_IRQHandler
                0x0000000008000d44                DMA1_Channel7_IRQHandler
                0x0000000008000d44                CAN1_RX1_IRQHandler
                0x0000000008000d44                UART5_IRQHandler
                0x0000000008000d44                ADC3_IRQHandler
                0x0000000008000d44                TIM4_IRQHandler
                0x0000000008000d44                DMA2_Channel1_IRQHandler
                0x0000000008000d44                I2C1_EV_IRQHandler
                0x0000000008000d44                DMA1_Channel6_IRQHandler
                0x0000000008000d44                UART4_IRQHandler
                0x0000000008000d44                TIM3_IRQHandler
                0x0000000008000d44                RCC_IRQHandler
                0x0000000008000d44                TIM1_TRG_COM_IRQHandler
                0x0000000008000d44                DMA1_Channel1_IRQHandler
                0x0000000008000d44                Default_Handler
                0x0000000008000d44                EXTI15_10_IRQHandler
                0x0000000008000d44                TIM7_IRQHandler
                0x0000000008000d44                TIM5_IRQHandler
                0x0000000008000d44                EXTI9_5_IRQHandler
                0x0000000008000d44                SPI2_IRQHandler
                0x0000000008000d44                DMA1_Channel5_IRQHandler
                0x0000000008000d44                EXTI4_IRQHandler
                0x0000000008000d44                USB_HP_CAN1_TX_IRQHandler
                0x0000000008000d44                DMA1_Channel3_IRQHandler
                0x0000000008000d44                FSMC_IRQHandler
                0x0000000008000d44                TIM1_UP_IRQHandler
                0x0000000008000d44                WWDG_IRQHandler
                0x0000000008000d44                TIM2_IRQHandler
                0x0000000008000d44                TIM1_BRK_IRQHandler
                0x0000000008000d44                EXTI1_IRQHandler
                0x0000000008000d44                DMA2_Channel4_5_IRQHandler
                0x0000000008000d44                USART2_IRQHandler
                0x0000000008000d44                I2C2_ER_IRQHandler
                0x0000000008000d44                DMA1_Channel2_IRQHandler
                0x0000000008000d44                TIM8_BRK_IRQHandler
                0x0000000008000d44                CAN1_SCE_IRQHandler
                0x0000000008000d44                FLASH_IRQHandler
                0x0000000008000d44                SPI3_IRQHandler
                0x0000000008000d44                I2C1_ER_IRQHandler
                0x0000000008000d44                USBWakeUp_IRQHandler
                0x0000000008000d44                DMA2_Channel3_IRQHandler
 *fill*         0x0000000008000d46        0x2 
 .text.HAL_Init
                0x0000000008000d48       0x2c ./Drivers/STM32F1xx_HAL_Driver/Src/stm32f1xx_hal.o
                0x0000000008000d48                HAL_Init
 .text.HAL_InitTick
                0x0000000008000d74       0x60 ./Drivers/STM32F1xx_HAL_Driver/Src/stm32f1xx_hal.o
                0x0000000008000d74                HAL_InitTick
 .text.HAL_IncTick
                0x0000000008000dd4       0x24 ./Drivers/STM32F1xx_HAL_Driver/Src/stm32f1xx_hal.o
                0x0000000008000dd4                HAL_IncTick
 .text.HAL_GetTick
                0x0000000008000df8       0x14 ./Drivers/STM32F1xx_HAL_Driver/Src/stm32f1xx_hal.o
                0x0000000008000df8                HAL_GetTick
 .text.HAL_Delay
                0x0000000008000e0c       0x48 ./Drivers/STM32F1xx_HAL_Driver/Src/stm32f1xx_hal.o
                0x0000000008000e0c                HAL_Delay
 .text.HAL_CAN_Init
                0x0000000008000e54      0x1f6 ./Drivers/STM32F1xx_HAL_Driver/Src/stm32f1xx_hal_can.o
                0x0000000008000e54                HAL_CAN_Init
 .text.HAL_CAN_ConfigFilter
                0x000000000800104a      0x192 ./Drivers/STM32F1xx_HAL_Driver/Src/stm32f1xx_hal_can.o
                0x000000000800104a                HAL_CAN_ConfigFilter
 .text.HAL_CAN_Start
                0x00000000080011dc       0x88 ./Drivers/STM32F1xx_HAL_Driver/Src/stm32f1xx_hal_can.o
                0x00000000080011dc                HAL_CAN_Start
 .text.HAL_CAN_AddTxMessage
                0x0000000008001264      0x1b4 ./Drivers/STM32F1xx_HAL_Driver/Src/stm32f1xx_hal_can.o
                0x0000000008001264                HAL_CAN_AddTxMessage
 .text.HAL_CAN_GetRxMessage
                0x0000000008001418      0x222 ./Drivers/STM32F1xx_HAL_Driver/Src/stm32f1xx_hal_can.o
                0x0000000008001418                HAL_CAN_GetRxMessage
 .text.HAL_CAN_ActivateNotification
                0x000000000800163a       0x4a ./Drivers/STM32F1xx_HAL_Driver/Src/stm32f1xx_hal_can.o
                0x000000000800163a                HAL_CAN_ActivateNotification
 .text.HAL_CAN_IRQHandler
                0x0000000008001684      0x36e ./Drivers/STM32F1xx_HAL_Driver/Src/stm32f1xx_hal_can.o
                0x0000000008001684                HAL_CAN_IRQHandler
 .text.HAL_CAN_TxMailbox0CompleteCallback
                0x00000000080019f2       0x12 ./Drivers/STM32F1xx_HAL_Driver/Src/stm32f1xx_hal_can.o
                0x00000000080019f2                HAL_CAN_TxMailbox0CompleteCallback
 .text.HAL_CAN_TxMailbox1CompleteCallback
                0x0000000008001a04       0x12 ./Drivers/STM32F1xx_HAL_Driver/Src/stm32f1xx_hal_can.o
                0x0000000008001a04                HAL_CAN_TxMailbox1CompleteCallback
 .text.HAL_CAN_TxMailbox2CompleteCallback
                0x0000000008001a16       0x12 ./Drivers/STM32F1xx_HAL_Driver/Src/stm32f1xx_hal_can.o
                0x0000000008001a16                HAL_CAN_TxMailbox2CompleteCallback
 .text.HAL_CAN_TxMailbox0AbortCallback
                0x0000000008001a28       0x12 ./Drivers/STM32F1xx_HAL_Driver/Src/stm32f1xx_hal_can.o
                0x0000000008001a28                HAL_CAN_TxMailbox0AbortCallback
 .text.HAL_CAN_TxMailbox1AbortCallback
                0x0000000008001a3a       0x12 ./Drivers/STM32F1xx_HAL_Driver/Src/stm32f1xx_hal_can.o
                0x0000000008001a3a                HAL_CAN_TxMailbox1AbortCallback
 .text.HAL_CAN_TxMailbox2AbortCallback
                0x0000000008001a4c       0x12 ./Drivers/STM32F1xx_HAL_Driver/Src/stm32f1xx_hal_can.o
                0x0000000008001a4c                HAL_CAN_TxMailbox2AbortCallback
 .text.HAL_CAN_RxFifo0FullCallback
                0x0000000008001a5e       0x12 ./Drivers/STM32F1xx_HAL_Driver/Src/stm32f1xx_hal_can.o
                0x0000000008001a5e                HAL_CAN_RxFifo0FullCallback
 .text.HAL_CAN_RxFifo1MsgPendingCallback
                0x0000000008001a70       0x12 ./Drivers/STM32F1xx_HAL_Driver/Src/stm32f1xx_hal_can.o
                0x0000000008001a70                HAL_CAN_RxFifo1MsgPendingCallback
 .text.HAL_CAN_RxFifo1FullCallback
                0x0000000008001a82       0x12 ./Drivers/STM32F1xx_HAL_Driver/Src/stm32f1xx_hal_can.o
                0x0000000008001a82                HAL_CAN_RxFifo1FullCallback
 .text.HAL_CAN_SleepCallback
                0x0000000008001a94       0x12 ./Drivers/STM32F1xx_HAL_Driver/Src/stm32f1xx_hal_can.o
                0x0000000008001a94                HAL_CAN_SleepCallback
 .text.HAL_CAN_WakeUpFromRxMsgCallback
                0x0000000008001aa6       0x12 ./Drivers/STM32F1xx_HAL_Driver/Src/stm32f1xx_hal_can.o
                0x0000000008001aa6                HAL_CAN_WakeUpFromRxMsgCallback
 .text.HAL_CAN_ErrorCallback
                0x0000000008001ab8       0x12 ./Drivers/STM32F1xx_HAL_Driver/Src/stm32f1xx_hal_can.o
                0x0000000008001ab8                HAL_CAN_ErrorCallback
 *fill*         0x0000000008001aca        0x2 
 .text.__NVIC_SetPriorityGrouping
                0x0000000008001acc       0x48 ./Drivers/STM32F1xx_HAL_Driver/Src/stm32f1xx_hal_cortex.o
 .text.__NVIC_GetPriorityGrouping
                0x0000000008001b14       0x1c ./Drivers/STM32F1xx_HAL_Driver/Src/stm32f1xx_hal_cortex.o
 .text.__NVIC_EnableIRQ
                0x0000000008001b30       0x38 ./Drivers/STM32F1xx_HAL_Driver/Src/stm32f1xx_hal_cortex.o
 .text.__NVIC_SetPriority
                0x0000000008001b68       0x54 ./Drivers/STM32F1xx_HAL_Driver/Src/stm32f1xx_hal_cortex.o
 .text.NVIC_EncodePriority
                0x0000000008001bbc       0x64 ./Drivers/STM32F1xx_HAL_Driver/Src/stm32f1xx_hal_cortex.o
 .text.SysTick_Config
                0x0000000008001c20       0x44 ./Drivers/STM32F1xx_HAL_Driver/Src/stm32f1xx_hal_cortex.o
 .text.HAL_NVIC_SetPriorityGrouping
                0x0000000008001c64       0x16 ./Drivers/STM32F1xx_HAL_Driver/Src/stm32f1xx_hal_cortex.o
                0x0000000008001c64                HAL_NVIC_SetPriorityGrouping
 .text.HAL_NVIC_SetPriority
                0x0000000008001c7a       0x38 ./Drivers/STM32F1xx_HAL_Driver/Src/stm32f1xx_hal_cortex.o
                0x0000000008001c7a                HAL_NVIC_SetPriority
 .text.HAL_NVIC_EnableIRQ
                0x0000000008001cb2       0x1c ./Drivers/STM32F1xx_HAL_Driver/Src/stm32f1xx_hal_cortex.o
                0x0000000008001cb2                HAL_NVIC_EnableIRQ
 .text.HAL_SYSTICK_Config
                0x0000000008001cce       0x18 ./Drivers/STM32F1xx_HAL_Driver/Src/stm32f1xx_hal_cortex.o
                0x0000000008001cce                HAL_SYSTICK_Config
 *fill*         0x0000000008001ce6        0x2 
 .text.HAL_DMA_Init
                0x0000000008001ce8       0xec ./Drivers/STM32F1xx_HAL_Driver/Src/stm32f1xx_hal_dma.o
                0x0000000008001ce8                HAL_DMA_Init
 .text.HAL_DMA_Abort
                0x0000000008001dd4       0x74 ./Drivers/STM32F1xx_HAL_Driver/Src/stm32f1xx_hal_dma.o
                0x0000000008001dd4                HAL_DMA_Abort
 .text.HAL_DMA_Abort_IT
                0x0000000008001e48      0x210 ./Drivers/STM32F1xx_HAL_Driver/Src/stm32f1xx_hal_dma.o
                0x0000000008001e48                HAL_DMA_Abort_IT
 .text.HAL_DMA_IRQHandler
                0x0000000008002058      0x478 ./Drivers/STM32F1xx_HAL_Driver/Src/stm32f1xx_hal_dma.o
                0x0000000008002058                HAL_DMA_IRQHandler
 .text.HAL_GPIO_Init
                0x00000000080024d0      0x328 ./Drivers/STM32F1xx_HAL_Driver/Src/stm32f1xx_hal_gpio.o
                0x00000000080024d0                HAL_GPIO_Init
 .text.HAL_GPIO_ReadPin
                0x00000000080027f8       0x2e ./Drivers/STM32F1xx_HAL_Driver/Src/stm32f1xx_hal_gpio.o
                0x00000000080027f8                HAL_GPIO_ReadPin
 .text.HAL_GPIO_WritePin
                0x0000000008002826       0x30 ./Drivers/STM32F1xx_HAL_Driver/Src/stm32f1xx_hal_gpio.o
                0x0000000008002826                HAL_GPIO_WritePin
 .text.HAL_GPIO_TogglePin
                0x0000000008002856       0x32 ./Drivers/STM32F1xx_HAL_Driver/Src/stm32f1xx_hal_gpio.o
                0x0000000008002856                HAL_GPIO_TogglePin
 .text.HAL_RCC_OscConfig
                0x0000000008002888      0x504 ./Drivers/STM32F1xx_HAL_Driver/Src/stm32f1xx_hal_rcc.o
                0x0000000008002888                HAL_RCC_OscConfig
 .text.HAL_RCC_ClockConfig
                0x0000000008002d8c      0x1d4 ./Drivers/STM32F1xx_HAL_Driver/Src/stm32f1xx_hal_rcc.o
                0x0000000008002d8c                HAL_RCC_ClockConfig
 .text.HAL_RCC_GetSysClockFreq
                0x0000000008002f60       0xbc ./Drivers/STM32F1xx_HAL_Driver/Src/stm32f1xx_hal_rcc.o
                0x0000000008002f60                HAL_RCC_GetSysClockFreq
 .text.HAL_RCC_GetHCLKFreq
                0x000000000800301c       0x14 ./Drivers/STM32F1xx_HAL_Driver/Src/stm32f1xx_hal_rcc.o
                0x000000000800301c                HAL_RCC_GetHCLKFreq
 .text.HAL_RCC_GetPCLK1Freq
                0x0000000008003030       0x28 ./Drivers/STM32F1xx_HAL_Driver/Src/stm32f1xx_hal_rcc.o
                0x0000000008003030                HAL_RCC_GetPCLK1Freq
 .text.HAL_RCC_GetPCLK2Freq
                0x0000000008003058       0x28 ./Drivers/STM32F1xx_HAL_Driver/Src/stm32f1xx_hal_rcc.o
                0x0000000008003058                HAL_RCC_GetPCLK2Freq
 .text.RCC_Delay
                0x0000000008003080       0x3c ./Drivers/STM32F1xx_HAL_Driver/Src/stm32f1xx_hal_rcc.o
 .text.HAL_UART_Init
                0x00000000080030bc       0x9a ./Drivers/STM32F1xx_HAL_Driver/Src/stm32f1xx_hal_uart.o
                0x00000000080030bc                HAL_UART_Init
 .text.HAL_UART_Transmit
                0x0000000008003156      0x124 ./Drivers/STM32F1xx_HAL_Driver/Src/stm32f1xx_hal_uart.o
                0x0000000008003156                HAL_UART_Transmit
 .text.HAL_UART_Receive_IT
                0x000000000800327a       0x60 ./Drivers/STM32F1xx_HAL_Driver/Src/stm32f1xx_hal_uart.o
                0x000000000800327a                HAL_UART_Receive_IT
 *fill*         0x00000000080032da        0x2 
 .text.HAL_UART_IRQHandler
                0x00000000080032dc      0x354 ./Drivers/STM32F1xx_HAL_Driver/Src/stm32f1xx_hal_uart.o
                0x00000000080032dc                HAL_UART_IRQHandler
 .text.HAL_UART_TxCpltCallback
                0x0000000008003630       0x12 ./Drivers/STM32F1xx_HAL_Driver/Src/stm32f1xx_hal_uart.o
                0x0000000008003630                HAL_UART_TxCpltCallback
 .text.HAL_UART_ErrorCallback
                0x0000000008003642       0x12 ./Drivers/STM32F1xx_HAL_Driver/Src/stm32f1xx_hal_uart.o
                0x0000000008003642                HAL_UART_ErrorCallback
 .text.HAL_UARTEx_RxEventCallback
                0x0000000008003654       0x16 ./Drivers/STM32F1xx_HAL_Driver/Src/stm32f1xx_hal_uart.o
                0x0000000008003654                HAL_UARTEx_RxEventCallback
 .text.UART_WaitOnFlagUntilTimeout
                0x000000000800366a       0x94 ./Drivers/STM32F1xx_HAL_Driver/Src/stm32f1xx_hal_uart.o
 .text.UART_Start_Receive_IT
                0x00000000080036fe       0x72 ./Drivers/STM32F1xx_HAL_Driver/Src/stm32f1xx_hal_uart.o
                0x00000000080036fe                UART_Start_Receive_IT
 .text.UART_EndRxTransfer
                0x0000000008003770       0x58 ./Drivers/STM32F1xx_HAL_Driver/Src/stm32f1xx_hal_uart.o
 .text.UART_DMAAbortOnError
                0x00000000080037c8       0x28 ./Drivers/STM32F1xx_HAL_Driver/Src/stm32f1xx_hal_uart.o
 .text.UART_Transmit_IT
                0x00000000080037f0       0x9e ./Drivers/STM32F1xx_HAL_Driver/Src/stm32f1xx_hal_uart.o
 .text.UART_EndTransmit_IT
                0x000000000800388e       0x30 ./Drivers/STM32F1xx_HAL_Driver/Src/stm32f1xx_hal_uart.o
 .text.UART_Receive_IT
                0x00000000080038be      0x152 ./Drivers/STM32F1xx_HAL_Driver/Src/stm32f1xx_hal_uart.o
 .text.UART_SetConfig
                0x0000000008003a10      0x11c ./Drivers/STM32F1xx_HAL_Driver/Src/stm32f1xx_hal_uart.o
 .text.__errno  0x0000000008003b2c        0xc d:/program1/stm32cube/stm32cubeide_1.7.0/stm32cubeide/plugins/com.st.stm32cube.ide.mcu.externaltools.gnu-tools-for-stm32.10.3-2021.10.win32_1.0.0.202111181127/tools/bin/../lib/gcc/arm-none-eabi/10.3.1/../../../../arm-none-eabi/lib/thumb/v7-m/nofp\libc_nano.a(lib_a-errno.o)
                0x0000000008003b2c                __errno
 .text.__libc_init_array
                0x0000000008003b38       0x48 d:/program1/stm32cube/stm32cubeide_1.7.0/stm32cubeide/plugins/com.st.stm32cube.ide.mcu.externaltools.gnu-tools-for-stm32.10.3-2021.10.win32_1.0.0.202111181127/tools/bin/../lib/gcc/arm-none-eabi/10.3.1/../../../../arm-none-eabi/lib/thumb/v7-m/nofp\libc_nano.a(lib_a-init.o)
                0x0000000008003b38                __libc_init_array
 .text.memset   0x0000000008003b80       0x10 d:/program1/stm32cube/stm32cubeide_1.7.0/stm32cubeide/plugins/com.st.stm32cube.ide.mcu.externaltools.gnu-tools-for-stm32.10.3-2021.10.win32_1.0.0.202111181127/tools/bin/../lib/gcc/arm-none-eabi/10.3.1/../../../../arm-none-eabi/lib/thumb/v7-m/nofp\libc_nano.a(lib_a-memset.o)
                0x0000000008003b80                memset
 .text.printf   0x0000000008003b90       0x30 d:/program1/stm32cube/stm32cubeide_1.7.0/stm32cubeide/plugins/com.st.stm32cube.ide.mcu.externaltools.gnu-tools-for-stm32.10.3-2021.10.win32_1.0.0.202111181127/tools/bin/../lib/gcc/arm-none-eabi/10.3.1/../../../../arm-none-eabi/lib/thumb/v7-m/nofp\libc_nano.a(lib_a-printf.o)
                0x0000000008003b90                iprintf
                0x0000000008003b90                printf
 .text._puts_r  0x0000000008003bc0       0xdc d:/program1/stm32cube/stm32cubeide_1.7.0/stm32cubeide/plugins/com.st.stm32cube.ide.mcu.externaltools.gnu-tools-for-stm32.10.3-2021.10.win32_1.0.0.202111181127/tools/bin/../lib/gcc/arm-none-eabi/10.3.1/../../../../arm-none-eabi/lib/thumb/v7-m/nofp\libc_nano.a(lib_a-puts.o)
                0x0000000008003bc0                _puts_r
 .text.puts     0x0000000008003c9c       0x10 d:/program1/stm32cube/stm32cubeide_1.7.0/stm32cubeide/plugins/com.st.stm32cube.ide.mcu.externaltools.gnu-tools-for-stm32.10.3-2021.10.win32_1.0.0.202111181127/tools/bin/../lib/gcc/arm-none-eabi/10.3.1/../../../../arm-none-eabi/lib/thumb/v7-m/nofp\libc_nano.a(lib_a-puts.o)
                0x0000000008003c9c                puts
 .text.__swbuf_r
                0x0000000008003cac       0xa4 d:/program1/stm32cube/stm32cubeide_1.7.0/stm32cubeide/plugins/com.st.stm32cube.ide.mcu.externaltools.gnu-tools-for-stm32.10.3-2021.10.win32_1.0.0.202111181127/tools/bin/../lib/gcc/arm-none-eabi/10.3.1/../../../../arm-none-eabi/lib/thumb/v7-m/nofp\libc_nano.a(lib_a-wbuf.o)
                0x0000000008003cac                __swbuf_r
 .text.__swsetup_r
                0x0000000008003d50       0xdc d:/program1/stm32cube/stm32cubeide_1.7.0/stm32cubeide/plugins/com.st.stm32cube.ide.mcu.externaltools.gnu-tools-for-stm32.10.3-2021.10.win32_1.0.0.202111181127/tools/bin/../lib/gcc/arm-none-eabi/10.3.1/../../../../arm-none-eabi/lib/thumb/v7-m/nofp\libc_nano.a(lib_a-wsetup.o)
                0x0000000008003d50                __swsetup_r
 .text.__sflush_r
                0x0000000008003e2c      0x104 d:/program1/stm32cube/stm32cubeide_1.7.0/stm32cubeide/plugins/com.st.stm32cube.ide.mcu.externaltools.gnu-tools-for-stm32.10.3-2021.10.win32_1.0.0.202111181127/tools/bin/../lib/gcc/arm-none-eabi/10.3.1/../../../../arm-none-eabi/lib/thumb/v7-m/nofp\libc_nano.a(lib_a-fflush.o)
                0x0000000008003e2c                __sflush_r
 .text._fflush_r
                0x0000000008003f30       0x78 d:/program1/stm32cube/stm32cubeide_1.7.0/stm32cubeide/plugins/com.st.stm32cube.ide.mcu.externaltools.gnu-tools-for-stm32.10.3-2021.10.win32_1.0.0.202111181127/tools/bin/../lib/gcc/arm-none-eabi/10.3.1/../../../../arm-none-eabi/lib/thumb/v7-m/nofp\libc_nano.a(lib_a-fflush.o)
                0x0000000008003f30                _fflush_r
 .text.std      0x0000000008003fa8       0x48 d:/program1/stm32cube/stm32cubeide_1.7.0/stm32cubeide/plugins/com.st.stm32cube.ide.mcu.externaltools.gnu-tools-for-stm32.10.3-2021.10.win32_1.0.0.202111181127/tools/bin/../lib/gcc/arm-none-eabi/10.3.1/../../../../arm-none-eabi/lib/thumb/v7-m/nofp\libc_nano.a(lib_a-findfp.o)
 .text._cleanup_r
                0x0000000008003ff0        0xc d:/program1/stm32cube/stm32cubeide_1.7.0/stm32cubeide/plugins/com.st.stm32cube.ide.mcu.externaltools.gnu-tools-for-stm32.10.3-2021.10.win32_1.0.0.202111181127/tools/bin/../lib/gcc/arm-none-eabi/10.3.1/../../../../arm-none-eabi/lib/thumb/v7-m/nofp\libc_nano.a(lib_a-findfp.o)
                0x0000000008003ff0                _cleanup_r
 .text.__sfmoreglue
                0x0000000008003ffc       0x2c d:/program1/stm32cube/stm32cubeide_1.7.0/stm32cubeide/plugins/com.st.stm32cube.ide.mcu.externaltools.gnu-tools-for-stm32.10.3-2021.10.win32_1.0.0.202111181127/tools/bin/../lib/gcc/arm-none-eabi/10.3.1/../../../../arm-none-eabi/lib/thumb/v7-m/nofp\libc_nano.a(lib_a-findfp.o)
                0x0000000008003ffc                __sfmoreglue
 .text.__sfp_lock_acquire
                0x0000000008004028        0xc d:/program1/stm32cube/stm32cubeide_1.7.0/stm32cubeide/plugins/com.st.stm32cube.ide.mcu.externaltools.gnu-tools-for-stm32.10.3-2021.10.win32_1.0.0.202111181127/tools/bin/../lib/gcc/arm-none-eabi/10.3.1/../../../../arm-none-eabi/lib/thumb/v7-m/nofp\libc_nano.a(lib_a-findfp.o)
                0x0000000008004028                __sfp_lock_acquire
 .text.__sfp_lock_release
                0x0000000008004034        0xc d:/program1/stm32cube/stm32cubeide_1.7.0/stm32cubeide/plugins/com.st.stm32cube.ide.mcu.externaltools.gnu-tools-for-stm32.10.3-2021.10.win32_1.0.0.202111181127/tools/bin/../lib/gcc/arm-none-eabi/10.3.1/../../../../arm-none-eabi/lib/thumb/v7-m/nofp\libc_nano.a(lib_a-findfp.o)
                0x0000000008004034                __sfp_lock_release
 .text.__sinit_lock_acquire
                0x0000000008004040        0xc d:/program1/stm32cube/stm32cubeide_1.7.0/stm32cubeide/plugins/com.st.stm32cube.ide.mcu.externaltools.gnu-tools-for-stm32.10.3-2021.10.win32_1.0.0.202111181127/tools/bin/../lib/gcc/arm-none-eabi/10.3.1/../../../../arm-none-eabi/lib/thumb/v7-m/nofp\libc_nano.a(lib_a-findfp.o)
                0x0000000008004040                __sinit_lock_acquire
 .text.__sinit_lock_release
                0x000000000800404c        0xc d:/program1/stm32cube/stm32cubeide_1.7.0/stm32cubeide/plugins/com.st.stm32cube.ide.mcu.externaltools.gnu-tools-for-stm32.10.3-2021.10.win32_1.0.0.202111181127/tools/bin/../lib/gcc/arm-none-eabi/10.3.1/../../../../arm-none-eabi/lib/thumb/v7-m/nofp\libc_nano.a(lib_a-findfp.o)
                0x000000000800404c                __sinit_lock_release
 .text.__sinit  0x0000000008004058       0x70 d:/program1/stm32cube/stm32cubeide_1.7.0/stm32cubeide/plugins/com.st.stm32cube.ide.mcu.externaltools.gnu-tools-for-stm32.10.3-2021.10.win32_1.0.0.202111181127/tools/bin/../lib/gcc/arm-none-eabi/10.3.1/../../../../arm-none-eabi/lib/thumb/v7-m/nofp\libc_nano.a(lib_a-findfp.o)
                0x0000000008004058                __sinit
 .text.__sfp    0x00000000080040c8       0x8c d:/program1/stm32cube/stm32cubeide_1.7.0/stm32cubeide/plugins/com.st.stm32cube.ide.mcu.externaltools.gnu-tools-for-stm32.10.3-2021.10.win32_1.0.0.202111181127/tools/bin/../lib/gcc/arm-none-eabi/10.3.1/../../../../arm-none-eabi/lib/thumb/v7-m/nofp\libc_nano.a(lib_a-findfp.o)
                0x00000000080040c8                __sfp
 .text._fwalk_reent
                0x0000000008004154       0x3e d:/program1/stm32cube/stm32cubeide_1.7.0/stm32cubeide/plugins/com.st.stm32cube.ide.mcu.externaltools.gnu-tools-for-stm32.10.3-2021.10.win32_1.0.0.202111181127/tools/bin/../lib/gcc/arm-none-eabi/10.3.1/../../../../arm-none-eabi/lib/thumb/v7-m/nofp\libc_nano.a(lib_a-fwalk.o)
                0x0000000008004154                _fwalk_reent
 .text.__retarget_lock_init_recursive
                0x0000000008004192        0x2 d:/program1/stm32cube/stm32cubeide_1.7.0/stm32cubeide/plugins/com.st.stm32cube.ide.mcu.externaltools.gnu-tools-for-stm32.10.3-2021.10.win32_1.0.0.202111181127/tools/bin/../lib/gcc/arm-none-eabi/10.3.1/../../../../arm-none-eabi/lib/thumb/v7-m/nofp\libc_nano.a(lib_a-lock.o)
                0x0000000008004192                __retarget_lock_init_recursive
 .text.__retarget_lock_acquire_recursive
                0x0000000008004194        0x2 d:/program1/stm32cube/stm32cubeide_1.7.0/stm32cubeide/plugins/com.st.stm32cube.ide.mcu.externaltools.gnu-tools-for-stm32.10.3-2021.10.win32_1.0.0.202111181127/tools/bin/../lib/gcc/arm-none-eabi/10.3.1/../../../../arm-none-eabi/lib/thumb/v7-m/nofp\libc_nano.a(lib_a-lock.o)
                0x0000000008004194                __retarget_lock_acquire_recursive
 .text.__retarget_lock_release_recursive
                0x0000000008004196        0x2 d:/program1/stm32cube/stm32cubeide_1.7.0/stm32cubeide/plugins/com.st.stm32cube.ide.mcu.externaltools.gnu-tools-for-stm32.10.3-2021.10.win32_1.0.0.202111181127/tools/bin/../lib/gcc/arm-none-eabi/10.3.1/../../../../arm-none-eabi/lib/thumb/v7-m/nofp\libc_nano.a(lib_a-lock.o)
                0x0000000008004196                __retarget_lock_release_recursive
 .text.__swhatbuf_r
                0x0000000008004198       0x4a d:/program1/stm32cube/stm32cubeide_1.7.0/stm32cubeide/plugins/com.st.stm32cube.ide.mcu.externaltools.gnu-tools-for-stm32.10.3-2021.10.win32_1.0.0.202111181127/tools/bin/../lib/gcc/arm-none-eabi/10.3.1/../../../../arm-none-eabi/lib/thumb/v7-m/nofp\libc_nano.a(lib_a-makebuf.o)
                0x0000000008004198                __swhatbuf_r
 *fill*         0x00000000080041e2        0x2 
 .text.__smakebuf_r
                0x00000000080041e4       0x80 d:/program1/stm32cube/stm32cubeide_1.7.0/stm32cubeide/plugins/com.st.stm32cube.ide.mcu.externaltools.gnu-tools-for-stm32.10.3-2021.10.win32_1.0.0.202111181127/tools/bin/../lib/gcc/arm-none-eabi/10.3.1/../../../../arm-none-eabi/lib/thumb/v7-m/nofp\libc_nano.a(lib_a-makebuf.o)
                0x00000000080041e4                __smakebuf_r
 .text._free_r  0x0000000008004264       0x90 d:/program1/stm32cube/stm32cubeide_1.7.0/stm32cubeide/plugins/com.st.stm32cube.ide.mcu.externaltools.gnu-tools-for-stm32.10.3-2021.10.win32_1.0.0.202111181127/tools/bin/../lib/gcc/arm-none-eabi/10.3.1/../../../../arm-none-eabi/lib/thumb/v7-m/nofp\libc_nano.a(lib_a-nano-freer.o)
                0x0000000008004264                _free_r
 .text.sbrk_aligned
                0x00000000080042f4       0x40 d:/program1/stm32cube/stm32cubeide_1.7.0/stm32cubeide/plugins/com.st.stm32cube.ide.mcu.externaltools.gnu-tools-for-stm32.10.3-2021.10.win32_1.0.0.202111181127/tools/bin/../lib/gcc/arm-none-eabi/10.3.1/../../../../arm-none-eabi/lib/thumb/v7-m/nofp\libc_nano.a(lib_a-nano-mallocr.o)
 .text._malloc_r
                0x0000000008004334       0xe8 d:/program1/stm32cube/stm32cubeide_1.7.0/stm32cubeide/plugins/com.st.stm32cube.ide.mcu.externaltools.gnu-tools-for-stm32.10.3-2021.10.win32_1.0.0.202111181127/tools/bin/../lib/gcc/arm-none-eabi/10.3.1/../../../../arm-none-eabi/lib/thumb/v7-m/nofp\libc_nano.a(lib_a-nano-mallocr.o)
                0x0000000008004334                _malloc_r
 .text.__sfputc_r
                0x000000000800441c       0x2a d:/program1/stm32cube/stm32cubeide_1.7.0/stm32cubeide/plugins/com.st.stm32cube.ide.mcu.externaltools.gnu-tools-for-stm32.10.3-2021.10.win32_1.0.0.202111181127/tools/bin/../lib/gcc/arm-none-eabi/10.3.1/../../../../arm-none-eabi/lib/thumb/v7-m/nofp\libc_nano.a(lib_a-nano-vfprintf.o)
 .text.__sfputs_r
                0x0000000008004446       0x24 d:/program1/stm32cube/stm32cubeide_1.7.0/stm32cubeide/plugins/com.st.stm32cube.ide.mcu.externaltools.gnu-tools-for-stm32.10.3-2021.10.win32_1.0.0.202111181127/tools/bin/../lib/gcc/arm-none-eabi/10.3.1/../../../../arm-none-eabi/lib/thumb/v7-m/nofp\libc_nano.a(lib_a-nano-vfprintf.o)
                0x0000000008004446                __sfputs_r
 *fill*         0x000000000800446a        0x2 
 .text._vfprintf_r
                0x000000000800446c      0x260 d:/program1/stm32cube/stm32cubeide_1.7.0/stm32cubeide/plugins/com.st.stm32cube.ide.mcu.externaltools.gnu-tools-for-stm32.10.3-2021.10.win32_1.0.0.202111181127/tools/bin/../lib/gcc/arm-none-eabi/10.3.1/../../../../arm-none-eabi/lib/thumb/v7-m/nofp\libc_nano.a(lib_a-nano-vfprintf.o)
                0x000000000800446c                _vfprintf_r
                0x000000000800446c                _vfiprintf_r
 .text._printf_common
                0x00000000080046cc       0xde d:/program1/stm32cube/stm32cubeide_1.7.0/stm32cubeide/plugins/com.st.stm32cube.ide.mcu.externaltools.gnu-tools-for-stm32.10.3-2021.10.win32_1.0.0.202111181127/tools/bin/../lib/gcc/arm-none-eabi/10.3.1/../../../../arm-none-eabi/lib/thumb/v7-m/nofp\libc_nano.a(lib_a-nano-vfprintf_i.o)
                0x00000000080046cc                _printf_common
 *fill*         0x00000000080047aa        0x2 
 .text._printf_i
                0x00000000080047ac      0x24c d:/program1/stm32cube/stm32cubeide_1.7.0/stm32cubeide/plugins/com.st.stm32cube.ide.mcu.externaltools.gnu-tools-for-stm32.10.3-2021.10.win32_1.0.0.202111181127/tools/bin/../lib/gcc/arm-none-eabi/10.3.1/../../../../arm-none-eabi/lib/thumb/v7-m/nofp\libc_nano.a(lib_a-nano-vfprintf_i.o)
                0x00000000080047ac                _printf_i
 .text._sbrk_r  0x00000000080049f8       0x20 d:/program1/stm32cube/stm32cubeide_1.7.0/stm32cubeide/plugins/com.st.stm32cube.ide.mcu.externaltools.gnu-tools-for-stm32.10.3-2021.10.win32_1.0.0.202111181127/tools/bin/../lib/gcc/arm-none-eabi/10.3.1/../../../../arm-none-eabi/lib/thumb/v7-m/nofp\libc_nano.a(lib_a-sbrkr.o)
                0x00000000080049f8                _sbrk_r
 .text.__sread  0x0000000008004a18       0x22 d:/program1/stm32cube/stm32cubeide_1.7.0/stm32cubeide/plugins/com.st.stm32cube.ide.mcu.externaltools.gnu-tools-for-stm32.10.3-2021.10.win32_1.0.0.202111181127/tools/bin/../lib/gcc/arm-none-eabi/10.3.1/../../../../arm-none-eabi/lib/thumb/v7-m/nofp\libc_nano.a(lib_a-stdio.o)
                0x0000000008004a18                __sread
 .text.__swrite
                0x0000000008004a3a       0x38 d:/program1/stm32cube/stm32cubeide_1.7.0/stm32cubeide/plugins/com.st.stm32cube.ide.mcu.externaltools.gnu-tools-for-stm32.10.3-2021.10.win32_1.0.0.202111181127/tools/bin/../lib/gcc/arm-none-eabi/10.3.1/../../../../arm-none-eabi/lib/thumb/v7-m/nofp\libc_nano.a(lib_a-stdio.o)
                0x0000000008004a3a                __swrite
 .text.__sseek  0x0000000008004a72       0x24 d:/program1/stm32cube/stm32cubeide_1.7.0/stm32cubeide/plugins/com.st.stm32cube.ide.mcu.externaltools.gnu-tools-for-stm32.10.3-2021.10.win32_1.0.0.202111181127/tools/bin/../lib/gcc/arm-none-eabi/10.3.1/../../../../arm-none-eabi/lib/thumb/v7-m/nofp\libc_nano.a(lib_a-stdio.o)
                0x0000000008004a72                __sseek
 .text.__sclose
                0x0000000008004a96        0x8 d:/program1/stm32cube/stm32cubeide_1.7.0/stm32cubeide/plugins/com.st.stm32cube.ide.mcu.externaltools.gnu-tools-for-stm32.10.3-2021.10.win32_1.0.0.202111181127/tools/bin/../lib/gcc/arm-none-eabi/10.3.1/../../../../arm-none-eabi/lib/thumb/v7-m/nofp\libc_nano.a(lib_a-stdio.o)
                0x0000000008004a96                __sclose
 *fill*         0x0000000008004a9e        0x2 
 .text._write_r
                0x0000000008004aa0       0x24 d:/program1/stm32cube/stm32cubeide_1.7.0/stm32cubeide/plugins/com.st.stm32cube.ide.mcu.externaltools.gnu-tools-for-stm32.10.3-2021.10.win32_1.0.0.202111181127/tools/bin/../lib/gcc/arm-none-eabi/10.3.1/../../../../arm-none-eabi/lib/thumb/v7-m/nofp\libc_nano.a(lib_a-writer.o)
                0x0000000008004aa0                _write_r
 .text._close_r
                0x0000000008004ac4       0x20 d:/program1/stm32cube/stm32cubeide_1.7.0/stm32cubeide/plugins/com.st.stm32cube.ide.mcu.externaltools.gnu-tools-for-stm32.10.3-2021.10.win32_1.0.0.202111181127/tools/bin/../lib/gcc/arm-none-eabi/10.3.1/../../../../arm-none-eabi/lib/thumb/v7-m/nofp\libc_nano.a(lib_a-closer.o)
                0x0000000008004ac4                _close_r
 .text._fstat_r
                0x0000000008004ae4       0x24 d:/program1/stm32cube/stm32cubeide_1.7.0/stm32cubeide/plugins/com.st.stm32cube.ide.mcu.externaltools.gnu-tools-for-stm32.10.3-2021.10.win32_1.0.0.202111181127/tools/bin/../lib/gcc/arm-none-eabi/10.3.1/../../../../arm-none-eabi/lib/thumb/v7-m/nofp\libc_nano.a(lib_a-fstatr.o)
                0x0000000008004ae4                _fstat_r
 .text._isatty_r
                0x0000000008004b08       0x20 d:/program1/stm32cube/stm32cubeide_1.7.0/stm32cubeide/plugins/com.st.stm32cube.ide.mcu.externaltools.gnu-tools-for-stm32.10.3-2021.10.win32_1.0.0.202111181127/tools/bin/../lib/gcc/arm-none-eabi/10.3.1/../../../../arm-none-eabi/lib/thumb/v7-m/nofp\libc_nano.a(lib_a-isattyr.o)
                0x0000000008004b08                _isatty_r
 .text._lseek_r
                0x0000000008004b28       0x24 d:/program1/stm32cube/stm32cubeide_1.7.0/stm32cubeide/plugins/com.st.stm32cube.ide.mcu.externaltools.gnu-tools-for-stm32.10.3-2021.10.win32_1.0.0.202111181127/tools/bin/../lib/gcc/arm-none-eabi/10.3.1/../../../../arm-none-eabi/lib/thumb/v7-m/nofp\libc_nano.a(lib_a-lseekr.o)
                0x0000000008004b28                _lseek_r
 .text.memchr   0x0000000008004b4c       0x1c d:/program1/stm32cube/stm32cubeide_1.7.0/stm32cubeide/plugins/com.st.stm32cube.ide.mcu.externaltools.gnu-tools-for-stm32.10.3-2021.10.win32_1.0.0.202111181127/tools/bin/../lib/gcc/arm-none-eabi/10.3.1/../../../../arm-none-eabi/lib/thumb/v7-m/nofp\libc_nano.a(lib_a-memchr-stub.o)
                0x0000000008004b4c                memchr
 .text.__malloc_lock
                0x0000000008004b68        0xc d:/program1/stm32cube/stm32cubeide_1.7.0/stm32cubeide/plugins/com.st.stm32cube.ide.mcu.externaltools.gnu-tools-for-stm32.10.3-2021.10.win32_1.0.0.202111181127/tools/bin/../lib/gcc/arm-none-eabi/10.3.1/../../../../arm-none-eabi/lib/thumb/v7-m/nofp\libc_nano.a(lib_a-mlock.o)
                0x0000000008004b68                __malloc_lock
 .text.__malloc_unlock
                0x0000000008004b74        0xc d:/program1/stm32cube/stm32cubeide_1.7.0/stm32cubeide/plugins/com.st.stm32cube.ide.mcu.externaltools.gnu-tools-for-stm32.10.3-2021.10.win32_1.0.0.202111181127/tools/bin/../lib/gcc/arm-none-eabi/10.3.1/../../../../arm-none-eabi/lib/thumb/v7-m/nofp\libc_nano.a(lib_a-mlock.o)
                0x0000000008004b74                __malloc_unlock
 .text._read_r  0x0000000008004b80       0x24 d:/program1/stm32cube/stm32cubeide_1.7.0/stm32cubeide/plugins/com.st.stm32cube.ide.mcu.externaltools.gnu-tools-for-stm32.10.3-2021.10.win32_1.0.0.202111181127/tools/bin/../lib/gcc/arm-none-eabi/10.3.1/../../../../arm-none-eabi/lib/thumb/v7-m/nofp\libc_nano.a(lib_a-readr.o)
                0x0000000008004b80                _read_r
 *(.glue_7)
 .glue_7        0x0000000008004ba4        0x0 linker stubs
 *(.glue_7t)
 .glue_7t       0x0000000008004ba4        0x0 linker stubs
 *(.eh_frame)
 .eh_frame      0x0000000008004ba4        0x0 d:/program1/stm32cube/stm32cubeide_1.7.0/stm32cubeide/plugins/com.st.stm32cube.ide.mcu.externaltools.gnu-tools-for-stm32.10.3-2021.10.win32_1.0.0.202111181127/tools/bin/../lib/gcc/arm-none-eabi/10.3.1/thumb/v7-m/nofp/crtbegin.o
 *(.init)
 .init          0x0000000008004ba4        0x4 d:/program1/stm32cube/stm32cubeide_1.7.0/stm32cubeide/plugins/com.st.stm32cube.ide.mcu.externaltools.gnu-tools-for-stm32.10.3-2021.10.win32_1.0.0.202111181127/tools/bin/../lib/gcc/arm-none-eabi/10.3.1/thumb/v7-m/nofp/crti.o
                0x0000000008004ba4                _init
 .init          0x0000000008004ba8        0x8 d:/program1/stm32cube/stm32cubeide_1.7.0/stm32cubeide/plugins/com.st.stm32cube.ide.mcu.externaltools.gnu-tools-for-stm32.10.3-2021.10.win32_1.0.0.202111181127/tools/bin/../lib/gcc/arm-none-eabi/10.3.1/thumb/v7-m/nofp/crtn.o
 *(.fini)
 .fini          0x0000000008004bb0        0x4 d:/program1/stm32cube/stm32cubeide_1.7.0/stm32cubeide/plugins/com.st.stm32cube.ide.mcu.externaltools.gnu-tools-for-stm32.10.3-2021.10.win32_1.0.0.202111181127/tools/bin/../lib/gcc/arm-none-eabi/10.3.1/thumb/v7-m/nofp/crti.o
                0x0000000008004bb0                _fini
 .fini          0x0000000008004bb4        0x8 d:/program1/stm32cube/stm32cubeide_1.7.0/stm32cubeide/plugins/com.st.stm32cube.ide.mcu.externaltools.gnu-tools-for-stm32.10.3-2021.10.win32_1.0.0.202111181127/tools/bin/../lib/gcc/arm-none-eabi/10.3.1/thumb/v7-m/nofp/crtn.o
                0x0000000008004bbc                . = ALIGN (0x4)
                0x0000000008004bbc                _etext = .

.vfp11_veneer   0x0000000008004bbc        0x0
 .vfp11_veneer  0x0000000008004bbc        0x0 linker stubs

.v4_bx          0x0000000008004bbc        0x0
 .v4_bx         0x0000000008004bbc        0x0 linker stubs

.iplt           0x0000000008004bbc        0x0
 .iplt          0x0000000008004bbc        0x0 d:/program1/stm32cube/stm32cubeide_1.7.0/stm32cubeide/plugins/com.st.stm32cube.ide.mcu.externaltools.gnu-tools-for-stm32.10.3-2021.10.win32_1.0.0.202111181127/tools/bin/../lib/gcc/arm-none-eabi/10.3.1/thumb/v7-m/nofp/crtbegin.o

.rodata         0x0000000008004bbc      0x134
                0x0000000008004bbc                . = ALIGN (0x4)
 *(.rodata)
 .rodata        0x0000000008004bbc        0x6 ./BSP/bsp.o
 *fill*         0x0000000008004bc2        0x2 
 .rodata        0x0000000008004bc4       0x6a ./BSP/bsp_can.o
 *fill*         0x0000000008004c2e        0x2 
 .rodata        0x0000000008004c30       0x10 ./Drivers/STM32F1xx_HAL_Driver/Src/stm32f1xx_hal_rcc.o
 *(.rodata*)
 .rodata.AHBPrescTable
                0x0000000008004c40       0x10 ./Core/Src/system_stm32f1xx.o
                0x0000000008004c40                AHBPrescTable
 .rodata.APBPrescTable
                0x0000000008004c50        0x8 ./Core/Src/system_stm32f1xx.o
                0x0000000008004c50                APBPrescTable
 .rodata._global_impure_ptr
                0x0000000008004c58        0x4 d:/program1/stm32cube/stm32cubeide_1.7.0/stm32cubeide/plugins/com.st.stm32cube.ide.mcu.externaltools.gnu-tools-for-stm32.10.3-2021.10.win32_1.0.0.202111181127/tools/bin/../lib/gcc/arm-none-eabi/10.3.1/../../../../arm-none-eabi/lib/thumb/v7-m/nofp\libc_nano.a(lib_a-impure.o)
                0x0000000008004c58                _global_impure_ptr
 .rodata.__sf_fake_stderr
                0x0000000008004c5c       0x20 d:/program1/stm32cube/stm32cubeide_1.7.0/stm32cubeide/plugins/com.st.stm32cube.ide.mcu.externaltools.gnu-tools-for-stm32.10.3-2021.10.win32_1.0.0.202111181127/tools/bin/../lib/gcc/arm-none-eabi/10.3.1/../../../../arm-none-eabi/lib/thumb/v7-m/nofp\libc_nano.a(lib_a-findfp.o)
                0x0000000008004c5c                __sf_fake_stderr
 .rodata.__sf_fake_stdin
                0x0000000008004c7c       0x20 d:/program1/stm32cube/stm32cubeide_1.7.0/stm32cubeide/plugins/com.st.stm32cube.ide.mcu.externaltools.gnu-tools-for-stm32.10.3-2021.10.win32_1.0.0.202111181127/tools/bin/../lib/gcc/arm-none-eabi/10.3.1/../../../../arm-none-eabi/lib/thumb/v7-m/nofp\libc_nano.a(lib_a-findfp.o)
                0x0000000008004c7c                __sf_fake_stdin
 .rodata.__sf_fake_stdout
                0x0000000008004c9c       0x20 d:/program1/stm32cube/stm32cubeide_1.7.0/stm32cubeide/plugins/com.st.stm32cube.ide.mcu.externaltools.gnu-tools-for-stm32.10.3-2021.10.win32_1.0.0.202111181127/tools/bin/../lib/gcc/arm-none-eabi/10.3.1/../../../../arm-none-eabi/lib/thumb/v7-m/nofp\libc_nano.a(lib_a-findfp.o)
                0x0000000008004c9c                __sf_fake_stdout
 .rodata._vfprintf_r.str1.1
                0x0000000008004cbc       0x11 d:/program1/stm32cube/stm32cubeide_1.7.0/stm32cubeide/plugins/com.st.stm32cube.ide.mcu.externaltools.gnu-tools-for-stm32.10.3-2021.10.win32_1.0.0.202111181127/tools/bin/../lib/gcc/arm-none-eabi/10.3.1/../../../../arm-none-eabi/lib/thumb/v7-m/nofp\libc_nano.a(lib_a-nano-vfprintf.o)
 .rodata._printf_i.str1.1
                0x0000000008004ccd       0x22 d:/program1/stm32cube/stm32cubeide_1.7.0/stm32cubeide/plugins/com.st.stm32cube.ide.mcu.externaltools.gnu-tools-for-stm32.10.3-2021.10.win32_1.0.0.202111181127/tools/bin/../lib/gcc/arm-none-eabi/10.3.1/../../../../arm-none-eabi/lib/thumb/v7-m/nofp\libc_nano.a(lib_a-nano-vfprintf_i.o)
                0x0000000008004cf0                . = ALIGN (0x4)
 *fill*         0x0000000008004cef        0x1 

.rel.dyn        0x0000000008004cf0        0x0
 .rel.iplt      0x0000000008004cf0        0x0 d:/program1/stm32cube/stm32cubeide_1.7.0/stm32cubeide/plugins/com.st.stm32cube.ide.mcu.externaltools.gnu-tools-for-stm32.10.3-2021.10.win32_1.0.0.202111181127/tools/bin/../lib/gcc/arm-none-eabi/10.3.1/thumb/v7-m/nofp/crtbegin.o

.ARM.extab      0x0000000008004cf0        0x0
                0x0000000008004cf0                . = ALIGN (0x4)
 *(.ARM.extab* .gnu.linkonce.armextab.*)
                0x0000000008004cf0                . = ALIGN (0x4)

.ARM            0x0000000008004cf0        0x0
                0x0000000008004cf0                . = ALIGN (0x4)
                0x0000000008004cf0                __exidx_start = .
 *(.ARM.exidx*)
                0x0000000008004cf0                __exidx_end = .
                0x0000000008004cf0                . = ALIGN (0x4)

.preinit_array  0x0000000008004cf0        0x0
                0x0000000008004cf0                . = ALIGN (0x4)
                0x0000000008004cf0                PROVIDE (__preinit_array_start = .)
 *(.preinit_array*)
                0x0000000008004cf0                PROVIDE (__preinit_array_end = .)
                0x0000000008004cf0                . = ALIGN (0x4)

.init_array     0x0000000008004cf0        0x4
                0x0000000008004cf0                . = ALIGN (0x4)
                0x0000000008004cf0                PROVIDE (__init_array_start = .)
 *(SORT_BY_NAME(.init_array.*))
 *(.init_array*)
 .init_array    0x0000000008004cf0        0x4 d:/program1/stm32cube/stm32cubeide_1.7.0/stm32cubeide/plugins/com.st.stm32cube.ide.mcu.externaltools.gnu-tools-for-stm32.10.3-2021.10.win32_1.0.0.202111181127/tools/bin/../lib/gcc/arm-none-eabi/10.3.1/thumb/v7-m/nofp/crtbegin.o
                0x0000000008004cf4                PROVIDE (__init_array_end = .)
                0x0000000008004cf4                . = ALIGN (0x4)

.fini_array     0x0000000008004cf4        0x4
                0x0000000008004cf4                . = ALIGN (0x4)
                [!provide]                        PROVIDE (__fini_array_start = .)
 *(SORT_BY_NAME(.fini_array.*))
 *(.fini_array*)
 .fini_array    0x0000000008004cf4        0x4 d:/program1/stm32cube/stm32cubeide_1.7.0/stm32cubeide/plugins/com.st.stm32cube.ide.mcu.externaltools.gnu-tools-for-stm32.10.3-2021.10.win32_1.0.0.202111181127/tools/bin/../lib/gcc/arm-none-eabi/10.3.1/thumb/v7-m/nofp/crtbegin.o
                [!provide]                        PROVIDE (__fini_array_end = .)
                0x0000000008004cf8                . = ALIGN (0x4)
                0x0000000008004cf8                _sidata = LOADADDR (.data)

.data           0x0000000020000000       0x70 load address 0x0000000008004cf8
                0x0000000020000000                . = ALIGN (0x4)
                0x0000000020000000                _sdata = .
 *(.data)
 *(.data*)
 .data.SystemCoreClock
                0x0000000020000000        0x4 ./Core/Src/system_stm32f1xx.o
                0x0000000020000000                SystemCoreClock
 .data.uwTickPrio
                0x0000000020000004        0x4 ./Drivers/STM32F1xx_HAL_Driver/Src/stm32f1xx_hal.o
                0x0000000020000004                uwTickPrio
 .data.uwTickFreq
                0x0000000020000008        0x1 ./Drivers/STM32F1xx_HAL_Driver/Src/stm32f1xx_hal.o
                0x0000000020000008                uwTickFreq
 *fill*         0x0000000020000009        0x3 
 .data._impure_ptr
                0x000000002000000c        0x4 d:/program1/stm32cube/stm32cubeide_1.7.0/stm32cubeide/plugins/com.st.stm32cube.ide.mcu.externaltools.gnu-tools-for-stm32.10.3-2021.10.win32_1.0.0.202111181127/tools/bin/../lib/gcc/arm-none-eabi/10.3.1/../../../../arm-none-eabi/lib/thumb/v7-m/nofp\libc_nano.a(lib_a-impure.o)
                0x000000002000000c                _impure_ptr
 .data.impure_data
                0x0000000020000010       0x60 d:/program1/stm32cube/stm32cubeide_1.7.0/stm32cubeide/plugins/com.st.stm32cube.ide.mcu.externaltools.gnu-tools-for-stm32.10.3-2021.10.win32_1.0.0.202111181127/tools/bin/../lib/gcc/arm-none-eabi/10.3.1/../../../../arm-none-eabi/lib/thumb/v7-m/nofp\libc_nano.a(lib_a-impure.o)
 *(.RamFunc)
 *(.RamFunc*)
                0x0000000020000070                . = ALIGN (0x4)
                0x0000000020000070                _edata = .

.igot.plt       0x0000000020000070        0x0 load address 0x0000000008004d68
 .igot.plt      0x0000000020000070        0x0 d:/program1/stm32cube/stm32cubeide_1.7.0/stm32cubeide/plugins/com.st.stm32cube.ide.mcu.externaltools.gnu-tools-for-stm32.10.3-2021.10.win32_1.0.0.202111181127/tools/bin/../lib/gcc/arm-none-eabi/10.3.1/thumb/v7-m/nofp/crtbegin.o
                0x0000000020000070                . = ALIGN (0x4)

.bss            0x0000000020000070      0x14c load address 0x0000000008004d68
                0x0000000020000070                _sbss = .
                0x0000000020000070                __bss_start__ = _sbss
 *(.bss)
 .bss           0x0000000020000070       0x1c d:/program1/stm32cube/stm32cubeide_1.7.0/stm32cubeide/plugins/com.st.stm32cube.ide.mcu.externaltools.gnu-tools-for-stm32.10.3-2021.10.win32_1.0.0.202111181127/tools/bin/../lib/gcc/arm-none-eabi/10.3.1/thumb/v7-m/nofp/crtbegin.o
 *(.bss*)
 .bss.led_count.0
                0x000000002000008c        0x1 ./BSP/bsp.o
 *fill*         0x000000002000008d        0x1 
 .bss.beep_on_time
                0x000000002000008e        0x2 ./BSP/bsp_beep.o
                0x000000002000008e                beep_on_time
 .bss.beep_state
                0x0000000020000090        0x1 ./BSP/bsp_beep.o
                0x0000000020000090                beep_state
 *fill*         0x0000000020000091        0x3 
 .bss.TxHeader  0x0000000020000094       0x18 ./BSP/bsp_can.o
                0x0000000020000094                TxHeader
 .bss.RxHeader  0x00000000200000ac       0x1c ./BSP/bsp_can.o
                0x00000000200000ac                RxHeader
 .bss.sFilterConfig
                0x00000000200000c8       0x28 ./BSP/bsp_can.o
                0x00000000200000c8                sFilterConfig
 .bss.key1_state.0
                0x00000000200000f0        0x2 ./BSP/bsp_key.o
 .bss.RxTemp    0x00000000200000f2        0x1 ./BSP/bsp_uart.o
                0x00000000200000f2                RxTemp
 *fill*         0x00000000200000f3        0x1 
 .bss.hcan      0x00000000200000f4       0x28 ./Core/Src/can.o
                0x00000000200000f4                hcan
 .bss.__sbrk_heap_end
                0x000000002000011c        0x4 ./Core/Src/sysmem.o
 .bss.huart1    0x0000000020000120       0x44 ./Core/Src/usart.o
                0x0000000020000120                huart1
 .bss.hdma_usart1_tx
                0x0000000020000164       0x44 ./Core/Src/usart.o
                0x0000000020000164                hdma_usart1_tx
 .bss.uwTick    0x00000000200001a8        0x4 ./Drivers/STM32F1xx_HAL_Driver/Src/stm32f1xx_hal.o
                0x00000000200001a8                uwTick
 .bss.__lock___malloc_recursive_mutex
                0x00000000200001ac        0x1 d:/program1/stm32cube/stm32cubeide_1.7.0/stm32cubeide/plugins/com.st.stm32cube.ide.mcu.externaltools.gnu-tools-for-stm32.10.3-2021.10.win32_1.0.0.202111181127/tools/bin/../lib/gcc/arm-none-eabi/10.3.1/../../../../arm-none-eabi/lib/thumb/v7-m/nofp\libc_nano.a(lib_a-lock.o)
                0x00000000200001ac                __lock___malloc_recursive_mutex
 .bss.__lock___sfp_recursive_mutex
                0x00000000200001ad        0x1 d:/program1/stm32cube/stm32cubeide_1.7.0/stm32cubeide/plugins/com.st.stm32cube.ide.mcu.externaltools.gnu-tools-for-stm32.10.3-2021.10.win32_1.0.0.202111181127/tools/bin/../lib/gcc/arm-none-eabi/10.3.1/../../../../arm-none-eabi/lib/thumb/v7-m/nofp\libc_nano.a(lib_a-lock.o)
                0x00000000200001ad                __lock___sfp_recursive_mutex
 .bss.__lock___sinit_recursive_mutex
                0x00000000200001ae        0x1 d:/program1/stm32cube/stm32cubeide_1.7.0/stm32cubeide/plugins/com.st.stm32cube.ide.mcu.externaltools.gnu-tools-for-stm32.10.3-2021.10.win32_1.0.0.202111181127/tools/bin/../lib/gcc/arm-none-eabi/10.3.1/../../../../arm-none-eabi/lib/thumb/v7-m/nofp\libc_nano.a(lib_a-lock.o)
                0x00000000200001ae                __lock___sinit_recursive_mutex
 *fill*         0x00000000200001af        0x1 
 .bss.__malloc_free_list
                0x00000000200001b0        0x4 d:/program1/stm32cube/stm32cubeide_1.7.0/stm32cubeide/plugins/com.st.stm32cube.ide.mcu.externaltools.gnu-tools-for-stm32.10.3-2021.10.win32_1.0.0.202111181127/tools/bin/../lib/gcc/arm-none-eabi/10.3.1/../../../../arm-none-eabi/lib/thumb/v7-m/nofp\libc_nano.a(lib_a-nano-mallocr.o)
                0x00000000200001b0                __malloc_free_list
 .bss.__malloc_sbrk_start
                0x00000000200001b4        0x4 d:/program1/stm32cube/stm32cubeide_1.7.0/stm32cubeide/plugins/com.st.stm32cube.ide.mcu.externaltools.gnu-tools-for-stm32.10.3-2021.10.win32_1.0.0.202111181127/tools/bin/../lib/gcc/arm-none-eabi/10.3.1/../../../../arm-none-eabi/lib/thumb/v7-m/nofp\libc_nano.a(lib_a-nano-mallocr.o)
                0x00000000200001b4                __malloc_sbrk_start
 .bss.errno     0x00000000200001b8        0x4 d:/program1/stm32cube/stm32cubeide_1.7.0/stm32cubeide/plugins/com.st.stm32cube.ide.mcu.externaltools.gnu-tools-for-stm32.10.3-2021.10.win32_1.0.0.202111181127/tools/bin/../lib/gcc/arm-none-eabi/10.3.1/../../../../arm-none-eabi/lib/thumb/v7-m/nofp\libc_nano.a(lib_a-reent.o)
                0x00000000200001b8                errno
 *(COMMON)
                0x00000000200001bc                . = ALIGN (0x4)
                0x00000000200001bc                _ebss = .
                0x00000000200001bc                __bss_end__ = _ebss

._user_heap_stack
                0x00000000200001bc      0x604 load address 0x0000000008004d68
                0x00000000200001c0                . = ALIGN (0x8)
 *fill*         0x00000000200001bc        0x4 
                [!provide]                        PROVIDE (end = .)
                0x00000000200001c0                PROVIDE (_end = .)
                0x00000000200003c0                . = (. + _Min_Heap_Size)
 *fill*         0x00000000200001c0      0x200 
                0x00000000200007c0                . = (. + _Min_Stack_Size)
 *fill*         0x00000000200003c0      0x400 
                0x00000000200007c0                . = ALIGN (0x8)

/DISCARD/
 libc.a(*)
 libm.a(*)
 libgcc.a(*)

.ARM.attributes
                0x0000000000000000       0x29
 *(.ARM.attributes)
 .ARM.attributes
                0x0000000000000000       0x1d d:/program1/stm32cube/stm32cubeide_1.7.0/stm32cubeide/plugins/com.st.stm32cube.ide.mcu.externaltools.gnu-tools-for-stm32.10.3-2021.10.win32_1.0.0.202111181127/tools/bin/../lib/gcc/arm-none-eabi/10.3.1/thumb/v7-m/nofp/crti.o
 .ARM.attributes
                0x000000000000001d       0x2d d:/program1/stm32cube/stm32cubeide_1.7.0/stm32cubeide/plugins/com.st.stm32cube.ide.mcu.externaltools.gnu-tools-for-stm32.10.3-2021.10.win32_1.0.0.202111181127/tools/bin/../lib/gcc/arm-none-eabi/10.3.1/thumb/v7-m/nofp/crtbegin.o
 .ARM.attributes
                0x000000000000004a       0x2d ./BSP/bsp.o
 .ARM.attributes
                0x0000000000000077       0x2d ./BSP/bsp_beep.o
 .ARM.attributes
                0x00000000000000a4       0x2d ./BSP/bsp_can.o
 .ARM.attributes
                0x00000000000000d1       0x2d ./BSP/bsp_key.o
 .ARM.attributes
                0x00000000000000fe       0x2d ./BSP/bsp_uart.o
 .ARM.attributes
                0x000000000000012b       0x2d ./Core/Src/can.o
 .ARM.attributes
                0x0000000000000158       0x2d ./Core/Src/dma.o
 .ARM.attributes
                0x0000000000000185       0x2d ./Core/Src/gpio.o
 .ARM.attributes
                0x00000000000001b2       0x2d ./Core/Src/main.o
 .ARM.attributes
                0x00000000000001df       0x2d ./Core/Src/stm32f1xx_hal_msp.o
 .ARM.attributes
                0x000000000000020c       0x2d ./Core/Src/stm32f1xx_it.o
 .ARM.attributes
                0x0000000000000239       0x2d ./Core/Src/syscalls.o
 .ARM.attributes
                0x0000000000000266       0x2d ./Core/Src/sysmem.o
 .ARM.attributes
                0x0000000000000293       0x2d ./Core/Src/system_stm32f1xx.o
 .ARM.attributes
                0x00000000000002c0       0x2d ./Core/Src/usart.o
 .ARM.attributes
                0x00000000000002ed       0x21 ./Core/Startup/startup_stm32f103rctx.o
 .ARM.attributes
                0x000000000000030e       0x2d ./Drivers/STM32F1xx_HAL_Driver/Src/stm32f1xx_hal.o
 .ARM.attributes
                0x000000000000033b       0x2d ./Drivers/STM32F1xx_HAL_Driver/Src/stm32f1xx_hal_can.o
 .ARM.attributes
                0x0000000000000368       0x2d ./Drivers/STM32F1xx_HAL_Driver/Src/stm32f1xx_hal_cortex.o
 .ARM.attributes
                0x0000000000000395       0x2d ./Drivers/STM32F1xx_HAL_Driver/Src/stm32f1xx_hal_dma.o
 .ARM.attributes
                0x00000000000003c2       0x2d ./Drivers/STM32F1xx_HAL_Driver/Src/stm32f1xx_hal_gpio.o
 .ARM.attributes
                0x00000000000003ef       0x2d ./Drivers/STM32F1xx_HAL_Driver/Src/stm32f1xx_hal_rcc.o
 .ARM.attributes
                0x000000000000041c       0x2d ./Drivers/STM32F1xx_HAL_Driver/Src/stm32f1xx_hal_uart.o
 .ARM.attributes
                0x0000000000000449       0x2d d:/program1/stm32cube/stm32cubeide_1.7.0/stm32cubeide/plugins/com.st.stm32cube.ide.mcu.externaltools.gnu-tools-for-stm32.10.3-2021.10.win32_1.0.0.202111181127/tools/bin/../lib/gcc/arm-none-eabi/10.3.1/../../../../arm-none-eabi/lib/thumb/v7-m/nofp\libc_nano.a(lib_a-errno.o)
 .ARM.attributes
                0x0000000000000476       0x2d d:/program1/stm32cube/stm32cubeide_1.7.0/stm32cubeide/plugins/com.st.stm32cube.ide.mcu.externaltools.gnu-tools-for-stm32.10.3-2021.10.win32_1.0.0.202111181127/tools/bin/../lib/gcc/arm-none-eabi/10.3.1/../../../../arm-none-eabi/lib/thumb/v7-m/nofp\libc_nano.a(lib_a-impure.o)
 .ARM.attributes
                0x00000000000004a3       0x2d d:/program1/stm32cube/stm32cubeide_1.7.0/stm32cubeide/plugins/com.st.stm32cube.ide.mcu.externaltools.gnu-tools-for-stm32.10.3-2021.10.win32_1.0.0.202111181127/tools/bin/../lib/gcc/arm-none-eabi/10.3.1/../../../../arm-none-eabi/lib/thumb/v7-m/nofp\libc_nano.a(lib_a-init.o)
 .ARM.attributes
                0x00000000000004d0       0x2d d:/program1/stm32cube/stm32cubeide_1.7.0/stm32cubeide/plugins/com.st.stm32cube.ide.mcu.externaltools.gnu-tools-for-stm32.10.3-2021.10.win32_1.0.0.202111181127/tools/bin/../lib/gcc/arm-none-eabi/10.3.1/../../../../arm-none-eabi/lib/thumb/v7-m/nofp\libc_nano.a(lib_a-memset.o)
 .ARM.attributes
                0x00000000000004fd       0x2d d:/program1/stm32cube/stm32cubeide_1.7.0/stm32cubeide/plugins/com.st.stm32cube.ide.mcu.externaltools.gnu-tools-for-stm32.10.3-2021.10.win32_1.0.0.202111181127/tools/bin/../lib/gcc/arm-none-eabi/10.3.1/../../../../arm-none-eabi/lib/thumb/v7-m/nofp\libc_nano.a(lib_a-printf.o)
 .ARM.attributes
                0x000000000000052a       0x2d d:/program1/stm32cube/stm32cubeide_1.7.0/stm32cubeide/plugins/com.st.stm32cube.ide.mcu.externaltools.gnu-tools-for-stm32.10.3-2021.10.win32_1.0.0.202111181127/tools/bin/../lib/gcc/arm-none-eabi/10.3.1/../../../../arm-none-eabi/lib/thumb/v7-m/nofp\libc_nano.a(lib_a-puts.o)
 .ARM.attributes
                0x0000000000000557       0x2d d:/program1/stm32cube/stm32cubeide_1.7.0/stm32cubeide/plugins/com.st.stm32cube.ide.mcu.externaltools.gnu-tools-for-stm32.10.3-2021.10.win32_1.0.0.202111181127/tools/bin/../lib/gcc/arm-none-eabi/10.3.1/../../../../arm-none-eabi/lib/thumb/v7-m/nofp\libc_nano.a(lib_a-wbuf.o)
 .ARM.attributes
                0x0000000000000584       0x2d d:/program1/stm32cube/stm32cubeide_1.7.0/stm32cubeide/plugins/com.st.stm32cube.ide.mcu.externaltools.gnu-tools-for-stm32.10.3-2021.10.win32_1.0.0.202111181127/tools/bin/../lib/gcc/arm-none-eabi/10.3.1/../../../../arm-none-eabi/lib/thumb/v7-m/nofp\libc_nano.a(lib_a-wsetup.o)
 .ARM.attributes
                0x00000000000005b1       0x2d d:/program1/stm32cube/stm32cubeide_1.7.0/stm32cubeide/plugins/com.st.stm32cube.ide.mcu.externaltools.gnu-tools-for-stm32.10.3-2021.10.win32_1.0.0.202111181127/tools/bin/../lib/gcc/arm-none-eabi/10.3.1/../../../../arm-none-eabi/lib/thumb/v7-m/nofp\libc_nano.a(lib_a-fflush.o)
 .ARM.attributes
                0x00000000000005de       0x2d d:/program1/stm32cube/stm32cubeide_1.7.0/stm32cubeide/plugins/com.st.stm32cube.ide.mcu.externaltools.gnu-tools-for-stm32.10.3-2021.10.win32_1.0.0.202111181127/tools/bin/../lib/gcc/arm-none-eabi/10.3.1/../../../../arm-none-eabi/lib/thumb/v7-m/nofp\libc_nano.a(lib_a-findfp.o)
 .ARM.attributes
                0x000000000000060b       0x2d d:/program1/stm32cube/stm32cubeide_1.7.0/stm32cubeide/plugins/com.st.stm32cube.ide.mcu.externaltools.gnu-tools-for-stm32.10.3-2021.10.win32_1.0.0.202111181127/tools/bin/../lib/gcc/arm-none-eabi/10.3.1/../../../../arm-none-eabi/lib/thumb/v7-m/nofp\libc_nano.a(lib_a-fwalk.o)
 .ARM.attributes
                0x0000000000000638       0x2d d:/program1/stm32cube/stm32cubeide_1.7.0/stm32cubeide/plugins/com.st.stm32cube.ide.mcu.externaltools.gnu-tools-for-stm32.10.3-2021.10.win32_1.0.0.202111181127/tools/bin/../lib/gcc/arm-none-eabi/10.3.1/../../../../arm-none-eabi/lib/thumb/v7-m/nofp\libc_nano.a(lib_a-lock.o)
 .ARM.attributes
                0x0000000000000665       0x2d d:/program1/stm32cube/stm32cubeide_1.7.0/stm32cubeide/plugins/com.st.stm32cube.ide.mcu.externaltools.gnu-tools-for-stm32.10.3-2021.10.win32_1.0.0.202111181127/tools/bin/../lib/gcc/arm-none-eabi/10.3.1/../../../../arm-none-eabi/lib/thumb/v7-m/nofp\libc_nano.a(lib_a-makebuf.o)
 .ARM.attributes
                0x0000000000000692       0x2d d:/program1/stm32cube/stm32cubeide_1.7.0/stm32cubeide/plugins/com.st.stm32cube.ide.mcu.externaltools.gnu-tools-for-stm32.10.3-2021.10.win32_1.0.0.202111181127/tools/bin/../lib/gcc/arm-none-eabi/10.3.1/../../../../arm-none-eabi/lib/thumb/v7-m/nofp\libc_nano.a(lib_a-nano-freer.o)
 .ARM.attributes
                0x00000000000006bf       0x2d d:/program1/stm32cube/stm32cubeide_1.7.0/stm32cubeide/plugins/com.st.stm32cube.ide.mcu.externaltools.gnu-tools-for-stm32.10.3-2021.10.win32_1.0.0.202111181127/tools/bin/../lib/gcc/arm-none-eabi/10.3.1/../../../../arm-none-eabi/lib/thumb/v7-m/nofp\libc_nano.a(lib_a-nano-mallocr.o)
 .ARM.attributes
                0x00000000000006ec       0x2d d:/program1/stm32cube/stm32cubeide_1.7.0/stm32cubeide/plugins/com.st.stm32cube.ide.mcu.externaltools.gnu-tools-for-stm32.10.3-2021.10.win32_1.0.0.202111181127/tools/bin/../lib/gcc/arm-none-eabi/10.3.1/../../../../arm-none-eabi/lib/thumb/v7-m/nofp\libc_nano.a(lib_a-nano-vfprintf.o)
 .ARM.attributes
                0x0000000000000719       0x2d d:/program1/stm32cube/stm32cubeide_1.7.0/stm32cubeide/plugins/com.st.stm32cube.ide.mcu.externaltools.gnu-tools-for-stm32.10.3-2021.10.win32_1.0.0.202111181127/tools/bin/../lib/gcc/arm-none-eabi/10.3.1/../../../../arm-none-eabi/lib/thumb/v7-m/nofp\libc_nano.a(lib_a-nano-vfprintf_i.o)
 .ARM.attributes
                0x0000000000000746       0x2d d:/program1/stm32cube/stm32cubeide_1.7.0/stm32cubeide/plugins/com.st.stm32cube.ide.mcu.externaltools.gnu-tools-for-stm32.10.3-2021.10.win32_1.0.0.202111181127/tools/bin/../lib/gcc/arm-none-eabi/10.3.1/../../../../arm-none-eabi/lib/thumb/v7-m/nofp\libc_nano.a(lib_a-sbrkr.o)
 .ARM.attributes
                0x0000000000000773       0x2d d:/program1/stm32cube/stm32cubeide_1.7.0/stm32cubeide/plugins/com.st.stm32cube.ide.mcu.externaltools.gnu-tools-for-stm32.10.3-2021.10.win32_1.0.0.202111181127/tools/bin/../lib/gcc/arm-none-eabi/10.3.1/../../../../arm-none-eabi/lib/thumb/v7-m/nofp\libc_nano.a(lib_a-stdio.o)
 .ARM.attributes
                0x00000000000007a0       0x2d d:/program1/stm32cube/stm32cubeide_1.7.0/stm32cubeide/plugins/com.st.stm32cube.ide.mcu.externaltools.gnu-tools-for-stm32.10.3-2021.10.win32_1.0.0.202111181127/tools/bin/../lib/gcc/arm-none-eabi/10.3.1/../../../../arm-none-eabi/lib/thumb/v7-m/nofp\libc_nano.a(lib_a-writer.o)
 .ARM.attributes
                0x00000000000007cd       0x2d d:/program1/stm32cube/stm32cubeide_1.7.0/stm32cubeide/plugins/com.st.stm32cube.ide.mcu.externaltools.gnu-tools-for-stm32.10.3-2021.10.win32_1.0.0.202111181127/tools/bin/../lib/gcc/arm-none-eabi/10.3.1/../../../../arm-none-eabi/lib/thumb/v7-m/nofp\libc_nano.a(lib_a-closer.o)
 .ARM.attributes
                0x00000000000007fa       0x2d d:/program1/stm32cube/stm32cubeide_1.7.0/stm32cubeide/plugins/com.st.stm32cube.ide.mcu.externaltools.gnu-tools-for-stm32.10.3-2021.10.win32_1.0.0.202111181127/tools/bin/../lib/gcc/arm-none-eabi/10.3.1/../../../../arm-none-eabi/lib/thumb/v7-m/nofp\libc_nano.a(lib_a-fstatr.o)
 .ARM.attributes
                0x0000000000000827       0x2d d:/program1/stm32cube/stm32cubeide_1.7.0/stm32cubeide/plugins/com.st.stm32cube.ide.mcu.externaltools.gnu-tools-for-stm32.10.3-2021.10.win32_1.0.0.202111181127/tools/bin/../lib/gcc/arm-none-eabi/10.3.1/../../../../arm-none-eabi/lib/thumb/v7-m/nofp\libc_nano.a(lib_a-isattyr.o)
 .ARM.attributes
                0x0000000000000854       0x2d d:/program1/stm32cube/stm32cubeide_1.7.0/stm32cubeide/plugins/com.st.stm32cube.ide.mcu.externaltools.gnu-tools-for-stm32.10.3-2021.10.win32_1.0.0.202111181127/tools/bin/../lib/gcc/arm-none-eabi/10.3.1/../../../../arm-none-eabi/lib/thumb/v7-m/nofp\libc_nano.a(lib_a-lseekr.o)
 .ARM.attributes
                0x0000000000000881       0x2d d:/program1/stm32cube/stm32cubeide_1.7.0/stm32cubeide/plugins/com.st.stm32cube.ide.mcu.externaltools.gnu-tools-for-stm32.10.3-2021.10.win32_1.0.0.202111181127/tools/bin/../lib/gcc/arm-none-eabi/10.3.1/../../../../arm-none-eabi/lib/thumb/v7-m/nofp\libc_nano.a(lib_a-memchr-stub.o)
 .ARM.attributes
                0x00000000000008ae       0x2d d:/program1/stm32cube/stm32cubeide_1.7.0/stm32cubeide/plugins/com.st.stm32cube.ide.mcu.externaltools.gnu-tools-for-stm32.10.3-2021.10.win32_1.0.0.202111181127/tools/bin/../lib/gcc/arm-none-eabi/10.3.1/../../../../arm-none-eabi/lib/thumb/v7-m/nofp\libc_nano.a(lib_a-mlock.o)
 .ARM.attributes
                0x00000000000008db       0x2d d:/program1/stm32cube/stm32cubeide_1.7.0/stm32cubeide/plugins/com.st.stm32cube.ide.mcu.externaltools.gnu-tools-for-stm32.10.3-2021.10.win32_1.0.0.202111181127/tools/bin/../lib/gcc/arm-none-eabi/10.3.1/../../../../arm-none-eabi/lib/thumb/v7-m/nofp\libc_nano.a(lib_a-readr.o)
 .ARM.attributes
                0x0000000000000908       0x2d d:/program1/stm32cube/stm32cubeide_1.7.0/stm32cubeide/plugins/com.st.stm32cube.ide.mcu.externaltools.gnu-tools-for-stm32.10.3-2021.10.win32_1.0.0.202111181127/tools/bin/../lib/gcc/arm-none-eabi/10.3.1/../../../../arm-none-eabi/lib/thumb/v7-m/nofp\libc_nano.a(lib_a-reent.o)
 .ARM.attributes
                0x0000000000000935       0x1d d:/program1/stm32cube/stm32cubeide_1.7.0/stm32cubeide/plugins/com.st.stm32cube.ide.mcu.externaltools.gnu-tools-for-stm32.10.3-2021.10.win32_1.0.0.202111181127/tools/bin/../lib/gcc/arm-none-eabi/10.3.1/thumb/v7-m/nofp/crtn.o
OUTPUT(CAN.elf elf32-littlearm)
LOAD linker stubs
LOAD d:/program1/stm32cube/stm32cubeide_1.7.0/stm32cubeide/plugins/com.st.stm32cube.ide.mcu.externaltools.gnu-tools-for-stm32.10.3-2021.10.win32_1.0.0.202111181127/tools/bin/../lib/gcc/arm-none-eabi/10.3.1/../../../../arm-none-eabi/lib/thumb/v7-m/nofp\libc.a
LOAD d:/program1/stm32cube/stm32cubeide_1.7.0/stm32cubeide/plugins/com.st.stm32cube.ide.mcu.externaltools.gnu-tools-for-stm32.10.3-2021.10.win32_1.0.0.202111181127/tools/bin/../lib/gcc/arm-none-eabi/10.3.1/../../../../arm-none-eabi/lib/thumb/v7-m/nofp\libm.a
LOAD d:/program1/stm32cube/stm32cubeide_1.7.0/stm32cubeide/plugins/com.st.stm32cube.ide.mcu.externaltools.gnu-tools-for-stm32.10.3-2021.10.win32_1.0.0.202111181127/tools/bin/../lib/gcc/arm-none-eabi/10.3.1/thumb/v7-m/nofp\libgcc.a

.debug_info     0x0000000000000000     0x97f4
 .debug_info    0x0000000000000000      0x206 ./BSP/bsp.o
 .debug_info    0x0000000000000206      0x279 ./BSP/bsp_beep.o
 .debug_info    0x000000000000047f      0x817 ./BSP/bsp_can.o
 .debug_info    0x0000000000000c96      0x1df ./BSP/bsp_key.o
 .debug_info    0x0000000000000e75      0x6ad ./BSP/bsp_uart.o
 .debug_info    0x0000000000001522      0x9de ./Core/Src/can.o
 .debug_info    0x0000000000001f00      0x34c ./Core/Src/dma.o
 .debug_info    0x000000000000224c      0x30b ./Core/Src/gpio.o
 .debug_info    0x0000000000002557      0x2d5 ./Core/Src/main.o
 .debug_info    0x000000000000282c      0x210 ./Core/Src/stm32f1xx_hal_msp.o
 .debug_info    0x0000000000002a3c      0xa66 ./Core/Src/stm32f1xx_it.o
 .debug_info    0x00000000000034a2      0x6e0 ./Core/Src/syscalls.o
 .debug_info    0x0000000000003b82      0x171 ./Core/Src/sysmem.o
 .debug_info    0x0000000000003cf3      0x23d ./Core/Src/system_stm32f1xx.o
 .debug_info    0x0000000000003f30      0xa1e ./Core/Src/usart.o
 .debug_info    0x000000000000494e       0x22 ./Core/Startup/startup_stm32f103rctx.o
 .debug_info    0x0000000000004970      0x79a ./Drivers/STM32F1xx_HAL_Driver/Src/stm32f1xx_hal.o
 .debug_info    0x000000000000510a      0xfd8 ./Drivers/STM32F1xx_HAL_Driver/Src/stm32f1xx_hal_can.o
 .debug_info    0x00000000000060e2      0xb86 ./Drivers/STM32F1xx_HAL_Driver/Src/stm32f1xx_hal_cortex.o
 .debug_info    0x0000000000006c68      0x73f ./Drivers/STM32F1xx_HAL_Driver/Src/stm32f1xx_hal_dma.o
 .debug_info    0x00000000000073a7      0x615 ./Drivers/STM32F1xx_HAL_Driver/Src/stm32f1xx_hal_gpio.o
 .debug_info    0x00000000000079bc      0x860 ./Drivers/STM32F1xx_HAL_Driver/Src/stm32f1xx_hal_rcc.o
 .debug_info    0x000000000000821c     0x15d8 ./Drivers/STM32F1xx_HAL_Driver/Src/stm32f1xx_hal_uart.o

.debug_abbrev   0x0000000000000000     0x257a
 .debug_abbrev  0x0000000000000000      0x12c ./BSP/bsp.o
 .debug_abbrev  0x000000000000012c      0x173 ./BSP/bsp_beep.o
 .debug_abbrev  0x000000000000029f      0x220 ./BSP/bsp_can.o
 .debug_abbrev  0x00000000000004bf      0x120 ./BSP/bsp_key.o
 .debug_abbrev  0x00000000000005df      0x1a3 ./BSP/bsp_uart.o
 .debug_abbrev  0x0000000000000782      0x21f ./Core/Src/can.o
 .debug_abbrev  0x00000000000009a1       0xf8 ./Core/Src/dma.o
 .debug_abbrev  0x0000000000000a99      0x134 ./Core/Src/gpio.o
 .debug_abbrev  0x0000000000000bcd      0x16e ./Core/Src/main.o
 .debug_abbrev  0x0000000000000d3b       0xd4 ./Core/Src/stm32f1xx_hal_msp.o
 .debug_abbrev  0x0000000000000e0f      0x1b3 ./Core/Src/stm32f1xx_it.o
 .debug_abbrev  0x0000000000000fc2      0x1b3 ./Core/Src/syscalls.o
 .debug_abbrev  0x0000000000001175       0xbb ./Core/Src/sysmem.o
 .debug_abbrev  0x0000000000001230      0x13b ./Core/Src/system_stm32f1xx.o
 .debug_abbrev  0x000000000000136b      0x1ff ./Core/Src/usart.o
 .debug_abbrev  0x000000000000156a       0x12 ./Core/Startup/startup_stm32f103rctx.o
 .debug_abbrev  0x000000000000157c      0x1fb ./Drivers/STM32F1xx_HAL_Driver/Src/stm32f1xx_hal.o
 .debug_abbrev  0x0000000000001777      0x23d ./Drivers/STM32F1xx_HAL_Driver/Src/stm32f1xx_hal_can.o
 .debug_abbrev  0x00000000000019b4      0x2ed ./Drivers/STM32F1xx_HAL_Driver/Src/stm32f1xx_hal_cortex.o
 .debug_abbrev  0x0000000000001ca1      0x1fe ./Drivers/STM32F1xx_HAL_Driver/Src/stm32f1xx_hal_dma.o
 .debug_abbrev  0x0000000000001e9f      0x1bb ./Drivers/STM32F1xx_HAL_Driver/Src/stm32f1xx_hal_gpio.o
 .debug_abbrev  0x000000000000205a      0x2a8 ./Drivers/STM32F1xx_HAL_Driver/Src/stm32f1xx_hal_rcc.o
 .debug_abbrev  0x0000000000002302      0x278 ./Drivers/STM32F1xx_HAL_Driver/Src/stm32f1xx_hal_uart.o

.debug_aranges  0x0000000000000000      0xa10
 .debug_aranges
                0x0000000000000000       0x30 ./BSP/bsp.o
 .debug_aranges
                0x0000000000000030       0x48 ./BSP/bsp_beep.o
 .debug_aranges
                0x0000000000000078       0x30 ./BSP/bsp_can.o
 .debug_aranges
                0x00000000000000a8       0x28 ./BSP/bsp_key.o
 .debug_aranges
                0x00000000000000d0       0x40 ./BSP/bsp_uart.o
 .debug_aranges
                0x0000000000000110       0x30 ./Core/Src/can.o
 .debug_aranges
                0x0000000000000140       0x20 ./Core/Src/dma.o
 .debug_aranges
                0x0000000000000160       0x20 ./Core/Src/gpio.o
 .debug_aranges
                0x0000000000000180       0x30 ./Core/Src/main.o
 .debug_aranges
                0x00000000000001b0       0x20 ./Core/Src/stm32f1xx_hal_msp.o
 .debug_aranges
                0x00000000000001d0       0x78 ./Core/Src/stm32f1xx_it.o
 .debug_aranges
                0x0000000000000248       0xa8 ./Core/Src/syscalls.o
 .debug_aranges
                0x00000000000002f0       0x20 ./Core/Src/sysmem.o
 .debug_aranges
                0x0000000000000310       0x28 ./Core/Src/system_stm32f1xx.o
 .debug_aranges
                0x0000000000000338       0x30 ./Core/Src/usart.o
 .debug_aranges
                0x0000000000000368       0x28 ./Core/Startup/startup_stm32f103rctx.o
 .debug_aranges
                0x0000000000000390       0xe0 ./Drivers/STM32F1xx_HAL_Driver/Src/stm32f1xx_hal.o
 .debug_aranges
                0x0000000000000470      0x138 ./Drivers/STM32F1xx_HAL_Driver/Src/stm32f1xx_hal_can.o
 .debug_aranges
                0x00000000000005a8      0x100 ./Drivers/STM32F1xx_HAL_Driver/Src/stm32f1xx_hal_cortex.o
 .debug_aranges
                0x00000000000006a8       0x80 ./Drivers/STM32F1xx_HAL_Driver/Src/stm32f1xx_hal_dma.o
 .debug_aranges
                0x0000000000000728       0x58 ./Drivers/STM32F1xx_HAL_Driver/Src/stm32f1xx_hal_gpio.o
 .debug_aranges
                0x0000000000000780       0x90 ./Drivers/STM32F1xx_HAL_Driver/Src/stm32f1xx_hal_rcc.o
 .debug_aranges
                0x0000000000000810      0x200 ./Drivers/STM32F1xx_HAL_Driver/Src/stm32f1xx_hal_uart.o

.debug_ranges   0x0000000000000000      0x8f0
 .debug_ranges  0x0000000000000000       0x20 ./BSP/bsp.o
 .debug_ranges  0x0000000000000020       0x38 ./BSP/bsp_beep.o
 .debug_ranges  0x0000000000000058       0x38 ./BSP/bsp_can.o
 .debug_ranges  0x0000000000000090       0x18 ./BSP/bsp_key.o
 .debug_ranges  0x00000000000000a8       0x30 ./BSP/bsp_uart.o
 .debug_ranges  0x00000000000000d8       0x20 ./Core/Src/can.o
 .debug_ranges  0x00000000000000f8       0x10 ./Core/Src/dma.o
 .debug_ranges  0x0000000000000108       0x10 ./Core/Src/gpio.o
 .debug_ranges  0x0000000000000118       0x20 ./Core/Src/main.o
 .debug_ranges  0x0000000000000138       0x10 ./Core/Src/stm32f1xx_hal_msp.o
 .debug_ranges  0x0000000000000148       0x68 ./Core/Src/stm32f1xx_it.o
 .debug_ranges  0x00000000000001b0       0x98 ./Core/Src/syscalls.o
 .debug_ranges  0x0000000000000248       0x10 ./Core/Src/sysmem.o
 .debug_ranges  0x0000000000000258       0x18 ./Core/Src/system_stm32f1xx.o
 .debug_ranges  0x0000000000000270       0x20 ./Core/Src/usart.o
 .debug_ranges  0x0000000000000290       0x20 ./Core/Startup/startup_stm32f103rctx.o
 .debug_ranges  0x00000000000002b0       0xd0 ./Drivers/STM32F1xx_HAL_Driver/Src/stm32f1xx_hal.o
 .debug_ranges  0x0000000000000380      0x128 ./Drivers/STM32F1xx_HAL_Driver/Src/stm32f1xx_hal_can.o
 .debug_ranges  0x00000000000004a8       0xf0 ./Drivers/STM32F1xx_HAL_Driver/Src/stm32f1xx_hal_cortex.o
 .debug_ranges  0x0000000000000598       0x70 ./Drivers/STM32F1xx_HAL_Driver/Src/stm32f1xx_hal_dma.o
 .debug_ranges  0x0000000000000608       0x48 ./Drivers/STM32F1xx_HAL_Driver/Src/stm32f1xx_hal_gpio.o
 .debug_ranges  0x0000000000000650       0x80 ./Drivers/STM32F1xx_HAL_Driver/Src/stm32f1xx_hal_rcc.o
 .debug_ranges  0x00000000000006d0      0x220 ./Drivers/STM32F1xx_HAL_Driver/Src/stm32f1xx_hal_uart.o

.debug_macro    0x0000000000000000    0x1b6fb
 .debug_macro   0x0000000000000000      0x361 ./BSP/bsp.o
 .debug_macro   0x0000000000000361      0xa6c ./BSP/bsp.o
 .debug_macro   0x0000000000000dcd      0x221 ./BSP/bsp.o
 .debug_macro   0x0000000000000fee       0x2e ./BSP/bsp.o
 .debug_macro   0x000000000000101c       0x22 ./BSP/bsp.o
 .debug_macro   0x000000000000103e       0x22 ./BSP/bsp.o
 .debug_macro   0x0000000000001060       0x8e ./BSP/bsp.o
 .debug_macro   0x00000000000010ee       0x51 ./BSP/bsp.o
 .debug_macro   0x000000000000113f      0x103 ./BSP/bsp.o
 .debug_macro   0x0000000000001242       0x6a ./BSP/bsp.o
 .debug_macro   0x00000000000012ac      0x1df ./BSP/bsp.o
 .debug_macro   0x000000000000148b       0x1c ./BSP/bsp.o
 .debug_macro   0x00000000000014a7       0x22 ./BSP/bsp.o
 .debug_macro   0x00000000000014c9       0xbd ./BSP/bsp.o
 .debug_macro   0x0000000000001586      0xd23 ./BSP/bsp.o
 .debug_macro   0x00000000000022a9     0xfd8c ./BSP/bsp.o
 .debug_macro   0x0000000000012035       0x6d ./BSP/bsp.o
 .debug_macro   0x00000000000120a2     0x3468 ./BSP/bsp.o
 .debug_macro   0x000000000001550a      0x174 ./BSP/bsp.o
 .debug_macro   0x000000000001567e       0x5c ./BSP/bsp.o
 .debug_macro   0x00000000000156da      0x5be ./BSP/bsp.o
 .debug_macro   0x0000000000015c98      0x4d5 ./BSP/bsp.o
 .debug_macro   0x000000000001616d      0x1cb ./BSP/bsp.o
 .debug_macro   0x0000000000016338      0x114 ./BSP/bsp.o
 .debug_macro   0x000000000001644c      0x1ea ./BSP/bsp.o
 .debug_macro   0x0000000000016636       0x27 ./BSP/bsp.o
 .debug_macro   0x000000000001665d      0x144 ./BSP/bsp.o
 .debug_macro   0x00000000000167a1      0x1bc ./BSP/bsp.o
 .debug_macro   0x000000000001695d       0x30 ./BSP/bsp.o
 .debug_macro   0x000000000001698d       0x3c ./BSP/bsp.o
 .debug_macro   0x00000000000169c9      0x408 ./BSP/bsp.o
 .debug_macro   0x0000000000016dd1       0x57 ./BSP/bsp.o
 .debug_macro   0x0000000000016e28       0x88 ./BSP/bsp.o
 .debug_macro   0x0000000000016eb0      0x24f ./BSP/bsp.o
 .debug_macro   0x00000000000170ff      0x141 ./BSP/bsp.o
 .debug_macro   0x0000000000017240      0x279 ./BSP/bsp.o
 .debug_macro   0x00000000000174b9       0xb5 ./BSP/bsp.o
 .debug_macro   0x000000000001756e       0x28 ./BSP/bsp.o
 .debug_macro   0x0000000000017596       0x28 ./BSP/bsp.o
 .debug_macro   0x00000000000175be       0x22 ./BSP/bsp.o
 .debug_macro   0x00000000000175e0       0x52 ./BSP/bsp.o
 .debug_macro   0x0000000000017632       0x18 ./BSP/bsp.o
 .debug_macro   0x000000000001764a       0x3c ./BSP/bsp.o
 .debug_macro   0x0000000000017686       0x34 ./BSP/bsp.o
 .debug_macro   0x00000000000176ba       0x16 ./BSP/bsp.o
 .debug_macro   0x00000000000176d0       0x35 ./BSP/bsp.o
 .debug_macro   0x0000000000017705      0x341 ./BSP/bsp.o
 .debug_macro   0x0000000000017a46       0x10 ./BSP/bsp.o
 .debug_macro   0x0000000000017a56       0x16 ./BSP/bsp.o
 .debug_macro   0x0000000000017a6c       0x43 ./BSP/bsp.o
 .debug_macro   0x0000000000017aaf       0x34 ./BSP/bsp.o
 .debug_macro   0x0000000000017ae3       0x10 ./BSP/bsp.o
 .debug_macro   0x0000000000017af3       0x58 ./BSP/bsp.o
 .debug_macro   0x0000000000017b4b       0x71 ./BSP/bsp.o
 .debug_macro   0x0000000000017bbc       0x1c ./BSP/bsp.o
 .debug_macro   0x0000000000017bd8      0x12a ./BSP/bsp.o
 .debug_macro   0x0000000000017d02       0x10 ./BSP/bsp.o
 .debug_macro   0x0000000000017d12       0x1c ./BSP/bsp.o
 .debug_macro   0x0000000000017d2e       0x52 ./BSP/bsp.o
 .debug_macro   0x0000000000017d80       0x22 ./BSP/bsp.o
 .debug_macro   0x0000000000017da2       0x10 ./BSP/bsp.o
 .debug_macro   0x0000000000017db2       0x52 ./BSP/bsp.o
 .debug_macro   0x0000000000017e04       0xd5 ./BSP/bsp.o
 .debug_macro   0x0000000000017ed9       0x1c ./BSP/bsp.o
 .debug_macro   0x0000000000017ef5       0x3d ./BSP/bsp.o
 .debug_macro   0x0000000000017f32       0x16 ./BSP/bsp.o
 .debug_macro   0x0000000000017f48      0x145 ./BSP/bsp.o
 .debug_macro   0x000000000001808d       0x16 ./BSP/bsp.o
 .debug_macro   0x00000000000180a3      0x367 ./BSP/bsp_beep.o
 .debug_macro   0x000000000001840a       0x22 ./BSP/bsp_beep.o
 .debug_macro   0x000000000001842c      0x361 ./BSP/bsp_can.o
 .debug_macro   0x000000000001878d      0x367 ./BSP/bsp_key.o
 .debug_macro   0x0000000000018af4       0x1c ./BSP/bsp_key.o
 .debug_macro   0x0000000000018b10      0x36d ./BSP/bsp_uart.o
 .debug_macro   0x0000000000018e7d      0x1b1 ./Core/Src/can.o
 .debug_macro   0x000000000001902e      0x1b1 ./Core/Src/dma.o
 .debug_macro   0x00000000000191df      0x1b1 ./Core/Src/gpio.o
 .debug_macro   0x0000000000019390      0x36b ./Core/Src/main.o
 .debug_macro   0x00000000000196fb      0x1a7 ./Core/Src/stm32f1xx_hal_msp.o
 .debug_macro   0x00000000000198a2      0x1b1 ./Core/Src/stm32f1xx_it.o
 .debug_macro   0x0000000000019a53      0x24c ./Core/Src/syscalls.o
 .debug_macro   0x0000000000019c9f       0x4c ./Core/Src/syscalls.o
 .debug_macro   0x0000000000019ceb       0x94 ./Core/Src/syscalls.o
 .debug_macro   0x0000000000019d7f       0x57 ./Core/Src/syscalls.o
 .debug_macro   0x0000000000019dd6       0x10 ./Core/Src/syscalls.o
 .debug_macro   0x0000000000019de6       0x10 ./Core/Src/syscalls.o
 .debug_macro   0x0000000000019df6       0x10 ./Core/Src/syscalls.o
 .debug_macro   0x0000000000019e06       0x35 ./Core/Src/syscalls.o
 .debug_macro   0x0000000000019e3b      0x12c ./Core/Src/syscalls.o
 .debug_macro   0x0000000000019f67       0x16 ./Core/Src/syscalls.o
 .debug_macro   0x0000000000019f7d       0x16 ./Core/Src/syscalls.o
 .debug_macro   0x0000000000019f93       0x29 ./Core/Src/syscalls.o
 .debug_macro   0x0000000000019fbc       0x10 ./Core/Src/syscalls.o
 .debug_macro   0x0000000000019fcc      0x241 ./Core/Src/syscalls.o
 .debug_macro   0x000000000001a20d       0x1c ./Core/Src/syscalls.o
 .debug_macro   0x000000000001a229       0x10 ./Core/Src/syscalls.o
 .debug_macro   0x000000000001a239      0x189 ./Core/Src/syscalls.o
 .debug_macro   0x000000000001a3c2       0x16 ./Core/Src/syscalls.o
 .debug_macro   0x000000000001a3d8       0xce ./Core/Src/syscalls.o
 .debug_macro   0x000000000001a4a6       0xff ./Core/Src/sysmem.o
 .debug_macro   0x000000000001a5a5      0x23b ./Core/Src/sysmem.o
 .debug_macro   0x000000000001a7e0      0x198 ./Core/Src/system_stm32f1xx.o
 .debug_macro   0x000000000001a978      0x1b1 ./Core/Src/usart.o
 .debug_macro   0x000000000001ab29      0x1bc ./Drivers/STM32F1xx_HAL_Driver/Src/stm32f1xx_hal.o
 .debug_macro   0x000000000001ace5      0x1a0 ./Drivers/STM32F1xx_HAL_Driver/Src/stm32f1xx_hal_can.o
 .debug_macro   0x000000000001ae85      0x198 ./Drivers/STM32F1xx_HAL_Driver/Src/stm32f1xx_hal_cortex.o
 .debug_macro   0x000000000001b01d      0x198 ./Drivers/STM32F1xx_HAL_Driver/Src/stm32f1xx_hal_dma.o
 .debug_macro   0x000000000001b1b5      0x203 ./Drivers/STM32F1xx_HAL_Driver/Src/stm32f1xx_hal_gpio.o
 .debug_macro   0x000000000001b3b8      0x1aa ./Drivers/STM32F1xx_HAL_Driver/Src/stm32f1xx_hal_rcc.o
 .debug_macro   0x000000000001b562      0x199 ./Drivers/STM32F1xx_HAL_Driver/Src/stm32f1xx_hal_uart.o

.debug_line     0x0000000000000000     0xdf9d
 .debug_line    0x0000000000000000      0x910 ./BSP/bsp.o
 .debug_line    0x0000000000000910      0x978 ./BSP/bsp_beep.o
 .debug_line    0x0000000000001288      0x9ba ./BSP/bsp_can.o
 .debug_line    0x0000000000001c42      0x90a ./BSP/bsp_key.o
 .debug_line    0x000000000000254c      0x92f ./BSP/bsp_uart.o
 .debug_line    0x0000000000002e7b      0x70c ./Core/Src/can.o
 .debug_line    0x0000000000003587      0x68f ./Core/Src/dma.o
 .debug_line    0x0000000000003c16      0x6ad ./Core/Src/gpio.o
 .debug_line    0x00000000000042c3      0x95e ./Core/Src/main.o
 .debug_line    0x0000000000004c21      0x694 ./Core/Src/stm32f1xx_hal_msp.o
 .debug_line    0x00000000000052b5      0x79e ./Core/Src/stm32f1xx_it.o
 .debug_line    0x0000000000005a53      0x83f ./Core/Src/syscalls.o
 .debug_line    0x0000000000006292      0x535 ./Core/Src/sysmem.o
 .debug_line    0x00000000000067c7      0x712 ./Core/Src/system_stm32f1xx.o