../BSP/bsp_mpu9250.c:11:6:MPU_ADDR_CTRL	8	static
../BSP/bsp_mpu9250.c:18:9:MPU9250_Init	16	static
../BSP/bsp_mpu9250.c:80:9:MPU_Set_Gyro_Fsr	16	static
../BSP/bsp_mpu9250.c:89:9:MPU_Set_Accel_Fsr	16	static
../BSP/bsp_mpu9250.c:96:9:MPU_Set_LPF	24	static
../BSP/bsp_mpu9250.c:117:9:MPU_Set_Rate	24	static
../BSP/bsp_mpu9250.c:131:9:MPU_Get_Gyroscope	32	static
../BSP/bsp_mpu9250.c:146:9:MPU_Get_Accelerometer	32	static
../BSP/bsp_mpu9250.c:161:9:MPU_Get_Magnetometer	32	static
../BSP/bsp_mpu9250.c:181:6:MPU_Delay_ms	16	static
../BSP/bsp_mpu9250.c:188:9:MPU_Write_Len	24	static
../BSP/bsp_mpu9250.c:215:9:MPU_Read_Len	16	static
../BSP/bsp_mpu9250.c:244:9:MPU_Write_Byte	16	static
../BSP/bsp_mpu9250.c:267:9:MPU_Read_Byte	24	static
../BSP/bsp_mpu9250.c:284:6:MPU9250_Read_Data_Handle	8	static
