../Core/Src/tim.c:117:6:MX_TIM2_Init	56	static
../Core/Src/tim.c:161:6:MX_TIM3_Init	56	static
../Core/Src/tim.c:205:6:MX_TIM4_Init	56	static
../Core/Src/tim.c:249:6:MX_TIM5_Init	56	static
../Core/Src/tim.c:375:6:HAL_TIM_Base_MspInit	8	static
../Core/Src/tim.c:402:6:HAL_TIM_Encoder_MspInit	64	static
../Core/Src/tim.c:503:6:HAL_TIM_MspPostInit	40	static
../Core/Src/tim.c:35:6:MX_TIM1_Init	96	static
../Core/Src/tim.c:293:6:MX_TIM8_Init	96	static
../Core/Src/tim.c:561:6:HAL_TIM_Base_MspDeInit	0	static
../Core/Src/tim.c:588:6:HAL_TIM_Encoder_MspDeInit	8	static
